2026-08-17 10:05:46,059 INFO o.a.j.u.JMeterUtils: Setting Locale to en_EN
2026-08-17 10:05:46,079 INFO o.a.j.JMeter: Loading user properties from: D:\CODE\tools\apache-jmeter-5.6.3\bin\user.properties
2026-08-17 10:05:46,079 INFO o.a.j.JMeter: Loading system properties from: D:\CODE\tools\apache-jmeter-5.6.3\bin\system.properties
2026-08-17 10:05:46,079 INFO o.a.j.JMeter: Setting JMeter property: jmeter.save.saveservice.output_format=csv
2026-08-17 10:05:46,079 INFO o.a.j.JMeter: Setting JMeter property: jmeter.save.saveservice.print_field_names=true
2026-08-17 10:05:46,079 INFO o.a.j.JMeter: Setting JMeter property: jmeter.save.saveservice.assertion_results_failure_message=true
2026-08-17 10:05:46,079 INFO o.a.j.JMeter: Setting JMeter property: jmeter.save.saveservice.thread_counts=true
2026-08-17 10:05:46,079 INFO o.a.j.JMeter: Setting JMeter property: jmeter.save.saveservice.url=true
2026-08-17 10:05:46,079 INFO o.a.j.JMeter: Setting JMeter property: jmeter.save.saveservice.connect_time=true
2026-08-17 10:05:46,096 INFO o.a.j.JMeter: Copyright (c) 1998-2024 The Apache Software Foundation
2026-08-17 10:05:46,096 INFO o.a.j.JMeter: Version 5.6.3
2026-08-17 10:05:46,096 INFO o.a.j.JMeter: java.version=21.0.12
2026-08-17 10:05:46,096 INFO o.a.j.JMeter: java.vm.name=OpenJDK 64-Bit Server VM
2026-08-17 10:05:46,096 INFO o.a.j.JMeter: os.name=Windows 11
2026-08-17 10:05:46,096 INFO o.a.j.JMeter: os.arch=amd64
2026-08-17 10:05:46,096 INFO o.a.j.JMeter: os.version=10.0
2026-08-17 10:05:46,096 INFO o.a.j.JMeter: file.encoding=UTF-8
2026-08-17 10:05:46,096 INFO o.a.j.JMeter: java.awt.headless=true
2026-08-17 10:05:46,096 INFO o.a.j.JMeter: Max memory     =1073741824
2026-08-17 10:05:46,096 INFO o.a.j.JMeter: Available Processors =20
2026-08-17 10:05:46,106 INFO o.a.j.JMeter: Default Locale=English (EN)
2026-08-17 10:05:46,106 INFO o.a.j.JMeter: JMeter  Locale=English (EN)
2026-08-17 10:05:46,106 INFO o.a.j.JMeter: JMeterHome=D:\CODE\tools\apache-jmeter-5.6.3
2026-08-17 10:05:46,106 INFO o.a.j.JMeter: user.dir  =D:\CODE\23127272_CS13003_HW\HW05-AI
2026-08-17 10:05:46,106 INFO o.a.j.JMeter: PWD       =D:\CODE\23127272_CS13003_HW\HW05-AI
2026-08-17 10:05:46,346 INFO o.a.j.JMeter: IP: 10.126.9.141 Name: TRAN FullName: 10.126.9.141
2026-08-17 10:05:46,365 INFO o.a.j.JMeter: Setting property 'jmeter.reportgenerator.outputdir' to:'D:\CODE\23127272_CS13003_HW\HW05-AI\performance\results\23127272_Spike_20260817\23127272_Spike_20260817-report'
2026-08-17 10:05:46,365 INFO o.a.j.s.FileServer: Default base='D:\CODE\23127272_CS13003_HW\HW05-AI'
2026-08-17 10:05:46,365 INFO o.a.j.s.FileServer: Set new base='D:\CODE\23127272_CS13003_HW\HW05-AI\performance\plans'
2026-08-17 10:05:46,729 INFO o.a.j.s.SaveService: Testplan (JMX) version: 2.2. Testlog (JTL) version: 2.2
2026-08-17 10:05:46,761 INFO o.a.j.s.SaveService: Using SaveService properties version 5.0
2026-08-17 10:05:46,769 INFO o.a.j.s.SaveService: Using SaveService properties file encoding UTF-8
2026-08-17 10:05:46,776 INFO o.a.j.s.SaveService: Loading file: D:\CODE\23127272_CS13003_HW\HW05-AI\performance\plans\23127272_Spike_20260817.jmx
2026-08-17 10:05:46,845 INFO o.a.j.p.h.s.HTTPSamplerBase: Parser for text/html is org.apache.jmeter.protocol.http.parser.LagartoBasedHtmlParser
2026-08-17 10:05:46,845 INFO o.a.j.p.h.s.HTTPSamplerBase: Parser for application/xhtml+xml is org.apache.jmeter.protocol.http.parser.LagartoBasedHtmlParser
2026-08-17 10:05:46,845 INFO o.a.j.p.h.s.HTTPSamplerBase: Parser for application/xml is org.apache.jmeter.protocol.http.parser.LagartoBasedHtmlParser
2026-08-17 10:05:46,845 INFO o.a.j.p.h.s.HTTPSamplerBase: Parser for text/xml is org.apache.jmeter.protocol.http.parser.LagartoBasedHtmlParser
2026-08-17 10:05:46,845 INFO o.a.j.p.h.s.HTTPSamplerBase: Parser for text/vnd.wap.wml is org.apache.jmeter.protocol.http.parser.RegexpHTMLParser
2026-08-17 10:05:46,845 INFO o.a.j.p.h.s.HTTPSamplerBase: Parser for text/css is org.apache.jmeter.protocol.http.parser.CssParser
2026-08-17 10:05:46,933 INFO o.a.j.JMeter: Creating summariser <summary>
2026-08-17 10:05:46,938 INFO o.a.j.r.d.ReportGenerator: ReportGenerator will use for Parsing the separator: ','
2026-08-17 10:05:46,938 INFO o.a.j.r.d.ReportGenerator: Will generate report at end of test from  results file: D:\CODE\23127272_CS13003_HW\HW05-AI\performance\results\23127272_Spike_20260817\23127272_Spike_20260817.jtl
2026-08-17 10:05:46,938 INFO o.a.j.r.d.ReportGenerator: Reading report generator properties from: D:\CODE\tools\apache-jmeter-5.6.3\bin\reportgenerator.properties
2026-08-17 10:05:46,938 INFO o.a.j.r.d.ReportGenerator: Merging with JMeter properties
2026-08-17 10:05:46,941 INFO o.a.j.r.c.ReportGeneratorConfiguration: Property 'jmeter.reportgenerator.temp_dir' not found, using default value 'temp' instead.
2026-08-17 10:05:46,943 INFO o.a.j.r.c.ReportGeneratorConfiguration: Property 'jmeter.reportgenerator.apdex_per_transaction' not found, using default value 'null' instead.
2026-08-17 10:05:46,943 INFO o.a.j.r.c.ReportGeneratorConfiguration: apdex_per_transaction is empty, not APDEX per transaction customization
2026-08-17 10:05:46,943 INFO o.a.j.r.c.ReportGeneratorConfiguration: Property 'jmeter.reportgenerator.sample_filter' not found, using default value 'null' instead.
2026-08-17 10:05:46,943 INFO o.a.j.r.c.ReportGeneratorConfiguration: Property 'jmeter.reportgenerator.report_title' not found, using default value 'null' instead.
2026-08-17 10:05:46,943 INFO o.a.j.r.c.ReportGeneratorConfiguration: Property 'jmeter.reportgenerator.start_date' not found, using default value 'null' instead.
2026-08-17 10:05:46,943 INFO o.a.j.r.c.ReportGeneratorConfiguration: Property 'jmeter.reportgenerator.end_date' not found, using default value 'null' instead.
2026-08-17 10:05:46,943 INFO o.a.j.r.c.ReportGeneratorConfiguration: Property 'jmeter.reportgenerator.date_format' not found, using default value 'null' instead.
2026-08-17 10:05:46,943 INFO o.a.j.r.c.ReportGeneratorConfiguration: Will use date range start date: null, end date: null
2026-08-17 10:05:46,950 INFO o.a.j.r.c.ReportGeneratorConfiguration: Property 'jmeter.reportgenerator.graph.totalTPS.exclude_controllers' not found, using default value 'false' instead.
2026-08-17 10:05:46,950 INFO o.a.j.r.c.ReportGeneratorConfiguration: Property 'jmeter.reportgenerator.graph.activeThreadsOverTime.exclude_controllers' not found, using default value 'false' instead.
2026-08-17 10:05:46,950 INFO o.a.j.r.c.ReportGeneratorConfiguration: Property 'jmeter.reportgenerator.graph.timeVsThreads.exclude_controllers' not found, using default value 'false' instead.
2026-08-17 10:05:46,950 INFO o.a.j.r.c.ReportGeneratorConfiguration: Property 'jmeter.reportgenerator.graph.responseTimeDistribution.exclude_controllers' not found, using default value 'false' instead.
2026-08-17 10:05:46,950 INFO o.a.j.r.c.ReportGeneratorConfiguration: Property 'jmeter.reportgenerator.graph.transactionsPerSecond.exclude_controllers' not found, using default value 'false' instead.
2026-08-17 10:05:46,950 INFO o.a.j.r.c.ReportGeneratorConfiguration: Property 'jmeter.reportgenerator.graph.responseTimePercentiles.exclude_controllers' not found, using default value 'false' instead.
2026-08-17 10:05:46,950 INFO o.a.j.r.c.ReportGeneratorConfiguration: Property 'jmeter.reportgenerator.graph.responseTimePercentilesOverTime.exclude_controllers' not found, using default value 'false' instead.
2026-08-17 10:05:46,950 INFO o.a.j.r.c.ReportGeneratorConfiguration: Property 'jmeter.reportgenerator.graph.responseTimesOverTime.exclude_controllers' not found, using default value 'false' instead.
2026-08-17 10:05:46,951 INFO o.a.j.r.c.ReportGeneratorConfiguration: Property 'jmeter.reportgenerator.graph.connectTimeOverTime.exclude_controllers' not found, using default value 'false' instead.
2026-08-17 10:05:46,951 INFO o.a.j.r.c.ReportGeneratorConfiguration: Property 'jmeter.reportgenerator.graph.latenciesOverTime.exclude_controllers' not found, using default value 'false' instead.
2026-08-17 10:05:46,952 INFO o.a.j.r.c.ReportGeneratorConfiguration: Property 'jmeter.reportgenerator.exporter.json.filters_only_sample_series' not found, using default value 'true' instead.
2026-08-17 10:05:46,954 INFO o.a.j.r.c.ReportGeneratorConfiguration: Property 'jmeter.reportgenerator.exporter.json.series_filter' not found, using default value '' instead.
2026-08-17 10:05:46,954 INFO o.a.j.r.c.ReportGeneratorConfiguration: Property 'jmeter.reportgenerator.exporter.json.show_controllers_only' not found, using default value 'false' instead.
2026-08-17 10:05:46,954 INFO o.a.j.r.c.ReportGeneratorConfiguration: Property 'jmeter.reportgenerator.exporter.html.filters_only_sample_series' not found, using default value 'true' instead.
2026-08-17 10:05:46,954 INFO o.a.j.r.c.ReportGeneratorConfiguration: Property 'jmeter.reportgenerator.exporter.html.series_filter' not found, using default value '' instead.
2026-08-17 10:05:46,954 INFO o.a.j.r.c.ReportGeneratorConfiguration: Property 'jmeter.reportgenerator.exporter.html.show_controllers_only' not found, using default value 'false' instead.
2026-08-17 10:05:46,973 INFO o.a.j.e.StandardJMeterEngine: Running the test!
2026-08-17 10:05:46,975 INFO o.a.j.s.SampleEvent: List of sample_variables: []
2026-08-17 10:05:46,975 INFO o.a.j.s.SampleEvent: List of sample_variables: []
2026-08-17 10:05:46,992 INFO o.a.j.e.u.CompoundVariable: Note: Function class names must contain the string: '.functions.'
2026-08-17 10:05:46,992 INFO o.a.j.e.u.CompoundVariable: Note: Function class names must not contain the string: '.gui.'
2026-08-17 10:05:47,313 INFO o.a.j.JMeter: Running test (1786935947313)
2026-08-17 10:05:47,332 INFO o.a.j.e.StandardJMeterEngine: Starting ThreadGroup: 1 : Baseline and recovery - 15 VU
2026-08-17 10:05:47,332 INFO o.a.j.e.StandardJMeterEngine: Starting 15 threads for group Baseline and recovery - 15 VU.
2026-08-17 10:05:47,332 INFO o.a.j.e.StandardJMeterEngine: Thread will continue on error
2026-08-17 10:05:47,333 INFO o.a.j.t.ThreadGroup: Starting thread group... number=1 threads=15 ramp-up=20 delayedStart=false
2026-08-17 10:05:47,353 INFO o.a.j.t.ThreadGroup: Started thread group number 1
2026-08-17 10:05:47,353 INFO o.a.j.e.StandardJMeterEngine: Starting ThreadGroup: 2 : Sudden spike - add 120 VU
2026-08-17 10:05:47,353 INFO o.a.j.e.StandardJMeterEngine: Starting 120 threads for group Sudden spike - add 120 VU.
2026-08-17 10:05:47,353 INFO o.a.j.e.StandardJMeterEngine: Thread will continue on error
2026-08-17 10:05:47,353 INFO o.a.j.t.ThreadGroup: Starting thread group... number=2 threads=120 ramp-up=1 delayedStart=false
2026-08-17 10:05:47,379 INFO o.a.j.t.JMeterThread: Thread started: Baseline and recovery - 15 VU 1-1
2026-08-17 10:05:47,380 INFO o.a.j.s.FileServer: Stored: ../data/admin-orders.csv
2026-08-17 10:05:47,463 INFO o.a.j.t.ThreadGroup: Started thread group number 2
2026-08-17 10:05:47,463 INFO o.a.j.e.StandardJMeterEngine: All thread groups have been started
2026-08-17 10:05:47,564 INFO o.a.j.p.h.s.HTTPHCAbstractImpl: Local host = TRAN
2026-08-17 10:05:47,596 INFO o.a.j.p.h.s.HTTPHC4Impl: HTTP request retry count = 0
2026-08-17 10:05:47,596 INFO o.a.j.s.SampleResult: Note: Sample TimeStamps are START times
2026-08-17 10:05:47,596 INFO o.a.j.s.SampleResult: sampleresult.default.encoding is set to UTF-8
2026-08-17 10:05:47,596 INFO o.a.j.s.SampleResult: sampleresult.useNanoTime=true
2026-08-17 10:05:47,596 INFO o.a.j.s.SampleResult: sampleresult.nanoThreadSleep=5000
2026-08-17 10:05:48,711 INFO o.a.j.t.JMeterThread: Thread started: Baseline and recovery - 15 VU 1-2
2026-08-17 10:05:50,039 INFO o.a.j.t.JMeterThread: Thread started: Baseline and recovery - 15 VU 1-3
2026-08-17 10:05:51,375 INFO o.a.j.t.JMeterThread: Thread started: Baseline and recovery - 15 VU 1-4
2026-08-17 10:05:52,703 INFO o.a.j.t.JMeterThread: Thread started: Baseline and recovery - 15 VU 1-5
2026-08-17 10:05:54,035 INFO o.a.j.t.JMeterThread: Thread started: Baseline and recovery - 15 VU 1-6
2026-08-17 10:05:55,364 INFO o.a.j.t.JMeterThread: Thread started: Baseline and recovery - 15 VU 1-7
2026-08-17 10:05:56,700 INFO o.a.j.t.JMeterThread: Thread started: Baseline and recovery - 15 VU 1-8
2026-08-17 10:05:58,032 INFO o.a.j.t.JMeterThread: Thread started: Baseline and recovery - 15 VU 1-9
2026-08-17 10:05:59,367 INFO o.a.j.t.JMeterThread: Thread started: Baseline and recovery - 15 VU 1-10
2026-08-17 10:06:00,039 INFO o.a.j.r.Summariser: summary +    122 in 00:00:13 =    9.6/s Avg:    20 Min:     1 Max:    87 Err:     0 (0.00%) Active: 10 Started: 10 Finished: 0
2026-08-17 10:06:00,702 INFO o.a.j.t.JMeterThread: Thread started: Baseline and recovery - 15 VU 1-11
2026-08-17 10:06:02,029 INFO o.a.j.t.JMeterThread: Thread started: Baseline and recovery - 15 VU 1-12
2026-08-17 10:06:03,358 INFO o.a.j.t.JMeterThread: Thread started: Baseline and recovery - 15 VU 1-13
2026-08-17 10:06:04,691 INFO o.a.j.t.JMeterThread: Thread started: Baseline and recovery - 15 VU 1-14
2026-08-17 10:06:06,030 INFO o.a.j.t.JMeterThread: Thread started: Baseline and recovery - 15 VU 1-15
2026-08-17 10:06:30,186 INFO o.a.j.r.Summariser: summary +    835 in 00:00:30 =   27.7/s Avg:    24 Min:     1 Max:   181 Err:     0 (0.00%) Active: 15 Started: 15 Finished: 0
2026-08-17 10:06:30,187 INFO o.a.j.r.Summariser: summary =    957 in 00:00:43 =   22.3/s Avg:    23 Min:     1 Max:   181 Err:     0 (0.00%)
2026-08-17 10:07:00,021 INFO o.a.j.r.Summariser: summary +    867 in 00:00:30 =   29.1/s Avg:    23 Min:     0 Max:   134 Err:     0 (0.00%) Active: 15 Started: 15 Finished: 0
2026-08-17 10:07:00,021 INFO o.a.j.r.Summariser: summary =   1824 in 00:01:13 =   25.1/s Avg:    23 Min:     0 Max:   181 Err:     0 (0.00%)
2026-08-17 10:07:17,354 INFO o.a.j.t.JMeterThread: Thread started: Sudden spike - add 120 VU 2-1
2026-08-17 10:07:17,364 INFO o.a.j.t.JMeterThread: Thread started: Sudden spike - add 120 VU 2-2
2026-08-17 10:07:17,372 INFO o.a.j.t.JMeterThread: Thread started: Sudden spike - add 120 VU 2-3
2026-08-17 10:07:17,378 INFO o.a.j.t.JMeterThread: Thread started: Sudden spike - add 120 VU 2-4
2026-08-17 10:07:17,386 INFO o.a.j.t.JMeterThread: Thread started: Sudden spike - add 120 VU 2-5
2026-08-17 10:07:17,396 INFO o.a.j.t.JMeterThread: Thread started: Sudden spike - add 120 VU 2-6
2026-08-17 10:07:17,403 INFO o.a.j.t.JMeterThread: Thread started: Sudden spike - add 120 VU 2-7
2026-08-17 10:07:17,411 INFO o.a.j.t.JMeterThread: Thread started: Sudden spike - add 120 VU 2-8
2026-08-17 10:07:17,419 INFO o.a.j.t.JMeterThread: Thread started: Sudden spike - add 120 VU 2-9
2026-08-17 10:07:17,427 INFO o.a.j.t.JMeterThread: Thread started: Sudden spike - add 120 VU 2-10
2026-08-17 10:07:17,435 INFO o.a.j.t.JMeterThread: Thread started: Sudden spike - add 120 VU 2-11
2026-08-17 10:07:17,444 INFO o.a.j.t.JMeterThread: Thread started: Sudden spike - add 120 VU 2-12
2026-08-17 10:07:17,451 INFO o.a.j.t.JMeterThread: Thread started: Sudden spike - add 120 VU 2-13
2026-08-17 10:07:17,460 INFO o.a.j.t.JMeterThread: Thread started: Sudden spike - add 120 VU 2-14
2026-08-17 10:07:17,467 INFO o.a.j.t.JMeterThread: Thread started: Sudden spike - add 120 VU 2-15
2026-08-17 10:07:17,475 INFO o.a.j.t.JMeterThread: Thread started: Sudden spike - add 120 VU 2-16
2026-08-17 10:07:17,491 INFO o.a.j.t.JMeterThread: Thread started: Sudden spike - add 120 VU 2-17
2026-08-17 10:07:17,502 INFO o.a.j.t.JMeterThread: Thread started: Sudden spike - add 120 VU 2-18
2026-08-17 10:07:17,516 INFO o.a.j.t.JMeterThread: Thread started: Sudden spike - add 120 VU 2-19
2026-08-17 10:07:17,523 INFO o.a.j.t.JMeterThread: Thread started: Sudden spike - add 120 VU 2-21
2026-08-17 10:07:17,523 INFO o.a.j.t.JMeterThread: Thread started: Sudden spike - add 120 VU 2-20
2026-08-17 10:07:17,525 INFO o.a.j.t.JMeterThread: Thread started: Sudden spike - add 120 VU 2-22
2026-08-17 10:07:17,530 INFO o.a.j.t.JMeterThread: Thread started: Sudden spike - add 120 VU 2-23
2026-08-17 10:07:17,540 INFO o.a.j.t.JMeterThread: Thread started: Sudden spike - add 120 VU 2-24
2026-08-17 10:07:17,548 INFO o.a.j.t.JMeterThread: Thread started: Sudden spike - add 120 VU 2-25
2026-08-17 10:07:17,555 INFO o.a.j.t.JMeterThread: Thread started: Sudden spike - add 120 VU 2-26
2026-08-17 10:07:17,564 INFO o.a.j.t.JMeterThread: Thread started: Sudden spike - add 120 VU 2-27
2026-08-17 10:07:17,571 INFO o.a.j.t.JMeterThread: Thread started: Sudden spike - add 120 VU 2-28
2026-08-17 10:07:17,579 INFO o.a.j.t.JMeterThread: Thread started: Sudden spike - add 120 VU 2-29
2026-08-17 10:07:17,588 INFO o.a.j.t.JMeterThread: Thread started: Sudden spike - add 120 VU 2-30
2026-08-17 10:07:17,596 INFO o.a.j.t.JMeterThread: Thread started: Sudden spike - add 120 VU 2-31
2026-08-17 10:07:17,602 INFO o.a.j.t.JMeterThread: Thread started: Sudden spike - add 120 VU 2-32
2026-08-17 10:07:17,610 INFO o.a.j.t.JMeterThread: Thread started: Sudden spike - add 120 VU 2-33
2026-08-17 10:07:17,619 INFO o.a.j.t.JMeterThread: Thread started: Sudden spike - add 120 VU 2-34
2026-08-17 10:07:17,627 INFO o.a.j.t.JMeterThread: Thread started: Sudden spike - add 120 VU 2-35
2026-08-17 10:07:17,634 INFO o.a.j.t.JMeterThread: Thread started: Sudden spike - add 120 VU 2-36
2026-08-17 10:07:17,644 INFO o.a.j.t.JMeterThread: Thread started: Sudden spike - add 120 VU 2-37
2026-08-17 10:07:17,651 INFO o.a.j.t.JMeterThread: Thread started: Sudden spike - add 120 VU 2-38
2026-08-17 10:07:17,658 INFO o.a.j.t.JMeterThread: Thread started: Sudden spike - add 120 VU 2-39
2026-08-17 10:07:17,666 INFO o.a.j.t.JMeterThread: Thread started: Sudden spike - add 120 VU 2-40
2026-08-17 10:07:17,674 INFO o.a.j.t.JMeterThread: Thread started: Sudden spike - add 120 VU 2-41
2026-08-17 10:07:17,683 INFO o.a.j.t.JMeterThread: Thread started: Sudden spike - add 120 VU 2-42
2026-08-17 10:07:17,691 INFO o.a.j.t.JMeterThread: Thread started: Sudden spike - add 120 VU 2-43
2026-08-17 10:07:17,700 INFO o.a.j.t.JMeterThread: Thread started: Sudden spike - add 120 VU 2-44
2026-08-17 10:07:17,707 INFO o.a.j.t.JMeterThread: Thread started: Sudden spike - add 120 VU 2-45
2026-08-17 10:07:17,715 INFO o.a.j.t.JMeterThread: Thread started: Sudden spike - add 120 VU 2-46
2026-08-17 10:07:17,722 INFO o.a.j.t.JMeterThread: Thread started: Sudden spike - add 120 VU 2-47
2026-08-17 10:07:17,730 INFO o.a.j.t.JMeterThread: Thread started: Sudden spike - add 120 VU 2-48
2026-08-17 10:07:17,739 INFO o.a.j.t.JMeterThread: Thread started: Sudden spike - add 120 VU 2-49
2026-08-17 10:07:17,746 INFO o.a.j.t.JMeterThread: Thread started: Sudden spike - add 120 VU 2-50
2026-08-17 10:07:17,754 INFO o.a.j.t.JMeterThread: Thread started: Sudden spike - add 120 VU 2-51
2026-08-17 10:07:17,762 INFO o.a.j.t.JMeterThread: Thread started: Sudden spike - add 120 VU 2-52
2026-08-17 10:07:17,770 INFO o.a.j.t.JMeterThread: Thread started: Sudden spike - add 120 VU 2-53
2026-08-17 10:07:17,778 INFO o.a.j.t.JMeterThread: Thread started: Sudden spike - add 120 VU 2-54
2026-08-17 10:07:17,786 INFO o.a.j.t.JMeterThread: Thread started: Sudden spike - add 120 VU 2-55
2026-08-17 10:07:17,794 INFO o.a.j.t.JMeterThread: Thread started: Sudden spike - add 120 VU 2-56
2026-08-17 10:07:17,802 INFO o.a.j.t.JMeterThread: Thread started: Sudden spike - add 120 VU 2-57
2026-08-17 10:07:17,810 INFO o.a.j.t.JMeterThread: Thread started: Sudden spike - add 120 VU 2-58
2026-08-17 10:07:17,819 INFO o.a.j.t.JMeterThread: Thread started: Sudden spike - add 120 VU 2-59
2026-08-17 10:07:17,827 INFO o.a.j.t.JMeterThread: Thread started: Sudden spike - add 120 VU 2-60
2026-08-17 10:07:17,835 INFO o.a.j.t.JMeterThread: Thread started: Sudden spike - add 120 VU 2-61
2026-08-17 10:07:17,841 INFO o.a.j.t.JMeterThread: Thread started: Sudden spike - add 120 VU 2-62
2026-08-17 10:07:17,853 INFO o.a.j.t.JMeterThread: Thread started: Sudden spike - add 120 VU 2-63
2026-08-17 10:07:17,859 INFO o.a.j.t.JMeterThread: Thread started: Sudden spike - add 120 VU 2-64
2026-08-17 10:07:17,868 INFO o.a.j.t.JMeterThread: Thread started: Sudden spike - add 120 VU 2-65
2026-08-17 10:07:17,875 INFO o.a.j.t.JMeterThread: Thread started: Sudden spike - add 120 VU 2-66
2026-08-17 10:07:17,884 INFO o.a.j.t.JMeterThread: Thread started: Sudden spike - add 120 VU 2-67
2026-08-17 10:07:17,892 INFO o.a.j.t.JMeterThread: Thread started: Sudden spike - add 120 VU 2-68
2026-08-17 10:07:17,899 INFO o.a.j.t.JMeterThread: Thread started: Sudden spike - add 120 VU 2-69
2026-08-17 10:07:17,907 INFO o.a.j.t.JMeterThread: Thread started: Sudden spike - add 120 VU 2-70
2026-08-17 10:07:17,917 INFO o.a.j.t.JMeterThread: Thread started: Sudden spike - add 120 VU 2-71
2026-08-17 10:07:17,923 INFO o.a.j.t.JMeterThread: Thread started: Sudden spike - add 120 VU 2-72
2026-08-17 10:07:17,932 INFO o.a.j.t.JMeterThread: Thread started: Sudden spike - add 120 VU 2-73
2026-08-17 10:07:17,939 INFO o.a.j.t.JMeterThread: Thread started: Sudden spike - add 120 VU 2-74
2026-08-17 10:07:17,947 INFO o.a.j.t.JMeterThread: Thread started: Sudden spike - add 120 VU 2-75
2026-08-17 10:07:17,954 INFO o.a.j.t.JMeterThread: Thread started: Sudden spike - add 120 VU 2-76
2026-08-17 10:07:17,963 INFO o.a.j.t.JMeterThread: Thread started: Sudden spike - add 120 VU 2-77
2026-08-17 10:07:17,970 INFO o.a.j.t.JMeterThread: Thread started: Sudden spike - add 120 VU 2-78
2026-08-17 10:07:17,979 INFO o.a.j.t.JMeterThread: Thread started: Sudden spike - add 120 VU 2-79
2026-08-17 10:07:17,986 INFO o.a.j.t.JMeterThread: Thread started: Sudden spike - add 120 VU 2-80
2026-08-17 10:07:17,994 INFO o.a.j.t.JMeterThread: Thread started: Sudden spike - add 120 VU 2-81
2026-08-17 10:07:18,002 INFO o.a.j.t.JMeterThread: Thread started: Sudden spike - add 120 VU 2-82
2026-08-17 10:07:18,011 INFO o.a.j.t.JMeterThread: Thread started: Sudden spike - add 120 VU 2-83
2026-08-17 10:07:18,018 INFO o.a.j.t.JMeterThread: Thread started: Sudden spike - add 120 VU 2-84
2026-08-17 10:07:18,027 INFO o.a.j.t.JMeterThread: Thread started: Sudden spike - add 120 VU 2-85
2026-08-17 10:07:18,034 INFO o.a.j.t.JMeterThread: Thread started: Sudden spike - add 120 VU 2-86
2026-08-17 10:07:18,042 INFO o.a.j.t.JMeterThread: Thread started: Sudden spike - add 120 VU 2-87
2026-08-17 10:07:18,049 INFO o.a.j.t.JMeterThread: Thread started: Sudden spike - add 120 VU 2-88
2026-08-17 10:07:18,060 INFO o.a.j.t.JMeterThread: Thread started: Sudden spike - add 120 VU 2-89
2026-08-17 10:07:18,068 INFO o.a.j.t.JMeterThread: Thread started: Sudden spike - add 120 VU 2-90
2026-08-17 10:07:18,075 INFO o.a.j.t.JMeterThread: Thread started: Sudden spike - add 120 VU 2-91
2026-08-17 10:07:18,083 INFO o.a.j.t.JMeterThread: Thread started: Sudden spike - add 120 VU 2-92
2026-08-17 10:07:18,091 INFO o.a.j.t.JMeterThread: Thread started: Sudden spike - add 120 VU 2-93
2026-08-17 10:07:18,099 INFO o.a.j.t.JMeterThread: Thread started: Sudden spike - add 120 VU 2-94
2026-08-17 10:07:18,106 INFO o.a.j.t.JMeterThread: Thread started: Sudden spike - add 120 VU 2-95
2026-08-17 10:07:18,114 INFO o.a.j.t.JMeterThread: Thread started: Sudden spike - add 120 VU 2-96
2026-08-17 10:07:18,122 INFO o.a.j.t.JMeterThread: Thread started: Sudden spike - add 120 VU 2-97
2026-08-17 10:07:18,130 INFO o.a.j.t.JMeterThread: Thread started: Sudden spike - add 120 VU 2-98
2026-08-17 10:07:18,140 INFO o.a.j.t.JMeterThread: Thread started: Sudden spike - add 120 VU 2-99
2026-08-17 10:07:18,147 INFO o.a.j.t.JMeterThread: Thread started: Sudden spike - add 120 VU 2-100
2026-08-17 10:07:18,155 INFO o.a.j.t.JMeterThread: Thread started: Sudden spike - add 120 VU 2-101
2026-08-17 10:07:18,163 INFO o.a.j.t.JMeterThread: Thread started: Sudden spike - add 120 VU 2-102
2026-08-17 10:07:18,170 INFO o.a.j.t.JMeterThread: Thread started: Sudden spike - add 120 VU 2-103
2026-08-17 10:07:18,178 INFO o.a.j.t.JMeterThread: Thread started: Sudden spike - add 120 VU 2-104
2026-08-17 10:07:18,186 INFO o.a.j.t.JMeterThread: Thread started: Sudden spike - add 120 VU 2-105
2026-08-17 10:07:18,194 INFO o.a.j.t.JMeterThread: Thread started: Sudden spike - add 120 VU 2-106
2026-08-17 10:07:18,202 INFO o.a.j.t.JMeterThread: Thread started: Sudden spike - add 120 VU 2-107
2026-08-17 10:07:18,211 INFO o.a.j.t.JMeterThread: Thread started: Sudden spike - add 120 VU 2-108
2026-08-17 10:07:18,218 INFO o.a.j.t.JMeterThread: Thread started: Sudden spike - add 120 VU 2-109
2026-08-17 10:07:18,226 INFO o.a.j.t.JMeterThread: Thread started: Sudden spike - add 120 VU 2-110
2026-08-17 10:07:18,235 INFO o.a.j.t.JMeterThread: Thread started: Sudden spike - add 120 VU 2-111
2026-08-17 10:07:18,244 INFO o.a.j.t.JMeterThread: Thread started: Sudden spike - add 120 VU 2-112
2026-08-17 10:07:18,252 INFO o.a.j.t.JMeterThread: Thread started: Sudden spike - add 120 VU 2-113
2026-08-17 10:07:18,258 INFO o.a.j.t.JMeterThread: Thread started: Sudden spike - add 120 VU 2-114
2026-08-17 10:07:18,266 INFO o.a.j.t.JMeterThread: Thread started: Sudden spike - add 120 VU 2-115
2026-08-17 10:07:18,275 INFO o.a.j.t.JMeterThread: Thread started: Sudden spike - add 120 VU 2-116
2026-08-17 10:07:18,286 INFO o.a.j.t.JMeterThread: Thread started: Sudden spike - add 120 VU 2-117
2026-08-17 10:07:18,290 INFO o.a.j.t.JMeterThread: Thread started: Sudden spike - add 120 VU 2-118
2026-08-17 10:07:18,298 INFO o.a.j.t.JMeterThread: Thread started: Sudden spike - add 120 VU 2-119
2026-08-17 10:07:18,306 INFO o.a.j.t.JMeterThread: Thread started: Sudden spike - add 120 VU 2-120
2026-08-17 10:07:30,048 INFO o.a.j.r.Summariser: summary +   1798 in 00:00:30 =   59.9/s Avg:   529 Min:     0 Max:  3050 Err:     0 (0.00%) Active: 135 Started: 135 Finished: 0
2026-08-17 10:07:30,049 INFO o.a.j.r.Summariser: summary =   3622 in 00:01:43 =   35.3/s Avg:   274 Min:     0 Max:  3050 Err:     0 (0.00%)
2026-08-17 10:08:00,001 INFO o.a.j.r.Summariser: summary +   2776 in 00:00:30 =   92.7/s Avg:   962 Min:     1 Max:  3150 Err:     0 (0.00%) Active: 135 Started: 135 Finished: 0
2026-08-17 10:08:00,001 INFO o.a.j.r.Summariser: summary =   6398 in 00:02:13 =   48.2/s Avg:   572 Min:     0 Max:  3150 Err:     0 (0.00%)
2026-08-17 10:08:16,636 INFO o.a.j.t.JMeterThread: Thread finished: Sudden spike - add 120 VU 2-16
2026-08-17 10:08:16,684 INFO o.a.j.t.JMeterThread: Thread finished: Sudden spike - add 120 VU 2-24
2026-08-17 10:08:16,685 INFO o.a.j.t.JMeterThread: Thread finished: Sudden spike - add 120 VU 2-11
2026-08-17 10:08:16,724 INFO o.a.j.t.JMeterThread: Thread finished: Sudden spike - add 120 VU 2-3
2026-08-17 10:08:16,724 INFO o.a.j.t.JMeterThread: Thread finished: Sudden spike - add 120 VU 2-6
2026-08-17 10:08:16,727 INFO o.a.j.t.JMeterThread: Thread finished: Sudden spike - add 120 VU 2-72
2026-08-17 10:08:16,798 INFO o.a.j.t.JMeterThread: Thread finished: Sudden spike - add 120 VU 2-26
2026-08-17 10:08:16,802 INFO o.a.j.t.JMeterThread: Thread finished: Sudden spike - add 120 VU 2-95
2026-08-17 10:08:16,802 INFO o.a.j.t.JMeterThread: Thread finished: Sudden spike - add 120 VU 2-62
2026-08-17 10:08:16,808 INFO o.a.j.t.JMeterThread: Thread finished: Sudden spike - add 120 VU 2-77
2026-08-17 10:08:16,809 INFO o.a.j.t.JMeterThread: Thread finished: Sudden spike - add 120 VU 2-101
2026-08-17 10:08:16,811 INFO o.a.j.t.JMeterThread: Thread finished: Sudden spike - add 120 VU 2-53
2026-08-17 10:08:16,858 INFO o.a.j.t.JMeterThread: Thread finished: Sudden spike - add 120 VU 2-69
2026-08-17 10:08:16,918 INFO o.a.j.t.JMeterThread: Thread finished: Sudden spike - add 120 VU 2-31
2026-08-17 10:08:16,921 INFO o.a.j.t.JMeterThread: Thread finished: Sudden spike - add 120 VU 2-25
2026-08-17 10:08:16,925 INFO o.a.j.t.JMeterThread: Thread finished: Sudden spike - add 120 VU 2-76
2026-08-17 10:08:16,926 INFO o.a.j.t.JMeterThread: Thread finished: Sudden spike - add 120 VU 2-32
2026-08-17 10:08:16,927 INFO o.a.j.t.JMeterThread: Thread finished: Sudden spike - add 120 VU 2-4
2026-08-17 10:08:16,927 INFO o.a.j.t.JMeterThread: Thread finished: Sudden spike - add 120 VU 2-50
2026-08-17 10:08:16,978 INFO o.a.j.t.JMeterThread: Thread finished: Sudden spike - add 120 VU 2-99
2026-08-17 10:08:16,993 INFO o.a.j.t.JMeterThread: Thread finished: Sudden spike - add 120 VU 2-65
2026-08-17 10:08:17,011 INFO o.a.j.t.JMeterThread: Thread finished: Sudden spike - add 120 VU 2-5
2026-08-17 10:08:17,018 INFO o.a.j.t.JMeterThread: Thread finished: Sudden spike - add 120 VU 2-84
2026-08-17 10:08:17,023 INFO o.a.j.t.JMeterThread: Thread finished: Sudden spike - add 120 VU 2-98
2026-08-17 10:08:17,024 INFO o.a.j.t.JMeterThread: Thread finished: Sudden spike - add 120 VU 2-93
2026-08-17 10:08:17,026 INFO o.a.j.t.JMeterThread: Thread finished: Sudden spike - add 120 VU 2-87
2026-08-17 10:08:17,027 INFO o.a.j.t.JMeterThread: Thread finished: Sudden spike - add 120 VU 2-46
2026-08-17 10:08:17,027 INFO o.a.j.t.JMeterThread: Thread finished: Sudden spike - add 120 VU 2-22
2026-08-17 10:08:17,027 INFO o.a.j.t.JMeterThread: Thread finished: Sudden spike - add 120 VU 2-102
2026-08-17 10:08:17,028 INFO o.a.j.t.JMeterThread: Thread finished: Sudden spike - add 120 VU 2-73
2026-08-17 10:08:17,028 INFO o.a.j.t.JMeterThread: Thread finished: Sudden spike - add 120 VU 2-55
2026-08-17 10:08:17,029 INFO o.a.j.t.JMeterThread: Thread finished: Sudden spike - add 120 VU 2-57
2026-08-17 10:08:17,044 INFO o.a.j.t.JMeterThread: Thread finished: Sudden spike - add 120 VU 2-44
2026-08-17 10:08:17,069 INFO o.a.j.t.JMeterThread: Thread finished: Sudden spike - add 120 VU 2-60
2026-08-17 10:08:17,069 INFO o.a.j.t.JMeterThread: Thread finished: Sudden spike - add 120 VU 2-45
2026-08-17 10:08:17,069 INFO o.a.j.t.JMeterThread: Thread finished: Sudden spike - add 120 VU 2-90
2026-08-17 10:08:17,069 INFO o.a.j.t.JMeterThread: Thread finished: Sudden spike - add 120 VU 2-20
2026-08-17 10:08:17,081 INFO o.a.j.t.JMeterThread: Thread finished: Sudden spike - add 120 VU 2-42
2026-08-17 10:08:17,081 INFO o.a.j.t.JMeterThread: Thread finished: Sudden spike - add 120 VU 2-89
2026-08-17 10:08:17,119 INFO o.a.j.t.JMeterThread: Thread finished: Sudden spike - add 120 VU 2-27
2026-08-17 10:08:17,136 INFO o.a.j.t.JMeterThread: Thread finished: Sudden spike - add 120 VU 2-48
2026-08-17 10:08:17,148 INFO o.a.j.t.JMeterThread: Thread finished: Sudden spike - add 120 VU 2-78
2026-08-17 10:08:17,148 INFO o.a.j.t.JMeterThread: Thread finished: Sudden spike - add 120 VU 2-120
2026-08-17 10:08:17,149 INFO o.a.j.t.JMeterThread: Thread finished: Sudden spike - add 120 VU 2-41
2026-08-17 10:08:17,153 INFO o.a.j.t.JMeterThread: Thread finished: Sudden spike - add 120 VU 2-14
2026-08-17 10:08:17,153 INFO o.a.j.t.JMeterThread: Thread finished: Sudden spike - add 120 VU 2-23
2026-08-17 10:08:17,178 INFO o.a.j.t.JMeterThread: Thread finished: Sudden spike - add 120 VU 2-17
2026-08-17 10:08:17,178 INFO o.a.j.t.JMeterThread: Thread finished: Sudden spike - add 120 VU 2-118
2026-08-17 10:08:17,178 INFO o.a.j.t.JMeterThread: Thread finished: Sudden spike - add 120 VU 2-34
2026-08-17 10:08:17,206 INFO o.a.j.t.JMeterThread: Thread finished: Sudden spike - add 120 VU 2-64
2026-08-17 10:08:17,210 INFO o.a.j.t.JMeterThread: Thread finished: Sudden spike - add 120 VU 2-94
2026-08-17 10:08:17,210 INFO o.a.j.t.JMeterThread: Thread finished: Sudden spike - add 120 VU 2-18
2026-08-17 10:08:17,224 INFO o.a.j.t.JMeterThread: Thread finished: Sudden spike - add 120 VU 2-88
2026-08-17 10:08:17,224 INFO o.a.j.t.JMeterThread: Thread finished: Sudden spike - add 120 VU 2-100
2026-08-17 10:08:17,290 INFO o.a.j.t.JMeterThread: Thread finished: Sudden spike - add 120 VU 2-71
2026-08-17 10:08:17,290 INFO o.a.j.t.JMeterThread: Thread finished: Sudden spike - add 120 VU 2-51
2026-08-17 10:08:17,346 INFO o.a.j.t.JMeterThread: Thread finished: Sudden spike - add 120 VU 2-35
2026-08-17 10:08:17,371 INFO o.a.j.t.JMeterThread: Thread finished: Sudden spike - add 120 VU 2-96
2026-08-17 10:08:17,371 INFO o.a.j.t.JMeterThread: Thread finished: Sudden spike - add 120 VU 2-37
2026-08-17 10:08:17,371 INFO o.a.j.t.JMeterThread: Thread finished: Sudden spike - add 120 VU 2-83
2026-08-17 10:08:17,382 INFO o.a.j.t.JMeterThread: Thread finished: Sudden spike - add 120 VU 2-119
2026-08-17 10:08:17,458 INFO o.a.j.t.JMeterThread: Stopping because end time detected by thread: Sudden spike - add 120 VU 2-7
2026-08-17 10:08:17,458 INFO o.a.j.t.JMeterThread: Thread finished: Sudden spike - add 120 VU 2-7
2026-08-17 10:08:17,464 INFO o.a.j.t.JMeterThread: Stopping because end time detected by thread: Sudden spike - add 120 VU 2-54
2026-08-17 10:08:17,465 INFO o.a.j.t.JMeterThread: Thread finished: Sudden spike - add 120 VU 2-54
2026-08-17 10:08:17,471 INFO o.a.j.t.JMeterThread: Stopping because end time detected by thread: Sudden spike - add 120 VU 2-39
2026-08-17 10:08:17,471 INFO o.a.j.t.JMeterThread: Thread finished: Sudden spike - add 120 VU 2-39
2026-08-17 10:08:17,522 INFO o.a.j.t.JMeterThread: Stopping because end time detected by thread: Sudden spike - add 120 VU 2-56
2026-08-17 10:08:17,522 INFO o.a.j.t.JMeterThread: Thread finished: Sudden spike - add 120 VU 2-56
2026-08-17 10:08:17,539 INFO o.a.j.t.JMeterThread: Stopping because end time detected by thread: Sudden spike - add 120 VU 2-67
2026-08-17 10:08:17,539 INFO o.a.j.t.JMeterThread: Thread finished: Sudden spike - add 120 VU 2-67
2026-08-17 10:08:17,566 INFO o.a.j.t.JMeterThread: Stopping because end time detected by thread: Sudden spike - add 120 VU 2-107
2026-08-17 10:08:17,566 INFO o.a.j.t.JMeterThread: Thread finished: Sudden spike - add 120 VU 2-107
2026-08-17 10:08:17,574 INFO o.a.j.t.JMeterThread: Stopping because end time detected by thread: Sudden spike - add 120 VU 2-59
2026-08-17 10:08:17,574 INFO o.a.j.t.JMeterThread: Thread finished: Sudden spike - add 120 VU 2-59
2026-08-17 10:08:17,618 INFO o.a.j.t.JMeterThread: Stopping because end time detected by thread: Sudden spike - add 120 VU 2-36
2026-08-17 10:08:17,618 INFO o.a.j.t.JMeterThread: Thread finished: Sudden spike - add 120 VU 2-36
2026-08-17 10:08:17,647 INFO o.a.j.t.JMeterThread: Stopping because end time detected by thread: Sudden spike - add 120 VU 2-75
2026-08-17 10:08:17,647 INFO o.a.j.t.JMeterThread: Thread finished: Sudden spike - add 120 VU 2-75
2026-08-17 10:08:17,664 INFO o.a.j.t.JMeterThread: Stopping because end time detected by thread: Sudden spike - add 120 VU 2-105
2026-08-17 10:08:17,664 INFO o.a.j.t.JMeterThread: Thread finished: Sudden spike - add 120 VU 2-105
2026-08-17 10:08:17,674 INFO o.a.j.t.JMeterThread: Stopping because end time detected by thread: Sudden spike - add 120 VU 2-28
2026-08-17 10:08:17,674 INFO o.a.j.t.JMeterThread: Thread finished: Sudden spike - add 120 VU 2-28
2026-08-17 10:08:17,701 INFO o.a.j.t.JMeterThread: Stopping because end time detected by thread: Sudden spike - add 120 VU 2-13
2026-08-17 10:08:17,701 INFO o.a.j.t.JMeterThread: Thread finished: Sudden spike - add 120 VU 2-13
2026-08-17 10:08:17,701 INFO o.a.j.t.JMeterThread: Stopping because end time detected by thread: Sudden spike - add 120 VU 2-38
2026-08-17 10:08:17,701 INFO o.a.j.t.JMeterThread: Thread finished: Sudden spike - add 120 VU 2-38
2026-08-17 10:08:17,701 INFO o.a.j.t.JMeterThread: Stopping because end time detected by thread: Sudden spike - add 120 VU 2-19
2026-08-17 10:08:17,701 INFO o.a.j.t.JMeterThread: Thread finished: Sudden spike - add 120 VU 2-19
2026-08-17 10:08:17,702 INFO o.a.j.t.JMeterThread: Stopping because end time detected by thread: Sudden spike - add 120 VU 2-97
2026-08-17 10:08:17,702 INFO o.a.j.t.JMeterThread: Thread finished: Sudden spike - add 120 VU 2-97
2026-08-17 10:08:17,712 INFO o.a.j.t.JMeterThread: Stopping because end time detected by thread: Sudden spike - add 120 VU 2-86
2026-08-17 10:08:17,713 INFO o.a.j.t.JMeterThread: Thread finished: Sudden spike - add 120 VU 2-86
2026-08-17 10:08:17,740 INFO o.a.j.t.JMeterThread: Stopping because end time detected by thread: Sudden spike - add 120 VU 2-2
2026-08-17 10:08:17,740 INFO o.a.j.t.JMeterThread: Thread finished: Sudden spike - add 120 VU 2-2
2026-08-17 10:08:17,754 INFO o.a.j.t.JMeterThread: Stopping because end time detected by thread: Sudden spike - add 120 VU 2-29
2026-08-17 10:08:17,754 INFO o.a.j.t.JMeterThread: Thread finished: Sudden spike - add 120 VU 2-29
2026-08-17 10:08:17,860 INFO o.a.j.t.JMeterThread: Stopping because end time detected by thread: Sudden spike - add 120 VU 2-109
2026-08-17 10:08:17,861 INFO o.a.j.t.JMeterThread: Thread finished: Sudden spike - add 120 VU 2-109
2026-08-17 10:08:17,885 INFO o.a.j.t.JMeterThread: Stopping because end time detected by thread: Sudden spike - add 120 VU 2-43
2026-08-17 10:08:17,885 INFO o.a.j.t.JMeterThread: Thread finished: Sudden spike - add 120 VU 2-43
2026-08-17 10:08:17,927 INFO o.a.j.t.JMeterThread: Stopping because end time detected by thread: Sudden spike - add 120 VU 2-114
2026-08-17 10:08:17,927 INFO o.a.j.t.JMeterThread: Thread finished: Sudden spike - add 120 VU 2-114
2026-08-17 10:08:18,152 INFO o.a.j.t.JMeterThread: Stopping because end time detected by thread: Sudden spike - add 120 VU 2-80
2026-08-17 10:08:18,152 INFO o.a.j.t.JMeterThread: Thread finished: Sudden spike - add 120 VU 2-80
2026-08-17 10:08:18,178 INFO o.a.j.t.JMeterThread: Stopping because end time detected by thread: Sudden spike - add 120 VU 2-52
2026-08-17 10:08:18,178 INFO o.a.j.t.JMeterThread: Thread finished: Sudden spike - add 120 VU 2-52
2026-08-17 10:08:18,203 INFO o.a.j.t.JMeterThread: Stopping because end time detected by thread: Sudden spike - add 120 VU 2-58
2026-08-17 10:08:18,203 INFO o.a.j.t.JMeterThread: Thread finished: Sudden spike - add 120 VU 2-58
2026-08-17 10:08:18,234 INFO o.a.j.t.JMeterThread: Stopping because end time detected by thread: Sudden spike - add 120 VU 2-49
2026-08-17 10:08:18,234 INFO o.a.j.t.JMeterThread: Thread finished: Sudden spike - add 120 VU 2-49
2026-08-17 10:08:18,265 INFO o.a.j.t.JMeterThread: Stopping because end time detected by thread: Sudden spike - add 120 VU 2-116
2026-08-17 10:08:18,265 INFO o.a.j.t.JMeterThread: Thread finished: Sudden spike - add 120 VU 2-116
2026-08-17 10:08:18,280 INFO o.a.j.t.JMeterThread: Stopping because end time detected by thread: Sudden spike - add 120 VU 2-12
2026-08-17 10:08:18,281 INFO o.a.j.t.JMeterThread: Thread finished: Sudden spike - add 120 VU 2-12
2026-08-17 10:08:18,294 INFO o.a.j.t.JMeterThread: Stopping because end time detected by thread: Sudden spike - add 120 VU 2-63
2026-08-17 10:08:18,294 INFO o.a.j.t.JMeterThread: Thread finished: Sudden spike - add 120 VU 2-63
2026-08-17 10:08:18,354 INFO o.a.j.t.JMeterThread: Stopping because end time detected by thread: Sudden spike - add 120 VU 2-10
2026-08-17 10:08:18,355 INFO o.a.j.t.JMeterThread: Thread finished: Sudden spike - add 120 VU 2-10
2026-08-17 10:08:18,382 INFO o.a.j.t.JMeterThread: Stopping because end time detected by thread: Sudden spike - add 120 VU 2-79
2026-08-17 10:08:18,383 INFO o.a.j.t.JMeterThread: Thread finished: Sudden spike - add 120 VU 2-79
2026-08-17 10:08:18,404 INFO o.a.j.t.JMeterThread: Stopping because end time detected by thread: Sudden spike - add 120 VU 2-8
2026-08-17 10:08:18,404 INFO o.a.j.t.JMeterThread: Thread finished: Sudden spike - add 120 VU 2-8
2026-08-17 10:08:18,416 INFO o.a.j.t.JMeterThread: Stopping because end time detected by thread: Sudden spike - add 120 VU 2-82
2026-08-17 10:08:18,416 INFO o.a.j.t.JMeterThread: Thread finished: Sudden spike - add 120 VU 2-82
2026-08-17 10:08:18,430 INFO o.a.j.t.JMeterThread: Stopping because end time detected by thread: Sudden spike - add 120 VU 2-15
2026-08-17 10:08:18,431 INFO o.a.j.t.JMeterThread: Thread finished: Sudden spike - add 120 VU 2-15
2026-08-17 10:08:18,451 INFO o.a.j.t.JMeterThread: Stopping because end time detected by thread: Sudden spike - add 120 VU 2-70
2026-08-17 10:08:18,451 INFO o.a.j.t.JMeterThread: Thread finished: Sudden spike - add 120 VU 2-70
2026-08-17 10:08:18,474 INFO o.a.j.t.JMeterThread: Stopping because end time detected by thread: Sudden spike - add 120 VU 2-74
2026-08-17 10:08:18,474 INFO o.a.j.t.JMeterThread: Thread finished: Sudden spike - add 120 VU 2-74
2026-08-17 10:08:18,499 INFO o.a.j.t.JMeterThread: Stopping because end time detected by thread: Sudden spike - add 120 VU 2-117
2026-08-17 10:08:18,499 INFO o.a.j.t.JMeterThread: Thread finished: Sudden spike - add 120 VU 2-117
2026-08-17 10:08:18,525 INFO o.a.j.t.JMeterThread: Stopping because end time detected by thread: Sudden spike - add 120 VU 2-1
2026-08-17 10:08:18,525 INFO o.a.j.t.JMeterThread: Thread finished: Sudden spike - add 120 VU 2-1
2026-08-17 10:08:18,537 INFO o.a.j.t.JMeterThread: Stopping because end time detected by thread: Sudden spike - add 120 VU 2-92
2026-08-17 10:08:18,537 INFO o.a.j.t.JMeterThread: Thread finished: Sudden spike - add 120 VU 2-92
2026-08-17 10:08:18,545 INFO o.a.j.t.JMeterThread: Stopping because end time detected by thread: Sudden spike - add 120 VU 2-68
2026-08-17 10:08:18,546 INFO o.a.j.t.JMeterThread: Thread finished: Sudden spike - add 120 VU 2-68
2026-08-17 10:08:18,558 INFO o.a.j.t.JMeterThread: Stopping because end time detected by thread: Sudden spike - add 120 VU 2-47
2026-08-17 10:08:18,558 INFO o.a.j.t.JMeterThread: Thread finished: Sudden spike - add 120 VU 2-47
2026-08-17 10:08:18,559 INFO o.a.j.t.JMeterThread: Stopping because end time detected by thread: Sudden spike - add 120 VU 2-66
2026-08-17 10:08:18,559 INFO o.a.j.t.JMeterThread: Thread finished: Sudden spike - add 120 VU 2-66
2026-08-17 10:08:18,579 INFO o.a.j.t.JMeterThread: Stopping because end time detected by thread: Sudden spike - add 120 VU 2-33
2026-08-17 10:08:18,579 INFO o.a.j.t.JMeterThread: Thread finished: Sudden spike - add 120 VU 2-33
2026-08-17 10:08:18,606 INFO o.a.j.t.JMeterThread: Stopping because end time detected by thread: Sudden spike - add 120 VU 2-9
2026-08-17 10:08:18,606 INFO o.a.j.t.JMeterThread: Thread finished: Sudden spike - add 120 VU 2-9
2026-08-17 10:08:18,651 INFO o.a.j.t.JMeterThread: Stopping because end time detected by thread: Sudden spike - add 120 VU 2-108
2026-08-17 10:08:18,653 INFO o.a.j.t.JMeterThread: Thread finished: Sudden spike - add 120 VU 2-108
2026-08-17 10:08:18,657 INFO o.a.j.t.JMeterThread: Stopping because end time detected by thread: Sudden spike - add 120 VU 2-30
2026-08-17 10:08:18,658 INFO o.a.j.t.JMeterThread: Thread finished: Sudden spike - add 120 VU 2-30
2026-08-17 10:08:18,664 INFO o.a.j.t.JMeterThread: Stopping because end time detected by thread: Sudden spike - add 120 VU 2-21
2026-08-17 10:08:18,665 INFO o.a.j.t.JMeterThread: Thread finished: Sudden spike - add 120 VU 2-21
2026-08-17 10:08:18,677 INFO o.a.j.t.JMeterThread: Stopping because end time detected by thread: Sudden spike - add 120 VU 2-91
2026-08-17 10:08:18,677 INFO o.a.j.t.JMeterThread: Thread finished: Sudden spike - add 120 VU 2-91
2026-08-17 10:08:18,690 INFO o.a.j.t.JMeterThread: Stopping because end time detected by thread: Sudden spike - add 120 VU 2-106
2026-08-17 10:08:18,690 INFO o.a.j.t.JMeterThread: Stopping because end time detected by thread: Sudden spike - add 120 VU 2-111
2026-08-17 10:08:18,690 INFO o.a.j.t.JMeterThread: Thread finished: Sudden spike - add 120 VU 2-106
2026-08-17 10:08:18,690 INFO o.a.j.t.JMeterThread: Thread finished: Sudden spike - add 120 VU 2-111
2026-08-17 10:08:18,697 INFO o.a.j.t.JMeterThread: Stopping because end time detected by thread: Sudden spike - add 120 VU 2-115
2026-08-17 10:08:18,697 INFO o.a.j.t.JMeterThread: Thread finished: Sudden spike - add 120 VU 2-115
2026-08-17 10:08:18,719 INFO o.a.j.t.JMeterThread: Stopping because end time detected by thread: Sudden spike - add 120 VU 2-61
2026-08-17 10:08:18,719 INFO o.a.j.t.JMeterThread: Thread finished: Sudden spike - add 120 VU 2-61
2026-08-17 10:08:18,740 INFO o.a.j.t.JMeterThread: Stopping because end time detected by thread: Sudden spike - add 120 VU 2-104
2026-08-17 10:08:18,741 INFO o.a.j.t.JMeterThread: Thread finished: Sudden spike - add 120 VU 2-104
2026-08-17 10:08:18,783 INFO o.a.j.t.JMeterThread: Stopping because end time detected by thread: Sudden spike - add 120 VU 2-81
2026-08-17 10:08:18,783 INFO o.a.j.t.JMeterThread: Thread finished: Sudden spike - add 120 VU 2-81
2026-08-17 10:08:18,809 INFO o.a.j.t.JMeterThread: Stopping because end time detected by thread: Sudden spike - add 120 VU 2-85
2026-08-17 10:08:18,809 INFO o.a.j.t.JMeterThread: Thread finished: Sudden spike - add 120 VU 2-85
2026-08-17 10:08:18,856 INFO o.a.j.t.JMeterThread: Stopping because end time detected by thread: Sudden spike - add 120 VU 2-113
2026-08-17 10:08:18,856 INFO o.a.j.t.JMeterThread: Thread finished: Sudden spike - add 120 VU 2-113
2026-08-17 10:08:18,869 INFO o.a.j.t.JMeterThread: Stopping because end time detected by thread: Sudden spike - add 120 VU 2-40
2026-08-17 10:08:18,869 INFO o.a.j.t.JMeterThread: Thread finished: Sudden spike - add 120 VU 2-40
2026-08-17 10:08:18,870 INFO o.a.j.t.JMeterThread: Stopping because end time detected by thread: Sudden spike - add 120 VU 2-110
2026-08-17 10:08:18,870 INFO o.a.j.t.JMeterThread: Thread finished: Sudden spike - add 120 VU 2-110
2026-08-17 10:08:18,885 INFO o.a.j.t.JMeterThread: Stopping because end time detected by thread: Sudden spike - add 120 VU 2-112
2026-08-17 10:08:18,885 INFO o.a.j.t.JMeterThread: Thread finished: Sudden spike - add 120 VU 2-112
2026-08-17 10:08:18,921 INFO o.a.j.t.JMeterThread: Stopping because end time detected by thread: Sudden spike - add 120 VU 2-103
2026-08-17 10:08:18,921 INFO o.a.j.t.JMeterThread: Thread finished: Sudden spike - add 120 VU 2-103
2026-08-17 10:08:30,010 INFO o.a.j.r.Summariser: summary +   2122 in 00:00:30 =   70.7/s Avg:   749 Min:     0 Max:  2992 Err:     0 (0.00%) Active: 15 Started: 135 Finished: 120
2026-08-17 10:08:30,011 INFO o.a.j.r.Summariser: summary =   8520 in 00:02:43 =   52.4/s Avg:   616 Min:     0 Max:  3150 Err:     0 (0.00%)
2026-08-17 10:09:00,005 INFO o.a.j.r.Summariser: summary +    880 in 00:00:30 =   29.3/s Avg:    21 Min:     0 Max:   112 Err:     0 (0.00%) Active: 15 Started: 135 Finished: 120
2026-08-17 10:09:00,006 INFO o.a.j.r.Summariser: summary =   9400 in 00:03:13 =   48.8/s Avg:   561 Min:     0 Max:  3150 Err:     0 (0.00%)
2026-08-17 10:09:30,020 INFO o.a.j.r.Summariser: summary +    835 in 00:00:30 =   27.8/s Avg:    32 Min:     0 Max:   201 Err:     0 (0.00%) Active: 15 Started: 135 Finished: 120
2026-08-17 10:09:30,020 INFO o.a.j.r.Summariser: summary =  10235 in 00:03:43 =   46.0/s Avg:   517 Min:     0 Max:  3150 Err:     0 (0.00%)
2026-08-17 10:09:46,233 INFO o.a.j.t.JMeterThread: Thread finished: Baseline and recovery - 15 VU 1-10
2026-08-17 10:09:46,495 INFO o.a.j.t.JMeterThread: Thread finished: Baseline and recovery - 15 VU 1-1
2026-08-17 10:09:46,696 INFO o.a.j.t.JMeterThread: Thread finished: Baseline and recovery - 15 VU 1-7
2026-08-17 10:09:46,704 INFO o.a.j.t.JMeterThread: Thread finished: Baseline and recovery - 15 VU 1-15
2026-08-17 10:09:46,852 INFO o.a.j.t.JMeterThread: Thread finished: Baseline and recovery - 15 VU 1-8
2026-08-17 10:09:46,898 INFO o.a.j.t.JMeterThread: Thread finished: Baseline and recovery - 15 VU 1-6
2026-08-17 10:09:46,980 INFO o.a.j.t.JMeterThread: Thread finished: Baseline and recovery - 15 VU 1-4
2026-08-17 10:09:47,032 INFO o.a.j.t.JMeterThread: Thread finished: Baseline and recovery - 15 VU 1-5
2026-08-17 10:09:47,057 INFO o.a.j.t.JMeterThread: Thread finished: Baseline and recovery - 15 VU 1-11
2026-08-17 10:09:47,100 INFO o.a.j.t.JMeterThread: Thread finished: Baseline and recovery - 15 VU 1-9
2026-08-17 10:09:47,246 INFO o.a.j.t.JMeterThread: Thread finished: Baseline and recovery - 15 VU 1-14
2026-08-17 10:09:47,251 INFO o.a.j.t.JMeterThread: Thread finished: Baseline and recovery - 15 VU 1-13
2026-08-17 10:09:47,313 INFO o.a.j.t.JMeterThread: Thread finished: Baseline and recovery - 15 VU 1-2
2026-08-17 10:09:47,342 INFO o.a.j.t.JMeterThread: Thread finished: Baseline and recovery - 15 VU 1-12
2026-08-17 10:09:47,350 INFO o.a.j.t.JMeterThread: Stopping because end time detected by thread: Baseline and recovery - 15 VU 1-3
2026-08-17 10:09:47,356 INFO o.a.j.t.JMeterThread: Thread finished: Baseline and recovery - 15 VU 1-3
2026-08-17 10:09:47,356 INFO o.a.j.e.StandardJMeterEngine: Notifying test listeners of end of test
2026-08-17 10:09:47,356 INFO o.a.j.s.FileServer: Close: ../data/admin-orders.csv
2026-08-17 10:09:47,396 INFO o.a.j.r.Summariser: summary +    492 in 00:00:17 =   28.3/s Avg:    31 Min:     0 Max:   165 Err:     0 (0.00%) Active: 0 Started: 135 Finished: 135
2026-08-17 10:09:47,396 INFO o.a.j.r.Summariser: summary =  10727 in 00:04:00 =   44.7/s Avg:   495 Min:     0 Max:  3150 Err:     0 (0.00%)
2026-08-17 10:09:47,402 INFO o.a.j.JMeter: Generating Dashboard
2026-08-17 10:09:47,402 INFO o.a.j.r.d.ReportGenerator: Flushing result collector before report Generation
2026-08-17 10:09:47,526 INFO o.a.j.r.p.NormalizerSampleConsumer: Using format, 'ms', to parse timeStamp field
2026-08-17 10:09:48,796 INFO o.a.j.r.p.AbstractSampleConsumer: class org.apache.jmeter.report.processor.AggregateConsumer#stopProducing(): beginDate produced 0 samples
2026-08-17 10:09:48,796 INFO o.a.j.r.p.AbstractSampleConsumer: class org.apache.jmeter.report.processor.AggregateConsumer#stopProducing(): endDate produced 0 samples
2026-08-17 10:09:48,820 INFO o.a.j.r.p.AbstractSampleConsumer: class org.apache.jmeter.report.processor.ApdexSummaryConsumer#stopProducing(): apdexSummary produced 0 samples
2026-08-17 10:09:48,820 INFO o.a.j.r.p.AbstractSampleConsumer: class org.apache.jmeter.report.processor.RequestsSummaryConsumer#stopProducing(): requestsSummary produced 0 samples
2026-08-17 10:09:48,858 INFO o.a.j.r.p.AbstractSampleConsumer: class org.apache.jmeter.report.processor.StatisticsSummaryConsumer#stopProducing(): statisticsSummary produced 0 samples
2026-08-17 10:09:48,868 INFO o.a.j.r.p.AbstractSampleConsumer: class org.apache.jmeter.report.processor.Top5ErrorsBySamplerConsumer#stopProducing(): top5ErrorsBySampler produced 0 samples
2026-08-17 10:09:48,868 INFO o.a.j.r.p.AbstractSampleConsumer: class org.apache.jmeter.report.processor.ErrorsSummaryConsumer#stopProducing(): errorsSummary produced 0 samples
2026-08-17 10:09:48,868 INFO o.a.j.r.p.AbstractSampleConsumer: class org.apache.jmeter.report.processor.graph.impl.HitsPerSecondGraphConsumer#stopProducing(): hitsPerSecond produced 0 samples
2026-08-17 10:09:49,194 INFO o.a.j.r.p.AbstractSampleConsumer: class org.apache.jmeter.report.processor.graph.impl.LatencyVSRequestGraphConsumer#stopProducing(): latencyVsRequest produced 0 samples
2026-08-17 10:09:49,195 INFO o.a.j.r.p.AbstractSampleConsumer: class org.apache.jmeter.report.processor.graph.impl.SyntheticResponseTimeDistributionGraphConsumer#stopProducing(): syntheticResponseTimeDistribution produced 0 samples
2026-08-17 10:09:49,195 INFO o.a.j.r.p.AbstractSampleConsumer: class org.apache.jmeter.report.processor.graph.impl.BytesThroughputGraphConsumer#stopProducing(): bytesThroughputOverTime produced 0 samples
2026-08-17 10:09:49,195 INFO o.a.j.r.p.AbstractSampleConsumer: class org.apache.jmeter.report.processor.graph.impl.CodesPerSecondGraphConsumer#stopProducing(): codesPerSecond produced 0 samples
2026-08-17 10:09:49,337 INFO o.a.j.r.p.AbstractSampleConsumer: class org.apache.jmeter.report.processor.graph.impl.ResponseTimeVSRequestGraphConsumer#stopProducing(): responseTimeVsRequest produced 0 samples
2026-08-17 10:09:49,341 INFO o.a.j.r.p.AbstractSampleConsumer: class org.apache.jmeter.report.processor.FilterConsumer#stopProducing(): startIntervalControlerFilter produced 75089 samples
2026-08-17 10:09:49,341 INFO o.a.j.r.p.AbstractSampleConsumer: class org.apache.jmeter.report.processor.graph.impl.TotalTPSGraphConsumer#stopProducing(): totalTPS produced 0 samples
2026-08-17 10:09:49,341 INFO o.a.j.r.p.AbstractSampleConsumer: class org.apache.jmeter.report.processor.graph.impl.ActiveThreadsGraphConsumer#stopProducing(): activeThreadsOverTime produced 0 samples
2026-08-17 10:09:49,341 INFO o.a.j.r.p.AbstractSampleConsumer: class org.apache.jmeter.report.processor.graph.impl.TimeVSThreadGraphConsumer#stopProducing(): timeVsThreads produced 0 samples
2026-08-17 10:09:49,341 INFO o.a.j.r.p.AbstractSampleConsumer: class org.apache.jmeter.report.processor.graph.impl.ResponseTimeDistributionGraphConsumer#stopProducing(): responseTimeDistribution produced 0 samples
2026-08-17 10:09:49,341 INFO o.a.j.r.p.AbstractSampleConsumer: class org.apache.jmeter.report.processor.graph.impl.TransactionsPerSecondGraphConsumer#stopProducing(): transactionsPerSecond produced 0 samples
2026-08-17 10:09:49,341 INFO o.a.j.r.p.AbstractSampleConsumer: class org.apache.jmeter.report.processor.graph.impl.ResponseTimePercentilesGraphConsumer#stopProducing(): responseTimePercentiles produced 0 samples
2026-08-17 10:09:49,354 INFO o.a.j.r.p.AbstractSampleConsumer: class org.apache.jmeter.report.processor.graph.impl.ResponseTimePercentilesOverTimeGraphConsumer#stopProducing(): responseTimePercentilesOverTime produced 0 samples
2026-08-17 10:09:49,356 INFO o.a.j.r.p.AbstractSampleConsumer: class org.apache.jmeter.report.processor.graph.impl.ResponseTimeOverTimeGraphConsumer#stopProducing(): responseTimesOverTime produced 0 samples
2026-08-17 10:09:49,356 INFO o.a.j.r.p.AbstractSampleConsumer: class org.apache.jmeter.report.processor.graph.impl.ConnectTimeOverTimeGraphConsumer#stopProducing(): connectTimeOverTime produced 0 samples
2026-08-17 10:09:49,356 INFO o.a.j.r.p.AbstractSampleConsumer: class org.apache.jmeter.report.processor.graph.impl.LatencyOverTimeGraphConsumer#stopProducing(): latenciesOverTime produced 0 samples
2026-08-17 10:09:49,356 INFO o.a.j.r.p.AbstractSampleConsumer: class org.apache.jmeter.report.processor.FilterConsumer#stopProducing(): nameFilter produced 160905 samples
2026-08-17 10:09:49,357 INFO o.a.j.r.p.AbstractSampleConsumer: class org.apache.jmeter.report.processor.FilterConsumer#stopProducing(): dateRangeFilter produced 32181 samples
2026-08-17 10:09:49,357 INFO o.a.j.r.p.AbstractSampleConsumer: class org.apache.jmeter.report.processor.NormalizerSampleConsumer#stopProducing(): normalizer produced 10727 samples
2026-08-17 10:09:49,359 INFO o.a.j.r.p.CsvFileSampleSource: produce(): 10727 samples produced in 1s 555 ms on channel 0
2026-08-17 10:09:49,359 INFO o.a.j.r.d.ReportGenerator: Exporting data using exporter:'json' of className:'org.apache.jmeter.report.dashboard.JsonExporter'
2026-08-17 10:09:49,505 INFO o.a.j.r.d.JsonExporter: Found data for consumer statisticsSummary in context
2026-08-17 10:09:49,505 INFO o.a.j.r.d.JsonExporter: Creating statistics for overall
2026-08-17 10:09:49,505 INFO o.a.j.r.d.JsonExporter: Creating statistics for other transactions
2026-08-17 10:09:49,505 INFO o.a.j.r.d.JsonExporter: Checking output folder
2026-08-17 10:09:49,513 INFO o.a.j.r.d.JsonExporter: Writing statistics JSON to D:\CODE\23127272_CS13003_HW\HW05-AI\performance\results\23127272_Spike_20260817\23127272_Spike_20260817-report\statistics.json
2026-08-17 10:09:49,570 INFO o.a.j.r.d.ReportGenerator: Exporting data using exporter:'html' of className:'org.apache.jmeter.report.dashboard.HtmlTemplateExporter'
2026-08-17 10:09:49,579 INFO o.a.j.r.d.HtmlTemplateExporter: Will generate dashboard in folder: D:\CODE\23127272_CS13003_HW\HW05-AI\performance\results\23127272_Spike_20260817\23127272_Spike_20260817-report
2026-08-17 10:09:49,986 INFO o.a.j.r.d.HtmlTemplateExporter: Report will be generated in: D:\CODE\23127272_CS13003_HW\HW05-AI\performance\results\23127272_Spike_20260817\23127272_Spike_20260817-report, creating folder structure
2026-08-17 10:09:49,988 INFO o.a.j.r.d.TemplateVisitor: Copying folder from 'D:\CODE\tools\apache-jmeter-5.6.3\bin\report-template' to 'D:\CODE\23127272_CS13003_HW\HW05-AI\performance\results\23127272_Spike_20260817\23127272_Spike_20260817-report', got message: D:\CODE\23127272_CS13003_HW\HW05-AI\performance\results\23127272_Spike_20260817\23127272_Spike_20260817-report, found non empty folder with following content [D:\CODE\23127272_CS13003_HW\HW05-AI\performance\results\23127272_Spike_20260817\23127272_Spike_20260817-report\statistics.json], will be ignored
2026-08-17 10:09:50,363 INFO o.a.j.JMeter: Dashboard generated
