2026-08-17 10:11:53,574 INFO o.a.j.u.JMeterUtils: Setting Locale to en_EN
2026-08-17 10:11:53,605 INFO o.a.j.JMeter: Loading user properties from: D:\CODE\tools\apache-jmeter-5.6.3\bin\user.properties
2026-08-17 10:11:53,605 INFO o.a.j.JMeter: Loading system properties from: D:\CODE\tools\apache-jmeter-5.6.3\bin\system.properties
2026-08-17 10:11:53,605 INFO o.a.j.JMeter: Setting JMeter property: jmeter.save.saveservice.output_format=csv
2026-08-17 10:11:53,605 INFO o.a.j.JMeter: Setting JMeter property: jmeter.save.saveservice.print_field_names=true
2026-08-17 10:11:53,605 INFO o.a.j.JMeter: Setting JMeter property: jmeter.save.saveservice.assertion_results_failure_message=true
2026-08-17 10:11:53,628 INFO o.a.j.JMeter: Setting JMeter property: jmeter.save.saveservice.thread_counts=true
2026-08-17 10:11:53,628 INFO o.a.j.JMeter: Setting JMeter property: jmeter.save.saveservice.url=true
2026-08-17 10:11:53,628 INFO o.a.j.JMeter: Setting JMeter property: jmeter.save.saveservice.connect_time=true
2026-08-17 10:11:53,636 INFO o.a.j.JMeter: Copyright (c) 1998-2024 The Apache Software Foundation
2026-08-17 10:11:53,636 INFO o.a.j.JMeter: Version 5.6.3
2026-08-17 10:11:53,636 INFO o.a.j.JMeter: java.version=21.0.12
2026-08-17 10:11:53,636 INFO o.a.j.JMeter: java.vm.name=OpenJDK 64-Bit Server VM
2026-08-17 10:11:53,636 INFO o.a.j.JMeter: os.name=Windows 11
2026-08-17 10:11:53,636 INFO o.a.j.JMeter: os.arch=amd64
2026-08-17 10:11:53,636 INFO o.a.j.JMeter: os.version=10.0
2026-08-17 10:11:53,636 INFO o.a.j.JMeter: file.encoding=UTF-8
2026-08-17 10:11:53,636 INFO o.a.j.JMeter: java.awt.headless=true
2026-08-17 10:11:53,636 INFO o.a.j.JMeter: Max memory     =1073741824
2026-08-17 10:11:53,636 INFO o.a.j.JMeter: Available Processors =20
2026-08-17 10:11:53,644 INFO o.a.j.JMeter: Default Locale=English (EN)
2026-08-17 10:11:53,644 INFO o.a.j.JMeter: JMeter  Locale=English (EN)
2026-08-17 10:11:53,644 INFO o.a.j.JMeter: JMeterHome=D:\CODE\tools\apache-jmeter-5.6.3
2026-08-17 10:11:53,644 INFO o.a.j.JMeter: user.dir  =D:\CODE\23127272_CS13003_HW\HW05-AI
2026-08-17 10:11:53,644 INFO o.a.j.JMeter: PWD       =D:\CODE\23127272_CS13003_HW\HW05-AI
2026-08-17 10:11:53,653 INFO o.a.j.JMeter: IP: 10.126.9.141 Name: TRAN FullName: 10.126.9.141
2026-08-17 10:11:53,665 INFO o.a.j.JMeter: Setting property 'jmeter.reportgenerator.outputdir' to:'D:\CODE\23127272_CS13003_HW\HW05-AI\performance\results\23127272_Endurance_20260817\23127272_Endurance_20260817-report'
2026-08-17 10:11:53,670 INFO o.a.j.s.FileServer: Default base='D:\CODE\23127272_CS13003_HW\HW05-AI'
2026-08-17 10:11:53,670 INFO o.a.j.s.FileServer: Set new base='D:\CODE\23127272_CS13003_HW\HW05-AI\performance\plans'
2026-08-17 10:11:53,914 INFO o.a.j.s.SaveService: Testplan (JMX) version: 2.2. Testlog (JTL) version: 2.2
2026-08-17 10:11:53,939 INFO o.a.j.s.SaveService: Using SaveService properties version 5.0
2026-08-17 10:11:53,947 INFO o.a.j.s.SaveService: Using SaveService properties file encoding UTF-8
2026-08-17 10:11:53,947 INFO o.a.j.s.SaveService: Loading file: D:\CODE\23127272_CS13003_HW\HW05-AI\performance\plans\23127272_Endurance_20260817.jmx
2026-08-17 10:11:54,022 INFO o.a.j.p.h.s.HTTPSamplerBase: Parser for text/html is org.apache.jmeter.protocol.http.parser.LagartoBasedHtmlParser
2026-08-17 10:11:54,022 INFO o.a.j.p.h.s.HTTPSamplerBase: Parser for application/xhtml+xml is org.apache.jmeter.protocol.http.parser.LagartoBasedHtmlParser
2026-08-17 10:11:54,022 INFO o.a.j.p.h.s.HTTPSamplerBase: Parser for application/xml is org.apache.jmeter.protocol.http.parser.LagartoBasedHtmlParser
2026-08-17 10:11:54,022 INFO o.a.j.p.h.s.HTTPSamplerBase: Parser for text/xml is org.apache.jmeter.protocol.http.parser.LagartoBasedHtmlParser
2026-08-17 10:11:54,022 INFO o.a.j.p.h.s.HTTPSamplerBase: Parser for text/vnd.wap.wml is org.apache.jmeter.protocol.http.parser.RegexpHTMLParser
2026-08-17 10:11:54,022 INFO o.a.j.p.h.s.HTTPSamplerBase: Parser for text/css is org.apache.jmeter.protocol.http.parser.CssParser
2026-08-17 10:11:54,089 INFO o.a.j.JMeter: Creating summariser <summary>
2026-08-17 10:11:54,097 INFO o.a.j.r.d.ReportGenerator: ReportGenerator will use for Parsing the separator: ','
2026-08-17 10:11:54,097 INFO o.a.j.r.d.ReportGenerator: Will generate report at end of test from  results file: D:\CODE\23127272_CS13003_HW\HW05-AI\performance\results\23127272_Endurance_20260817\23127272_Endurance_20260817.jtl
2026-08-17 10:11:54,097 INFO o.a.j.r.d.ReportGenerator: Reading report generator properties from: D:\CODE\tools\apache-jmeter-5.6.3\bin\reportgenerator.properties
2026-08-17 10:11:54,097 INFO o.a.j.r.d.ReportGenerator: Merging with JMeter properties
2026-08-17 10:11:54,101 INFO o.a.j.r.c.ReportGeneratorConfiguration: Property 'jmeter.reportgenerator.temp_dir' not found, using default value 'temp' instead.
2026-08-17 10:11:54,103 INFO o.a.j.r.c.ReportGeneratorConfiguration: Property 'jmeter.reportgenerator.apdex_per_transaction' not found, using default value 'null' instead.
2026-08-17 10:11:54,103 INFO o.a.j.r.c.ReportGeneratorConfiguration: apdex_per_transaction is empty, not APDEX per transaction customization
2026-08-17 10:11:54,103 INFO o.a.j.r.c.ReportGeneratorConfiguration: Property 'jmeter.reportgenerator.sample_filter' not found, using default value 'null' instead.
2026-08-17 10:11:54,103 INFO o.a.j.r.c.ReportGeneratorConfiguration: Property 'jmeter.reportgenerator.report_title' not found, using default value 'null' instead.
2026-08-17 10:11:54,105 INFO o.a.j.r.c.ReportGeneratorConfiguration: Property 'jmeter.reportgenerator.start_date' not found, using default value 'null' instead.
2026-08-17 10:11:54,105 INFO o.a.j.r.c.ReportGeneratorConfiguration: Property 'jmeter.reportgenerator.end_date' not found, using default value 'null' instead.
2026-08-17 10:11:54,105 INFO o.a.j.r.c.ReportGeneratorConfiguration: Property 'jmeter.reportgenerator.date_format' not found, using default value 'null' instead.
2026-08-17 10:11:54,105 INFO o.a.j.r.c.ReportGeneratorConfiguration: Will use date range start date: null, end date: null
2026-08-17 10:11:54,108 INFO o.a.j.r.c.ReportGeneratorConfiguration: Property 'jmeter.reportgenerator.graph.totalTPS.exclude_controllers' not found, using default value 'false' instead.
2026-08-17 10:11:54,108 INFO o.a.j.r.c.ReportGeneratorConfiguration: Property 'jmeter.reportgenerator.graph.activeThreadsOverTime.exclude_controllers' not found, using default value 'false' instead.
2026-08-17 10:11:54,108 INFO o.a.j.r.c.ReportGeneratorConfiguration: Property 'jmeter.reportgenerator.graph.timeVsThreads.exclude_controllers' not found, using default value 'false' instead.
2026-08-17 10:11:54,108 INFO o.a.j.r.c.ReportGeneratorConfiguration: Property 'jmeter.reportgenerator.graph.responseTimeDistribution.exclude_controllers' not found, using default value 'false' instead.
2026-08-17 10:11:54,108 INFO o.a.j.r.c.ReportGeneratorConfiguration: Property 'jmeter.reportgenerator.graph.transactionsPerSecond.exclude_controllers' not found, using default value 'false' instead.
2026-08-17 10:11:54,108 INFO o.a.j.r.c.ReportGeneratorConfiguration: Property 'jmeter.reportgenerator.graph.responseTimePercentiles.exclude_controllers' not found, using default value 'false' instead.
2026-08-17 10:11:54,108 INFO o.a.j.r.c.ReportGeneratorConfiguration: Property 'jmeter.reportgenerator.graph.responseTimePercentilesOverTime.exclude_controllers' not found, using default value 'false' instead.
2026-08-17 10:11:54,108 INFO o.a.j.r.c.ReportGeneratorConfiguration: Property 'jmeter.reportgenerator.graph.responseTimesOverTime.exclude_controllers' not found, using default value 'false' instead.
2026-08-17 10:11:54,108 INFO o.a.j.r.c.ReportGeneratorConfiguration: Property 'jmeter.reportgenerator.graph.connectTimeOverTime.exclude_controllers' not found, using default value 'false' instead.
2026-08-17 10:11:54,108 INFO o.a.j.r.c.ReportGeneratorConfiguration: Property 'jmeter.reportgenerator.graph.latenciesOverTime.exclude_controllers' not found, using default value 'false' instead.
2026-08-17 10:11:54,108 INFO o.a.j.r.c.ReportGeneratorConfiguration: Property 'jmeter.reportgenerator.exporter.json.filters_only_sample_series' not found, using default value 'true' instead.
2026-08-17 10:11:54,108 INFO o.a.j.r.c.ReportGeneratorConfiguration: Property 'jmeter.reportgenerator.exporter.json.series_filter' not found, using default value '' instead.
2026-08-17 10:11:54,108 INFO o.a.j.r.c.ReportGeneratorConfiguration: Property 'jmeter.reportgenerator.exporter.json.show_controllers_only' not found, using default value 'false' instead.
2026-08-17 10:11:54,108 INFO o.a.j.r.c.ReportGeneratorConfiguration: Property 'jmeter.reportgenerator.exporter.html.filters_only_sample_series' not found, using default value 'true' instead.
2026-08-17 10:11:54,108 INFO o.a.j.r.c.ReportGeneratorConfiguration: Property 'jmeter.reportgenerator.exporter.html.series_filter' not found, using default value '' instead.
2026-08-17 10:11:54,108 INFO o.a.j.r.c.ReportGeneratorConfiguration: Property 'jmeter.reportgenerator.exporter.html.show_controllers_only' not found, using default value 'false' instead.
2026-08-17 10:11:54,130 INFO o.a.j.e.StandardJMeterEngine: Running the test!
2026-08-17 10:11:54,132 INFO o.a.j.s.SampleEvent: List of sample_variables: []
2026-08-17 10:11:54,132 INFO o.a.j.s.SampleEvent: List of sample_variables: []
2026-08-17 10:11:54,141 INFO o.a.j.e.u.CompoundVariable: Note: Function class names must contain the string: '.functions.'
2026-08-17 10:11:54,141 INFO o.a.j.e.u.CompoundVariable: Note: Function class names must not contain the string: '.gui.'
2026-08-17 10:11:54,484 INFO o.a.j.JMeter: Running test (1786936314484)
2026-08-17 10:11:54,513 INFO o.a.j.e.StandardJMeterEngine: Starting ThreadGroup: 1 : Sustained candidate threshold - 25 VU
2026-08-17 10:11:54,515 INFO o.a.j.e.StandardJMeterEngine: Starting 25 threads for group Sustained candidate threshold - 25 VU.
2026-08-17 10:11:54,515 INFO o.a.j.e.StandardJMeterEngine: Thread will continue on error
2026-08-17 10:11:54,515 INFO o.a.j.t.ThreadGroup: Starting thread group... number=1 threads=25 ramp-up=30 delayedStart=false
2026-08-17 10:11:54,545 INFO o.a.j.t.JMeterThread: Thread started: Sustained candidate threshold - 25 VU 1-1
2026-08-17 10:11:54,560 INFO o.a.j.s.FileServer: Stored: ../data/admin-orders.csv
2026-08-17 10:11:54,578 INFO o.a.j.t.ThreadGroup: Started thread group number 1
2026-08-17 10:11:54,578 INFO o.a.j.e.StandardJMeterEngine: All thread groups have been started
2026-08-17 10:11:54,668 INFO o.a.j.p.h.s.HTTPHCAbstractImpl: Local host = TRAN
2026-08-17 10:11:54,684 INFO o.a.j.p.h.s.HTTPHC4Impl: HTTP request retry count = 0
2026-08-17 10:11:54,686 INFO o.a.j.s.SampleResult: Note: Sample TimeStamps are START times
2026-08-17 10:11:54,688 INFO o.a.j.s.SampleResult: sampleresult.default.encoding is set to UTF-8
2026-08-17 10:11:54,688 INFO o.a.j.s.SampleResult: sampleresult.useNanoTime=true
2026-08-17 10:11:54,688 INFO o.a.j.s.SampleResult: sampleresult.nanoThreadSleep=5000
2026-08-17 10:11:55,750 INFO o.a.j.t.JMeterThread: Thread started: Sustained candidate threshold - 25 VU 1-2
2026-08-17 10:11:56,938 INFO o.a.j.t.JMeterThread: Thread started: Sustained candidate threshold - 25 VU 1-3
2026-08-17 10:11:58,134 INFO o.a.j.t.JMeterThread: Thread started: Sustained candidate threshold - 25 VU 1-4
2026-08-17 10:11:59,332 INFO o.a.j.t.JMeterThread: Thread started: Sustained candidate threshold - 25 VU 1-5
2026-08-17 10:12:00,042 INFO o.a.j.r.Summariser: summary +     27 in 00:00:06 =    4.9/s Avg:    19 Min:     2 Max:    85 Err:     0 (0.00%) Active: 5 Started: 5 Finished: 0
2026-08-17 10:12:00,529 INFO o.a.j.t.JMeterThread: Thread started: Sustained candidate threshold - 25 VU 1-6
2026-08-17 10:12:01,772 INFO o.a.j.t.JMeterThread: Thread started: Sustained candidate threshold - 25 VU 1-7
2026-08-17 10:12:02,932 INFO o.a.j.t.JMeterThread: Thread started: Sustained candidate threshold - 25 VU 1-8
2026-08-17 10:12:04,142 INFO o.a.j.t.JMeterThread: Thread started: Sustained candidate threshold - 25 VU 1-9
2026-08-17 10:12:05,330 INFO o.a.j.t.JMeterThread: Thread started: Sustained candidate threshold - 25 VU 1-10
2026-08-17 10:12:06,551 INFO o.a.j.t.JMeterThread: Thread started: Sustained candidate threshold - 25 VU 1-11
2026-08-17 10:12:07,746 INFO o.a.j.t.JMeterThread: Thread started: Sustained candidate threshold - 25 VU 1-12
2026-08-17 10:12:08,951 INFO o.a.j.t.JMeterThread: Thread started: Sustained candidate threshold - 25 VU 1-13
2026-08-17 10:12:10,147 INFO o.a.j.t.JMeterThread: Thread started: Sustained candidate threshold - 25 VU 1-14
2026-08-17 10:12:11,343 INFO o.a.j.t.JMeterThread: Thread started: Sustained candidate threshold - 25 VU 1-15
2026-08-17 10:12:12,531 INFO o.a.j.t.JMeterThread: Thread started: Sustained candidate threshold - 25 VU 1-16
2026-08-17 10:12:13,725 INFO o.a.j.t.JMeterThread: Thread started: Sustained candidate threshold - 25 VU 1-17
2026-08-17 10:12:14,925 INFO o.a.j.t.JMeterThread: Thread started: Sustained candidate threshold - 25 VU 1-18
2026-08-17 10:12:16,122 INFO o.a.j.t.JMeterThread: Thread started: Sustained candidate threshold - 25 VU 1-19
2026-08-17 10:12:17,324 INFO o.a.j.t.JMeterThread: Thread started: Sustained candidate threshold - 25 VU 1-20
2026-08-17 10:12:18,519 INFO o.a.j.t.JMeterThread: Thread started: Sustained candidate threshold - 25 VU 1-21
2026-08-17 10:12:19,717 INFO o.a.j.t.JMeterThread: Thread started: Sustained candidate threshold - 25 VU 1-22
2026-08-17 10:12:20,919 INFO o.a.j.t.JMeterThread: Thread started: Sustained candidate threshold - 25 VU 1-23
2026-08-17 10:12:22,120 INFO o.a.j.t.JMeterThread: Thread started: Sustained candidate threshold - 25 VU 1-24
2026-08-17 10:12:23,326 INFO o.a.j.t.JMeterThread: Thread started: Sustained candidate threshold - 25 VU 1-25
2026-08-17 10:12:30,072 INFO o.a.j.r.Summariser: summary +    952 in 00:00:30 =   31.7/s Avg:    41 Min:     1 Max:   292 Err:     0 (0.00%) Active: 25 Started: 25 Finished: 0
2026-08-17 10:12:30,073 INFO o.a.j.r.Summariser: summary =    979 in 00:00:36 =   27.5/s Avg:    41 Min:     1 Max:   292 Err:     0 (0.00%)
2026-08-17 10:13:00,035 INFO o.a.j.r.Summariser: summary +   1360 in 00:00:30 =   45.4/s Avg:    47 Min:     0 Max:   324 Err:     0 (0.00%) Active: 25 Started: 25 Finished: 0
2026-08-17 10:13:00,036 INFO o.a.j.r.Summariser: summary =   2339 in 00:01:06 =   35.7/s Avg:    44 Min:     0 Max:   324 Err:     0 (0.00%)
2026-08-17 10:13:30,015 INFO o.a.j.r.Summariser: summary +   1383 in 00:00:30 =   46.1/s Avg:    43 Min:     0 Max:   220 Err:     0 (0.00%) Active: 25 Started: 25 Finished: 0
2026-08-17 10:13:30,015 INFO o.a.j.r.Summariser: summary =   3722 in 00:01:36 =   39.0/s Avg:    44 Min:     0 Max:   324 Err:     0 (0.00%)
2026-08-17 10:14:00,051 INFO o.a.j.r.Summariser: summary +   1387 in 00:00:30 =   46.2/s Avg:    37 Min:     0 Max:   240 Err:     0 (0.00%) Active: 25 Started: 25 Finished: 0
2026-08-17 10:14:00,052 INFO o.a.j.r.Summariser: summary =   5109 in 00:02:06 =   40.7/s Avg:    42 Min:     0 Max:   324 Err:     0 (0.00%)
2026-08-17 10:14:30,013 INFO o.a.j.r.Summariser: summary +   1388 in 00:00:30 =   46.3/s Avg:    44 Min:     0 Max:   262 Err:     0 (0.00%) Active: 25 Started: 25 Finished: 0
2026-08-17 10:14:30,015 INFO o.a.j.r.Summariser: summary =   6497 in 00:02:36 =   41.8/s Avg:    42 Min:     0 Max:   324 Err:     0 (0.00%)
2026-08-17 10:15:00,045 INFO o.a.j.r.Summariser: summary +   1380 in 00:00:30 =   46.0/s Avg:    42 Min:     0 Max:   251 Err:     0 (0.00%) Active: 25 Started: 25 Finished: 0
2026-08-17 10:15:00,045 INFO o.a.j.r.Summariser: summary =   7877 in 00:03:06 =   42.4/s Avg:    42 Min:     0 Max:   324 Err:     0 (0.00%)
2026-08-17 10:15:30,015 INFO o.a.j.r.Summariser: summary +   1386 in 00:00:30 =   46.3/s Avg:    44 Min:     0 Max:   278 Err:     0 (0.00%) Active: 25 Started: 25 Finished: 0
2026-08-17 10:15:30,020 INFO o.a.j.r.Summariser: summary =   9263 in 00:03:36 =   43.0/s Avg:    42 Min:     0 Max:   324 Err:     0 (0.00%)
2026-08-17 10:16:00,002 INFO o.a.j.r.Summariser: summary +   1376 in 00:00:30 =   45.9/s Avg:    42 Min:     0 Max:   268 Err:     0 (0.00%) Active: 25 Started: 25 Finished: 0
2026-08-17 10:16:00,003 INFO o.a.j.r.Summariser: summary =  10639 in 00:04:06 =   43.3/s Avg:    42 Min:     0 Max:   324 Err:     0 (0.00%)
2026-08-17 10:16:30,021 INFO o.a.j.r.Summariser: summary +   1410 in 00:00:30 =   47.0/s Avg:    37 Min:     0 Max:   167 Err:     0 (0.00%) Active: 25 Started: 25 Finished: 0
2026-08-17 10:16:30,021 INFO o.a.j.r.Summariser: summary =  12049 in 00:04:36 =   43.7/s Avg:    42 Min:     0 Max:   324 Err:     0 (0.00%)
2026-08-17 10:17:00,063 INFO o.a.j.r.Summariser: summary +   1387 in 00:00:30 =   46.2/s Avg:    47 Min:     0 Max:   315 Err:     0 (0.00%) Active: 25 Started: 25 Finished: 0
2026-08-17 10:17:00,064 INFO o.a.j.r.Summariser: summary =  13436 in 00:05:06 =   44.0/s Avg:    42 Min:     0 Max:   324 Err:     0 (0.00%)
2026-08-17 10:17:30,003 INFO o.a.j.r.Summariser: summary +   1360 in 00:00:30 =   45.4/s Avg:    52 Min:     0 Max:   765 Err:     0 (0.00%) Active: 25 Started: 25 Finished: 0
2026-08-17 10:17:30,003 INFO o.a.j.r.Summariser: summary =  14796 in 00:05:36 =   44.1/s Avg:    43 Min:     0 Max:   765 Err:     0 (0.00%)
2026-08-17 10:18:00,048 INFO o.a.j.r.Summariser: summary +   1404 in 00:00:30 =   46.7/s Avg:    35 Min:     0 Max:   209 Err:     0 (0.00%) Active: 25 Started: 25 Finished: 0
2026-08-17 10:18:00,049 INFO o.a.j.r.Summariser: summary =  16200 in 00:06:06 =   44.3/s Avg:    42 Min:     0 Max:   765 Err:     0 (0.00%)
2026-08-17 10:18:30,006 INFO o.a.j.r.Summariser: summary +   1405 in 00:00:30 =   46.9/s Avg:    37 Min:     0 Max:   264 Err:     0 (0.00%) Active: 25 Started: 25 Finished: 0
2026-08-17 10:18:30,007 INFO o.a.j.r.Summariser: summary =  17605 in 00:06:36 =   44.5/s Avg:    42 Min:     0 Max:   765 Err:     0 (0.00%)
2026-08-17 10:19:00,035 INFO o.a.j.r.Summariser: summary +   1375 in 00:00:30 =   45.8/s Avg:    44 Min:     0 Max:   202 Err:     0 (0.00%) Active: 25 Started: 25 Finished: 0
2026-08-17 10:19:00,036 INFO o.a.j.r.Summariser: summary =  18980 in 00:07:06 =   44.6/s Avg:    42 Min:     0 Max:   765 Err:     0 (0.00%)
2026-08-17 10:19:30,033 INFO o.a.j.r.Summariser: summary +   1307 in 00:00:30 =   43.6/s Avg:    74 Min:     0 Max:  1992 Err:     0 (0.00%) Active: 25 Started: 25 Finished: 0
2026-08-17 10:19:30,035 INFO o.a.j.r.Summariser: summary =  20287 in 00:07:36 =   44.5/s Avg:    44 Min:     0 Max:  1992 Err:     0 (0.00%)
2026-08-17 10:20:00,002 INFO o.a.j.r.Summariser: summary +   1412 in 00:00:30 =   47.1/s Avg:    35 Min:     0 Max:  1027 Err:     0 (0.00%) Active: 25 Started: 25 Finished: 0
2026-08-17 10:20:00,002 INFO o.a.j.r.Summariser: summary =  21699 in 00:08:06 =   44.7/s Avg:    44 Min:     0 Max:  1992 Err:     0 (0.00%)
2026-08-17 10:20:30,003 INFO o.a.j.r.Summariser: summary +   1491 in 00:00:30 =   49.7/s Avg:    13 Min:     0 Max:    72 Err:     0 (0.00%) Active: 25 Started: 25 Finished: 0
2026-08-17 10:20:30,004 INFO o.a.j.r.Summariser: summary =  23190 in 00:08:36 =   45.0/s Avg:    42 Min:     0 Max:  1992 Err:     0 (0.00%)
2026-08-17 10:21:00,023 INFO o.a.j.r.Summariser: summary +   1469 in 00:00:30 =   48.9/s Avg:    12 Min:     0 Max:    72 Err:     0 (0.00%) Active: 25 Started: 25 Finished: 0
2026-08-17 10:21:00,024 INFO o.a.j.r.Summariser: summary =  24659 in 00:09:06 =   45.2/s Avg:    40 Min:     0 Max:  1992 Err:     0 (0.00%)
2026-08-17 10:21:30,085 INFO o.a.j.r.Summariser: summary +   1475 in 00:00:30 =   49.1/s Avg:    13 Min:     0 Max:    69 Err:     0 (0.00%) Active: 25 Started: 25 Finished: 0
2026-08-17 10:21:30,086 INFO o.a.j.r.Summariser: summary =  26134 in 00:09:36 =   45.4/s Avg:    38 Min:     0 Max:  1992 Err:     0 (0.00%)
2026-08-17 10:22:00,042 INFO o.a.j.r.Summariser: summary +   1481 in 00:00:30 =   49.4/s Avg:    13 Min:     0 Max:    73 Err:     0 (0.00%) Active: 25 Started: 25 Finished: 0
2026-08-17 10:22:00,043 INFO o.a.j.r.Summariser: summary =  27615 in 00:10:06 =   45.6/s Avg:    37 Min:     0 Max:  1992 Err:     0 (0.00%)
2026-08-17 10:22:30,004 INFO o.a.j.r.Summariser: summary +   1465 in 00:00:30 =   48.9/s Avg:    13 Min:     0 Max:    86 Err:     0 (0.00%) Active: 25 Started: 25 Finished: 0
2026-08-17 10:22:30,005 INFO o.a.j.r.Summariser: summary =  29080 in 00:10:36 =   45.8/s Avg:    36 Min:     0 Max:  1992 Err:     0 (0.00%)
2026-08-17 10:23:00,015 INFO o.a.j.r.Summariser: summary +   1480 in 00:00:30 =   49.3/s Avg:    14 Min:     0 Max:    90 Err:     0 (0.00%) Active: 25 Started: 25 Finished: 0
2026-08-17 10:23:00,016 INFO o.a.j.r.Summariser: summary =  30560 in 00:11:06 =   45.9/s Avg:    35 Min:     0 Max:  1992 Err:     0 (0.00%)
2026-08-17 10:23:30,024 INFO o.a.j.r.Summariser: summary +   1466 in 00:00:30 =   48.9/s Avg:    14 Min:     0 Max:    84 Err:     0 (0.00%) Active: 25 Started: 25 Finished: 0
2026-08-17 10:23:30,025 INFO o.a.j.r.Summariser: summary =  32026 in 00:11:36 =   46.0/s Avg:    34 Min:     0 Max:  1992 Err:     0 (0.00%)
2026-08-17 10:24:00,015 INFO o.a.j.r.Summariser: summary +   1475 in 00:00:30 =   49.2/s Avg:    13 Min:     0 Max:    82 Err:     0 (0.00%) Active: 25 Started: 25 Finished: 0
2026-08-17 10:24:00,015 INFO o.a.j.r.Summariser: summary =  33501 in 00:12:06 =   46.2/s Avg:    33 Min:     0 Max:  1992 Err:     0 (0.00%)
2026-08-17 10:24:30,035 INFO o.a.j.r.Summariser: summary +   1460 in 00:00:30 =   48.6/s Avg:    14 Min:     0 Max:    81 Err:     0 (0.00%) Active: 25 Started: 25 Finished: 0
2026-08-17 10:24:30,035 INFO o.a.j.r.Summariser: summary =  34961 in 00:12:36 =   46.3/s Avg:    32 Min:     0 Max:  1992 Err:     0 (0.00%)
2026-08-17 10:25:00,015 INFO o.a.j.r.Summariser: summary +   1487 in 00:00:30 =   49.6/s Avg:    14 Min:     0 Max:    97 Err:     0 (0.00%) Active: 25 Started: 25 Finished: 0
2026-08-17 10:25:00,016 INFO o.a.j.r.Summariser: summary =  36448 in 00:13:06 =   46.4/s Avg:    31 Min:     0 Max:  1992 Err:     0 (0.00%)
2026-08-17 10:25:30,026 INFO o.a.j.r.Summariser: summary +   1474 in 00:00:30 =   49.1/s Avg:    14 Min:     0 Max:    93 Err:     0 (0.00%) Active: 25 Started: 25 Finished: 0
2026-08-17 10:25:30,027 INFO o.a.j.r.Summariser: summary =  37922 in 00:13:36 =   46.5/s Avg:    31 Min:     0 Max:  1992 Err:     0 (0.00%)
2026-08-17 10:26:00,017 INFO o.a.j.r.Summariser: summary +   1504 in 00:00:30 =   50.1/s Avg:    14 Min:     0 Max:   105 Err:     0 (0.00%) Active: 25 Started: 25 Finished: 0
2026-08-17 10:26:00,018 INFO o.a.j.r.Summariser: summary =  39426 in 00:14:06 =   46.6/s Avg:    30 Min:     0 Max:  1992 Err:     0 (0.00%)
2026-08-17 10:26:30,006 INFO o.a.j.r.Summariser: summary +   1468 in 00:00:30 =   49.0/s Avg:    14 Min:     0 Max:    70 Err:     0 (0.00%) Active: 25 Started: 25 Finished: 0
2026-08-17 10:26:30,007 INFO o.a.j.r.Summariser: summary =  40894 in 00:14:36 =   46.7/s Avg:    29 Min:     0 Max:  1992 Err:     0 (0.00%)
2026-08-17 10:26:53,513 INFO o.a.j.t.JMeterThread: Thread finished: Sustained candidate threshold - 25 VU 1-22
2026-08-17 10:26:53,812 INFO o.a.j.t.JMeterThread: Thread finished: Sustained candidate threshold - 25 VU 1-7
2026-08-17 10:26:53,880 INFO o.a.j.t.JMeterThread: Thread finished: Sustained candidate threshold - 25 VU 1-12
2026-08-17 10:26:53,882 INFO o.a.j.t.JMeterThread: Thread finished: Sustained candidate threshold - 25 VU 1-4
2026-08-17 10:26:53,946 INFO o.a.j.t.JMeterThread: Thread finished: Sustained candidate threshold - 25 VU 1-21
2026-08-17 10:26:54,008 INFO o.a.j.t.JMeterThread: Thread finished: Sustained candidate threshold - 25 VU 1-2
2026-08-17 10:26:54,044 INFO o.a.j.t.JMeterThread: Thread finished: Sustained candidate threshold - 25 VU 1-5
2026-08-17 10:26:54,100 INFO o.a.j.t.JMeterThread: Thread finished: Sustained candidate threshold - 25 VU 1-19
2026-08-17 10:26:54,121 INFO o.a.j.t.JMeterThread: Thread finished: Sustained candidate threshold - 25 VU 1-1
2026-08-17 10:26:54,133 INFO o.a.j.t.JMeterThread: Thread finished: Sustained candidate threshold - 25 VU 1-14
2026-08-17 10:26:54,163 INFO o.a.j.t.JMeterThread: Thread finished: Sustained candidate threshold - 25 VU 1-25
2026-08-17 10:26:54,192 INFO o.a.j.t.JMeterThread: Thread finished: Sustained candidate threshold - 25 VU 1-11
2026-08-17 10:26:54,196 INFO o.a.j.t.JMeterThread: Thread finished: Sustained candidate threshold - 25 VU 1-15
2026-08-17 10:26:54,215 INFO o.a.j.t.JMeterThread: Thread finished: Sustained candidate threshold - 25 VU 1-13
2026-08-17 10:26:54,222 INFO o.a.j.t.JMeterThread: Thread finished: Sustained candidate threshold - 25 VU 1-16
2026-08-17 10:26:54,245 INFO o.a.j.t.JMeterThread: Thread finished: Sustained candidate threshold - 25 VU 1-10
2026-08-17 10:26:54,248 INFO o.a.j.t.JMeterThread: Thread finished: Sustained candidate threshold - 25 VU 1-3
2026-08-17 10:26:54,352 INFO o.a.j.t.JMeterThread: Thread finished: Sustained candidate threshold - 25 VU 1-8
2026-08-17 10:26:54,404 INFO o.a.j.t.JMeterThread: Thread finished: Sustained candidate threshold - 25 VU 1-6
2026-08-17 10:26:54,437 INFO o.a.j.t.JMeterThread: Thread finished: Sustained candidate threshold - 25 VU 1-9
2026-08-17 10:26:54,456 INFO o.a.j.t.JMeterThread: Thread finished: Sustained candidate threshold - 25 VU 1-23
2026-08-17 10:26:54,503 INFO o.a.j.t.JMeterThread: Thread finished: Sustained candidate threshold - 25 VU 1-20
2026-08-17 10:26:54,510 INFO o.a.j.t.JMeterThread: Thread finished: Sustained candidate threshold - 25 VU 1-18
2026-08-17 10:26:54,554 INFO o.a.j.t.JMeterThread: Thread finished: Sustained candidate threshold - 25 VU 1-17
2026-08-17 10:26:54,554 INFO o.a.j.t.JMeterThread: Thread finished: Sustained candidate threshold - 25 VU 1-24
2026-08-17 10:26:54,554 INFO o.a.j.e.StandardJMeterEngine: Notifying test listeners of end of test
2026-08-17 10:26:54,554 INFO o.a.j.s.FileServer: Close: ../data/admin-orders.csv
2026-08-17 10:26:54,554 INFO o.a.j.r.Summariser: summary +   1200 in 00:00:25 =   48.9/s Avg:    13 Min:     0 Max:    62 Err:     0 (0.00%) Active: 0 Started: 25 Finished: 25
2026-08-17 10:26:54,554 INFO o.a.j.r.Summariser: summary =  42094 in 00:15:00 =   46.8/s Avg:    29 Min:     0 Max:  1992 Err:     0 (0.00%)
2026-08-17 10:26:54,554 INFO o.a.j.JMeter: Generating Dashboard
2026-08-17 10:26:54,554 INFO o.a.j.r.d.ReportGenerator: Flushing result collector before report Generation
2026-08-17 10:26:54,610 INFO o.a.j.r.p.NormalizerSampleConsumer: Using format, 'ms', to parse timeStamp field
2026-08-17 10:26:55,265 INFO o.a.j.r.p.AbstractSampleConsumer: class org.apache.jmeter.report.processor.AggregateConsumer#stopProducing(): beginDate produced 0 samples
2026-08-17 10:26:55,265 INFO o.a.j.r.p.AbstractSampleConsumer: class org.apache.jmeter.report.processor.AggregateConsumer#stopProducing(): endDate produced 0 samples
2026-08-17 10:26:55,265 INFO o.a.j.r.p.AbstractSampleConsumer: class org.apache.jmeter.report.processor.ApdexSummaryConsumer#stopProducing(): apdexSummary produced 0 samples
2026-08-17 10:26:55,265 INFO o.a.j.r.p.AbstractSampleConsumer: class org.apache.jmeter.report.processor.RequestsSummaryConsumer#stopProducing(): requestsSummary produced 0 samples
2026-08-17 10:26:55,277 INFO o.a.j.r.p.AbstractSampleConsumer: class org.apache.jmeter.report.processor.StatisticsSummaryConsumer#stopProducing(): statisticsSummary produced 0 samples
2026-08-17 10:26:55,277 INFO o.a.j.r.p.AbstractSampleConsumer: class org.apache.jmeter.report.processor.Top5ErrorsBySamplerConsumer#stopProducing(): top5ErrorsBySampler produced 0 samples
2026-08-17 10:26:55,277 INFO o.a.j.r.p.AbstractSampleConsumer: class org.apache.jmeter.report.processor.ErrorsSummaryConsumer#stopProducing(): errorsSummary produced 0 samples
2026-08-17 10:26:55,277 INFO o.a.j.r.p.AbstractSampleConsumer: class org.apache.jmeter.report.processor.graph.impl.HitsPerSecondGraphConsumer#stopProducing(): hitsPerSecond produced 0 samples
2026-08-17 10:26:55,547 INFO o.a.j.r.p.AbstractSampleConsumer: class org.apache.jmeter.report.processor.graph.impl.LatencyVSRequestGraphConsumer#stopProducing(): latencyVsRequest produced 0 samples
2026-08-17 10:26:55,547 INFO o.a.j.r.p.AbstractSampleConsumer: class org.apache.jmeter.report.processor.graph.impl.SyntheticResponseTimeDistributionGraphConsumer#stopProducing(): syntheticResponseTimeDistribution produced 0 samples
2026-08-17 10:26:55,547 INFO o.a.j.r.p.AbstractSampleConsumer: class org.apache.jmeter.report.processor.graph.impl.BytesThroughputGraphConsumer#stopProducing(): bytesThroughputOverTime produced 0 samples
2026-08-17 10:26:55,547 INFO o.a.j.r.p.AbstractSampleConsumer: class org.apache.jmeter.report.processor.graph.impl.CodesPerSecondGraphConsumer#stopProducing(): codesPerSecond produced 0 samples
2026-08-17 10:26:55,826 INFO o.a.j.r.p.AbstractSampleConsumer: class org.apache.jmeter.report.processor.graph.impl.ResponseTimeVSRequestGraphConsumer#stopProducing(): responseTimeVsRequest produced 0 samples
2026-08-17 10:26:55,826 INFO o.a.j.r.p.AbstractSampleConsumer: class org.apache.jmeter.report.processor.FilterConsumer#stopProducing(): startIntervalControlerFilter produced 294658 samples
2026-08-17 10:26:55,826 INFO o.a.j.r.p.AbstractSampleConsumer: class org.apache.jmeter.report.processor.graph.impl.TotalTPSGraphConsumer#stopProducing(): totalTPS produced 0 samples
2026-08-17 10:26:55,826 INFO o.a.j.r.p.AbstractSampleConsumer: class org.apache.jmeter.report.processor.graph.impl.ActiveThreadsGraphConsumer#stopProducing(): activeThreadsOverTime produced 0 samples
2026-08-17 10:26:55,826 INFO o.a.j.r.p.AbstractSampleConsumer: class org.apache.jmeter.report.processor.graph.impl.TimeVSThreadGraphConsumer#stopProducing(): timeVsThreads produced 0 samples
2026-08-17 10:26:55,826 INFO o.a.j.r.p.AbstractSampleConsumer: class org.apache.jmeter.report.processor.graph.impl.ResponseTimeDistributionGraphConsumer#stopProducing(): responseTimeDistribution produced 0 samples
2026-08-17 10:26:55,826 INFO o.a.j.r.p.AbstractSampleConsumer: class org.apache.jmeter.report.processor.graph.impl.TransactionsPerSecondGraphConsumer#stopProducing(): transactionsPerSecond produced 0 samples
2026-08-17 10:26:55,826 INFO o.a.j.r.p.AbstractSampleConsumer: class org.apache.jmeter.report.processor.graph.impl.ResponseTimePercentilesGraphConsumer#stopProducing(): responseTimePercentiles produced 0 samples
2026-08-17 10:26:55,831 INFO o.a.j.r.p.AbstractSampleConsumer: class org.apache.jmeter.report.processor.graph.impl.ResponseTimePercentilesOverTimeGraphConsumer#stopProducing(): responseTimePercentilesOverTime produced 0 samples
2026-08-17 10:26:55,831 INFO o.a.j.r.p.AbstractSampleConsumer: class org.apache.jmeter.report.processor.graph.impl.ResponseTimeOverTimeGraphConsumer#stopProducing(): responseTimesOverTime produced 0 samples
2026-08-17 10:26:55,831 INFO o.a.j.r.p.AbstractSampleConsumer: class org.apache.jmeter.report.processor.graph.impl.ConnectTimeOverTimeGraphConsumer#stopProducing(): connectTimeOverTime produced 0 samples
2026-08-17 10:26:55,831 INFO o.a.j.r.p.AbstractSampleConsumer: class org.apache.jmeter.report.processor.graph.impl.LatencyOverTimeGraphConsumer#stopProducing(): latenciesOverTime produced 0 samples
2026-08-17 10:26:55,831 INFO o.a.j.r.p.AbstractSampleConsumer: class org.apache.jmeter.report.processor.FilterConsumer#stopProducing(): nameFilter produced 631410 samples
2026-08-17 10:26:55,831 INFO o.a.j.r.p.AbstractSampleConsumer: class org.apache.jmeter.report.processor.FilterConsumer#stopProducing(): dateRangeFilter produced 126282 samples
2026-08-17 10:26:55,831 INFO o.a.j.r.p.AbstractSampleConsumer: class org.apache.jmeter.report.processor.NormalizerSampleConsumer#stopProducing(): normalizer produced 42094 samples
2026-08-17 10:26:55,831 INFO o.a.j.r.p.CsvFileSampleSource: produce(): 42094 samples produced in 1s 210 ms on channel 0
2026-08-17 10:26:55,831 INFO o.a.j.r.d.ReportGenerator: Exporting data using exporter:'json' of className:'org.apache.jmeter.report.dashboard.JsonExporter'
2026-08-17 10:26:55,887 INFO o.a.j.r.d.JsonExporter: Found data for consumer statisticsSummary in context
2026-08-17 10:26:55,887 INFO o.a.j.r.d.JsonExporter: Creating statistics for overall
2026-08-17 10:26:55,887 INFO o.a.j.r.d.JsonExporter: Creating statistics for other transactions
2026-08-17 10:26:55,887 INFO o.a.j.r.d.JsonExporter: Checking output folder
2026-08-17 10:26:55,887 INFO o.a.j.r.d.JsonExporter: Writing statistics JSON to D:\CODE\23127272_CS13003_HW\HW05-AI\performance\results\23127272_Endurance_20260817\23127272_Endurance_20260817-report\statistics.json
2026-08-17 10:26:55,921 INFO o.a.j.r.d.ReportGenerator: Exporting data using exporter:'html' of className:'org.apache.jmeter.report.dashboard.HtmlTemplateExporter'
2026-08-17 10:26:55,921 INFO o.a.j.r.d.HtmlTemplateExporter: Will generate dashboard in folder: D:\CODE\23127272_CS13003_HW\HW05-AI\performance\results\23127272_Endurance_20260817\23127272_Endurance_20260817-report
2026-08-17 10:26:56,069 INFO o.a.j.r.d.HtmlTemplateExporter: Report will be generated in: D:\CODE\23127272_CS13003_HW\HW05-AI\performance\results\23127272_Endurance_20260817\23127272_Endurance_20260817-report, creating folder structure
2026-08-17 10:26:56,069 INFO o.a.j.r.d.TemplateVisitor: Copying folder from 'D:\CODE\tools\apache-jmeter-5.6.3\bin\report-template' to 'D:\CODE\23127272_CS13003_HW\HW05-AI\performance\results\23127272_Endurance_20260817\23127272_Endurance_20260817-report', got message: D:\CODE\23127272_CS13003_HW\HW05-AI\performance\results\23127272_Endurance_20260817\23127272_Endurance_20260817-report, found non empty folder with following content [D:\CODE\23127272_CS13003_HW\HW05-AI\performance\results\23127272_Endurance_20260817\23127272_Endurance_20260817-report\statistics.json], will be ignored
2026-08-17 10:26:56,246 INFO o.a.j.JMeter: Dashboard generated
