2026-08-17 09:57:20,896 INFO o.a.j.u.JMeterUtils: Setting Locale to en_EN
2026-08-17 09:57:20,918 INFO o.a.j.JMeter: Loading user properties from: D:\CODE\tools\apache-jmeter-5.6.3\bin\user.properties
2026-08-17 09:57:20,919 INFO o.a.j.JMeter: Loading system properties from: D:\CODE\tools\apache-jmeter-5.6.3\bin\system.properties
2026-08-17 09:57:20,920 INFO o.a.j.JMeter: Setting JMeter property: jmeter.save.saveservice.output_format=csv
2026-08-17 09:57:20,920 INFO o.a.j.JMeter: Setting JMeter property: jmeter.save.saveservice.print_field_names=true
2026-08-17 09:57:20,920 INFO o.a.j.JMeter: Setting JMeter property: jmeter.save.saveservice.assertion_results_failure_message=true
2026-08-17 09:57:20,920 INFO o.a.j.JMeter: Setting JMeter property: jmeter.save.saveservice.thread_counts=true
2026-08-17 09:57:20,920 INFO o.a.j.JMeter: Setting JMeter property: jmeter.save.saveservice.url=true
2026-08-17 09:57:20,920 INFO o.a.j.JMeter: Setting JMeter property: jmeter.save.saveservice.connect_time=true
2026-08-17 09:57:20,926 INFO o.a.j.JMeter: Copyright (c) 1998-2024 The Apache Software Foundation
2026-08-17 09:57:20,926 INFO o.a.j.JMeter: Version 5.6.3
2026-08-17 09:57:20,926 INFO o.a.j.JMeter: java.version=21.0.12
2026-08-17 09:57:20,927 INFO o.a.j.JMeter: java.vm.name=OpenJDK 64-Bit Server VM
2026-08-17 09:57:20,927 INFO o.a.j.JMeter: os.name=Windows 11
2026-08-17 09:57:20,927 INFO o.a.j.JMeter: os.arch=amd64
2026-08-17 09:57:20,927 INFO o.a.j.JMeter: os.version=10.0
2026-08-17 09:57:20,927 INFO o.a.j.JMeter: file.encoding=UTF-8
2026-08-17 09:57:20,927 INFO o.a.j.JMeter: java.awt.headless=true
2026-08-17 09:57:20,927 INFO o.a.j.JMeter: Max memory     =1073741824
2026-08-17 09:57:20,927 INFO o.a.j.JMeter: Available Processors =20
2026-08-17 09:57:20,935 INFO o.a.j.JMeter: Default Locale=English (EN)
2026-08-17 09:57:20,935 INFO o.a.j.JMeter: JMeter  Locale=English (EN)
2026-08-17 09:57:20,935 INFO o.a.j.JMeter: JMeterHome=D:\CODE\tools\apache-jmeter-5.6.3
2026-08-17 09:57:20,935 INFO o.a.j.JMeter: user.dir  =D:\CODE\23127272_CS13003_HW\HW05-AI
2026-08-17 09:57:20,935 INFO o.a.j.JMeter: PWD       =D:\CODE\23127272_CS13003_HW\HW05-AI
2026-08-17 09:57:20,939 INFO o.a.j.JMeter: IP: 10.126.9.141 Name: TRAN FullName: 10.126.9.141
2026-08-17 09:57:20,947 INFO o.a.j.JMeter: Setting property 'jmeter.reportgenerator.outputdir' to:'D:\CODE\23127272_CS13003_HW\HW05-AI\performance\results\23127272_Spike_20260817\23127272_Spike_20260817-report'
2026-08-17 09:57:20,948 INFO o.a.j.s.FileServer: Default base='D:\CODE\23127272_CS13003_HW\HW05-AI'
2026-08-17 09:57:20,950 INFO o.a.j.s.FileServer: Set new base='D:\CODE\23127272_CS13003_HW\HW05-AI\performance\plans'
2026-08-17 09:57:21,089 INFO o.a.j.s.SaveService: Testplan (JMX) version: 2.2. Testlog (JTL) version: 2.2
2026-08-17 09:57:21,109 INFO o.a.j.s.SaveService: Using SaveService properties version 5.0
2026-08-17 09:57:21,111 INFO o.a.j.s.SaveService: Using SaveService properties file encoding UTF-8
2026-08-17 09:57:21,113 INFO o.a.j.s.SaveService: Loading file: D:\CODE\23127272_CS13003_HW\HW05-AI\performance\plans\23127272_Spike_20260817.jmx
2026-08-17 09:57:21,170 INFO o.a.j.p.h.s.HTTPSamplerBase: Parser for text/html is org.apache.jmeter.protocol.http.parser.LagartoBasedHtmlParser
2026-08-17 09:57:21,171 INFO o.a.j.p.h.s.HTTPSamplerBase: Parser for application/xhtml+xml is org.apache.jmeter.protocol.http.parser.LagartoBasedHtmlParser
2026-08-17 09:57:21,171 INFO o.a.j.p.h.s.HTTPSamplerBase: Parser for application/xml is org.apache.jmeter.protocol.http.parser.LagartoBasedHtmlParser
2026-08-17 09:57:21,171 INFO o.a.j.p.h.s.HTTPSamplerBase: Parser for text/xml is org.apache.jmeter.protocol.http.parser.LagartoBasedHtmlParser
2026-08-17 09:57:21,171 INFO o.a.j.p.h.s.HTTPSamplerBase: Parser for text/vnd.wap.wml is org.apache.jmeter.protocol.http.parser.RegexpHTMLParser
2026-08-17 09:57:21,171 INFO o.a.j.p.h.s.HTTPSamplerBase: Parser for text/css is org.apache.jmeter.protocol.http.parser.CssParser
2026-08-17 09:57:21,220 INFO o.a.j.JMeter: Creating summariser <summary>
2026-08-17 09:57:21,223 INFO o.a.j.r.d.ReportGenerator: ReportGenerator will use for Parsing the separator: ','
2026-08-17 09:57:21,223 INFO o.a.j.r.d.ReportGenerator: Will generate report at end of test from  results file: D:\CODE\23127272_CS13003_HW\HW05-AI\performance\results\23127272_Spike_20260817\23127272_Spike_20260817.jtl
2026-08-17 09:57:21,223 INFO o.a.j.r.d.ReportGenerator: Reading report generator properties from: D:\CODE\tools\apache-jmeter-5.6.3\bin\reportgenerator.properties
2026-08-17 09:57:21,224 INFO o.a.j.r.d.ReportGenerator: Merging with JMeter properties
2026-08-17 09:57:21,226 INFO o.a.j.r.c.ReportGeneratorConfiguration: Property 'jmeter.reportgenerator.temp_dir' not found, using default value 'temp' instead.
2026-08-17 09:57:21,228 INFO o.a.j.r.c.ReportGeneratorConfiguration: Property 'jmeter.reportgenerator.apdex_per_transaction' not found, using default value 'null' instead.
2026-08-17 09:57:21,228 INFO o.a.j.r.c.ReportGeneratorConfiguration: apdex_per_transaction is empty, not APDEX per transaction customization
2026-08-17 09:57:21,228 INFO o.a.j.r.c.ReportGeneratorConfiguration: Property 'jmeter.reportgenerator.sample_filter' not found, using default value 'null' instead.
2026-08-17 09:57:21,228 INFO o.a.j.r.c.ReportGeneratorConfiguration: Property 'jmeter.reportgenerator.report_title' not found, using default value 'null' instead.
2026-08-17 09:57:21,228 INFO o.a.j.r.c.ReportGeneratorConfiguration: Property 'jmeter.reportgenerator.start_date' not found, using default value 'null' instead.
2026-08-17 09:57:21,228 INFO o.a.j.r.c.ReportGeneratorConfiguration: Property 'jmeter.reportgenerator.end_date' not found, using default value 'null' instead.
2026-08-17 09:57:21,228 INFO o.a.j.r.c.ReportGeneratorConfiguration: Property 'jmeter.reportgenerator.date_format' not found, using default value 'null' instead.
2026-08-17 09:57:21,229 INFO o.a.j.r.c.ReportGeneratorConfiguration: Will use date range start date: null, end date: null
2026-08-17 09:57:21,231 INFO o.a.j.r.c.ReportGeneratorConfiguration: Property 'jmeter.reportgenerator.graph.totalTPS.exclude_controllers' not found, using default value 'false' instead.
2026-08-17 09:57:21,231 INFO o.a.j.r.c.ReportGeneratorConfiguration: Property 'jmeter.reportgenerator.graph.activeThreadsOverTime.exclude_controllers' not found, using default value 'false' instead.
2026-08-17 09:57:21,231 INFO o.a.j.r.c.ReportGeneratorConfiguration: Property 'jmeter.reportgenerator.graph.timeVsThreads.exclude_controllers' not found, using default value 'false' instead.
2026-08-17 09:57:21,231 INFO o.a.j.r.c.ReportGeneratorConfiguration: Property 'jmeter.reportgenerator.graph.responseTimeDistribution.exclude_controllers' not found, using default value 'false' instead.
2026-08-17 09:57:21,232 INFO o.a.j.r.c.ReportGeneratorConfiguration: Property 'jmeter.reportgenerator.graph.transactionsPerSecond.exclude_controllers' not found, using default value 'false' instead.
2026-08-17 09:57:21,232 INFO o.a.j.r.c.ReportGeneratorConfiguration: Property 'jmeter.reportgenerator.graph.responseTimePercentiles.exclude_controllers' not found, using default value 'false' instead.
2026-08-17 09:57:21,232 INFO o.a.j.r.c.ReportGeneratorConfiguration: Property 'jmeter.reportgenerator.graph.responseTimePercentilesOverTime.exclude_controllers' not found, using default value 'false' instead.
2026-08-17 09:57:21,232 INFO o.a.j.r.c.ReportGeneratorConfiguration: Property 'jmeter.reportgenerator.graph.responseTimesOverTime.exclude_controllers' not found, using default value 'false' instead.
2026-08-17 09:57:21,232 INFO o.a.j.r.c.ReportGeneratorConfiguration: Property 'jmeter.reportgenerator.graph.connectTimeOverTime.exclude_controllers' not found, using default value 'false' instead.
2026-08-17 09:57:21,232 INFO o.a.j.r.c.ReportGeneratorConfiguration: Property 'jmeter.reportgenerator.graph.latenciesOverTime.exclude_controllers' not found, using default value 'false' instead.
2026-08-17 09:57:21,233 INFO o.a.j.r.c.ReportGeneratorConfiguration: Property 'jmeter.reportgenerator.exporter.json.filters_only_sample_series' not found, using default value 'true' instead.
2026-08-17 09:57:21,233 INFO o.a.j.r.c.ReportGeneratorConfiguration: Property 'jmeter.reportgenerator.exporter.json.series_filter' not found, using default value '' instead.
2026-08-17 09:57:21,233 INFO o.a.j.r.c.ReportGeneratorConfiguration: Property 'jmeter.reportgenerator.exporter.json.show_controllers_only' not found, using default value 'false' instead.
2026-08-17 09:57:21,233 INFO o.a.j.r.c.ReportGeneratorConfiguration: Property 'jmeter.reportgenerator.exporter.html.filters_only_sample_series' not found, using default value 'true' instead.
2026-08-17 09:57:21,233 INFO o.a.j.r.c.ReportGeneratorConfiguration: Property 'jmeter.reportgenerator.exporter.html.series_filter' not found, using default value '' instead.
2026-08-17 09:57:21,233 INFO o.a.j.r.c.ReportGeneratorConfiguration: Property 'jmeter.reportgenerator.exporter.html.show_controllers_only' not found, using default value 'false' instead.
2026-08-17 09:57:21,244 INFO o.a.j.e.StandardJMeterEngine: Running the test!
2026-08-17 09:57:21,246 INFO o.a.j.s.SampleEvent: List of sample_variables: []
2026-08-17 09:57:21,246 INFO o.a.j.s.SampleEvent: List of sample_variables: []
2026-08-17 09:57:21,249 INFO o.a.j.e.u.CompoundVariable: Note: Function class names must contain the string: '.functions.'
2026-08-17 09:57:21,250 INFO o.a.j.e.u.CompoundVariable: Note: Function class names must not contain the string: '.gui.'
2026-08-17 09:57:21,470 INFO o.a.j.JMeter: Running test (1786935441470)
2026-08-17 09:57:21,482 INFO o.a.j.e.StandardJMeterEngine: Starting ThreadGroup: 1 : Baseline and recovery - 15 VU
2026-08-17 09:57:21,482 INFO o.a.j.e.StandardJMeterEngine: Starting 15 threads for group Baseline and recovery - 15 VU.
2026-08-17 09:57:21,482 INFO o.a.j.e.StandardJMeterEngine: Thread will continue on error
2026-08-17 09:57:21,482 INFO o.a.j.t.ThreadGroup: Starting thread group... number=1 threads=15 ramp-up=20 delayedStart=false
2026-08-17 09:57:21,494 INFO o.a.j.t.ThreadGroup: Started thread group number 1
2026-08-17 09:57:21,494 INFO o.a.j.e.StandardJMeterEngine: Starting ThreadGroup: 2 : Sudden spike - add 120 VU
2026-08-17 09:57:21,494 INFO o.a.j.e.StandardJMeterEngine: Starting 120 threads for group Sudden spike - add 120 VU.
2026-08-17 09:57:21,494 INFO o.a.j.e.StandardJMeterEngine: Thread will continue on error
2026-08-17 09:57:21,494 INFO o.a.j.t.ThreadGroup: Starting thread group... number=2 threads=120 ramp-up=1 delayedStart=false
2026-08-17 09:57:21,510 INFO o.a.j.t.JMeterThread: Thread started: Baseline and recovery - 15 VU 1-1
2026-08-17 09:57:21,514 INFO o.a.j.s.FileServer: Stored: ../data/admin-orders.csv
2026-08-17 09:57:21,559 INFO o.a.j.t.ThreadGroup: Started thread group number 2
2026-08-17 09:57:21,559 INFO o.a.j.e.StandardJMeterEngine: All thread groups have been started
2026-08-17 09:57:21,629 INFO o.a.j.p.h.s.HTTPHCAbstractImpl: Local host = TRAN
2026-08-17 09:57:21,644 INFO o.a.j.p.h.s.HTTPHC4Impl: HTTP request retry count = 0
2026-08-17 09:57:21,647 INFO o.a.j.s.SampleResult: Note: Sample TimeStamps are START times
2026-08-17 09:57:21,647 INFO o.a.j.s.SampleResult: sampleresult.default.encoding is set to UTF-8
2026-08-17 09:57:21,647 INFO o.a.j.s.SampleResult: sampleresult.useNanoTime=true
2026-08-17 09:57:21,647 INFO o.a.j.s.SampleResult: sampleresult.nanoThreadSleep=5000
2026-08-17 09:57:22,841 INFO o.a.j.t.JMeterThread: Thread started: Baseline and recovery - 15 VU 1-2
2026-08-17 09:57:24,173 INFO o.a.j.t.JMeterThread: Thread started: Baseline and recovery - 15 VU 1-3
2026-08-17 09:57:25,506 INFO o.a.j.t.JMeterThread: Thread started: Baseline and recovery - 15 VU 1-4
2026-08-17 09:57:26,838 INFO o.a.j.t.JMeterThread: Thread started: Baseline and recovery - 15 VU 1-5
2026-08-17 09:57:28,171 INFO o.a.j.t.JMeterThread: Thread started: Baseline and recovery - 15 VU 1-6
2026-08-17 09:57:29,503 INFO o.a.j.t.JMeterThread: Thread started: Baseline and recovery - 15 VU 1-7
2026-08-17 09:57:30,109 INFO o.a.j.r.Summariser: summary +     64 in 00:00:09 =    7.4/s Avg:    10 Min:     1 Max:    41 Err:     0 (0.00%) Active: 7 Started: 7 Finished: 0
2026-08-17 09:57:30,836 INFO o.a.j.t.JMeterThread: Thread started: Baseline and recovery - 15 VU 1-8
2026-08-17 09:57:32,168 INFO o.a.j.t.JMeterThread: Thread started: Baseline and recovery - 15 VU 1-9
2026-08-17 09:57:33,500 INFO o.a.j.t.JMeterThread: Thread started: Baseline and recovery - 15 VU 1-10
2026-08-17 09:57:34,830 INFO o.a.j.t.JMeterThread: Thread started: Baseline and recovery - 15 VU 1-11
2026-08-17 09:57:36,163 INFO o.a.j.t.JMeterThread: Thread started: Baseline and recovery - 15 VU 1-12
2026-08-17 09:57:37,496 INFO o.a.j.t.JMeterThread: Thread started: Baseline and recovery - 15 VU 1-13
2026-08-17 09:57:38,829 INFO o.a.j.t.JMeterThread: Thread started: Baseline and recovery - 15 VU 1-14
2026-08-17 09:57:40,163 INFO o.a.j.t.JMeterThread: Thread started: Baseline and recovery - 15 VU 1-15
2026-08-17 09:58:00,012 INFO o.a.j.r.Summariser: summary +    790 in 00:00:30 =   26.4/s Avg:    13 Min:     0 Max:   306 Err:     0 (0.00%) Active: 15 Started: 15 Finished: 0
2026-08-17 09:58:00,012 INFO o.a.j.r.Summariser: summary =    854 in 00:00:39 =   22.2/s Avg:    13 Min:     0 Max:   306 Err:     0 (0.00%)
2026-08-17 10:02:13,292 INFO o.a.j.t.JMeterThread: Stopping because end time detected by thread: Baseline and recovery - 15 VU 1-6
2026-08-17 10:02:13,293 INFO o.a.j.t.JMeterThread: Thread finished: Baseline and recovery - 15 VU 1-6
2026-08-17 10:02:13,309 INFO o.a.j.t.JMeterThread: Stopping because end time detected by thread: Baseline and recovery - 15 VU 1-12
2026-08-17 10:02:13,309 INFO o.a.j.t.JMeterThread: Thread finished: Baseline and recovery - 15 VU 1-12
2026-08-17 10:02:13,363 INFO o.a.j.t.JMeterThread: Stopping because end time detected by thread: Baseline and recovery - 15 VU 1-13
2026-08-17 10:02:13,363 INFO o.a.j.t.JMeterThread: Thread finished: Baseline and recovery - 15 VU 1-13
2026-08-17 10:02:13,388 INFO o.a.j.t.JMeterThread: Thread started: Sudden spike - add 120 VU 2-1
2026-08-17 10:02:13,423 INFO o.a.j.t.JMeterThread: Stopping because end time detected by thread: Baseline and recovery - 15 VU 1-4
2026-08-17 10:02:13,424 INFO o.a.j.t.JMeterThread: Thread finished: Baseline and recovery - 15 VU 1-4
2026-08-17 10:02:13,425 INFO o.a.j.t.JMeterThread: Thread started: Sudden spike - add 120 VU 2-2
2026-08-17 10:02:13,428 INFO o.a.j.t.JMeterThread: Stopping because end time detected by thread: Baseline and recovery - 15 VU 1-9
2026-08-17 10:02:13,428 INFO o.a.j.t.JMeterThread: Thread finished: Baseline and recovery - 15 VU 1-9
2026-08-17 10:02:13,428 INFO o.a.j.t.JMeterThread: Thread started: Sudden spike - add 120 VU 2-3
2026-08-17 10:02:13,439 INFO o.a.j.t.JMeterThread: Thread started: Sudden spike - add 120 VU 2-6
2026-08-17 10:02:13,443 INFO o.a.j.t.JMeterThread: Thread started: Sudden spike - add 120 VU 2-7
2026-08-17 10:02:13,450 INFO o.a.j.t.JMeterThread: Thread started: Sudden spike - add 120 VU 2-12
2026-08-17 10:02:13,452 INFO o.a.j.t.JMeterThread: Thread started: Sudden spike - add 120 VU 2-13
2026-08-17 10:02:13,462 INFO o.a.j.t.JMeterThread: Thread started: Sudden spike - add 120 VU 2-14
2026-08-17 10:02:13,475 INFO o.a.j.t.JMeterThread: Thread started: Sudden spike - add 120 VU 2-5
2026-08-17 10:02:13,433 INFO o.a.j.t.JMeterThread: Thread started: Sudden spike - add 120 VU 2-4
2026-08-17 10:02:13,478 INFO o.a.j.t.JMeterThread: Thread started: Sudden spike - add 120 VU 2-9
2026-08-17 10:02:13,482 INFO o.a.j.t.JMeterThread: Thread started: Sudden spike - add 120 VU 2-10
2026-08-17 10:02:13,489 INFO o.a.j.t.JMeterThread: Thread started: Sudden spike - add 120 VU 2-18
2026-08-17 10:02:13,461 INFO o.a.j.t.JMeterThread: Thread started: Sudden spike - add 120 VU 2-8
2026-08-17 10:02:13,496 INFO o.a.j.t.JMeterThread: Thread started: Sudden spike - add 120 VU 2-19
2026-08-17 10:02:13,505 INFO o.a.j.t.JMeterThread: Thread started: Sudden spike - add 120 VU 2-20
2026-08-17 10:02:13,508 INFO o.a.j.t.JMeterThread: Stopping because end time detected by thread: Baseline and recovery - 15 VU 1-5
2026-08-17 10:02:13,508 INFO o.a.j.t.JMeterThread: Thread finished: Baseline and recovery - 15 VU 1-5
2026-08-17 10:02:13,538 INFO o.a.j.t.JMeterThread: Thread started: Sudden spike - add 120 VU 2-16
2026-08-17 10:02:13,513 INFO o.a.j.t.JMeterThread: Thread started: Sudden spike - add 120 VU 2-11
2026-08-17 10:02:13,519 INFO o.a.j.t.JMeterThread: Thread started: Sudden spike - add 120 VU 2-15
2026-08-17 10:02:13,562 INFO o.a.j.t.JMeterThread: Thread started: Sudden spike - add 120 VU 2-17
2026-08-17 10:02:13,570 INFO o.a.j.t.JMeterThread: Thread started: Sudden spike - add 120 VU 2-21
2026-08-17 10:02:13,579 INFO o.a.j.t.JMeterThread: Thread started: Sudden spike - add 120 VU 2-24
2026-08-17 10:02:13,582 INFO o.a.j.t.JMeterThread: Stopping because end time detected by thread: Baseline and recovery - 15 VU 1-10
2026-08-17 10:02:13,582 INFO o.a.j.t.JMeterThread: Thread finished: Baseline and recovery - 15 VU 1-10
2026-08-17 10:02:13,586 INFO o.a.j.t.JMeterThread: Thread started: Sudden spike - add 120 VU 2-31
2026-08-17 10:02:13,591 INFO o.a.j.t.JMeterThread: Stopping because end time detected by thread: Baseline and recovery - 15 VU 1-11
2026-08-17 10:02:13,590 INFO o.a.j.t.JMeterThread: Thread started: Sudden spike - add 120 VU 2-26
2026-08-17 10:02:13,591 INFO o.a.j.t.JMeterThread: Stopping because end time detected by thread: Baseline and recovery - 15 VU 1-1
2026-08-17 10:02:13,592 INFO o.a.j.t.JMeterThread: Thread finished: Baseline and recovery - 15 VU 1-11
2026-08-17 10:02:13,592 INFO o.a.j.t.JMeterThread: Thread finished: Baseline and recovery - 15 VU 1-1
2026-08-17 10:02:13,592 INFO o.a.j.t.JMeterThread: Stopping because end time detected by thread: Baseline and recovery - 15 VU 1-2
2026-08-17 10:02:13,592 INFO o.a.j.t.JMeterThread: Thread finished: Baseline and recovery - 15 VU 1-2
2026-08-17 10:02:13,592 INFO o.a.j.t.JMeterThread: Thread started: Sudden spike - add 120 VU 2-32
2026-08-17 10:02:13,594 INFO o.a.j.t.JMeterThread: Stopping because end time detected by thread: Baseline and recovery - 15 VU 1-7
2026-08-17 10:02:13,594 INFO o.a.j.t.JMeterThread: Thread finished: Baseline and recovery - 15 VU 1-7
2026-08-17 10:02:13,574 INFO o.a.j.t.JMeterThread: Thread started: Sudden spike - add 120 VU 2-22
2026-08-17 10:02:13,597 INFO o.a.j.t.JMeterThread: Thread started: Sudden spike - add 120 VU 2-23
2026-08-17 10:02:13,601 INFO o.a.j.t.JMeterThread: Thread started: Sudden spike - add 120 VU 2-33
2026-08-17 10:02:13,604 INFO o.a.j.t.JMeterThread: Stopping because end time detected by thread: Sudden spike - add 120 VU 2-2
2026-08-17 10:02:13,604 INFO o.a.j.t.JMeterThread: Thread finished: Sudden spike - add 120 VU 2-2
2026-08-17 10:02:13,609 INFO o.a.j.t.JMeterThread: Stopping because end time detected by thread: Sudden spike - add 120 VU 2-3
2026-08-17 10:02:13,610 INFO o.a.j.t.JMeterThread: Thread finished: Sudden spike - add 120 VU 2-3
2026-08-17 10:02:13,610 INFO o.a.j.t.JMeterThread: Stopping because end time detected by thread: Sudden spike - add 120 VU 2-1
2026-08-17 10:02:13,610 INFO o.a.j.t.JMeterThread: Thread finished: Sudden spike - add 120 VU 2-1
2026-08-17 10:02:13,610 INFO o.a.j.t.JMeterThread: Stopping because end time detected by thread: Sudden spike - add 120 VU 2-6
2026-08-17 10:02:13,610 INFO o.a.j.t.JMeterThread: Thread finished: Sudden spike - add 120 VU 2-6
2026-08-17 10:02:13,610 INFO o.a.j.t.JMeterThread: Stopping because end time detected by thread: Sudden spike - add 120 VU 2-7
2026-08-17 10:02:13,610 INFO o.a.j.t.JMeterThread: Thread finished: Sudden spike - add 120 VU 2-7
2026-08-17 10:02:13,610 INFO o.a.j.t.JMeterThread: Stopping because end time detected by thread: Sudden spike - add 120 VU 2-12
2026-08-17 10:02:13,610 INFO o.a.j.t.JMeterThread: Thread finished: Sudden spike - add 120 VU 2-12
2026-08-17 10:02:13,611 INFO o.a.j.t.JMeterThread: Stopping because end time detected by thread: Sudden spike - add 120 VU 2-13
2026-08-17 10:02:13,611 INFO o.a.j.t.JMeterThread: Thread finished: Sudden spike - add 120 VU 2-13
2026-08-17 10:02:13,611 INFO o.a.j.t.JMeterThread: Stopping because end time detected by thread: Sudden spike - add 120 VU 2-14
2026-08-17 10:02:13,611 INFO o.a.j.t.JMeterThread: Thread finished: Sudden spike - add 120 VU 2-14
2026-08-17 10:02:13,612 INFO o.a.j.t.JMeterThread: Stopping because end time detected by thread: Sudden spike - add 120 VU 2-5
2026-08-17 10:02:13,612 INFO o.a.j.t.JMeterThread: Stopping because end time detected by thread: Sudden spike - add 120 VU 2-4
2026-08-17 10:02:13,612 INFO o.a.j.t.JMeterThread: Thread finished: Sudden spike - add 120 VU 2-5
2026-08-17 10:02:13,612 INFO o.a.j.t.JMeterThread: Thread finished: Sudden spike - add 120 VU 2-4
2026-08-17 10:02:13,613 INFO o.a.j.t.JMeterThread: Stopping because end time detected by thread: Sudden spike - add 120 VU 2-19
2026-08-17 10:02:13,613 INFO o.a.j.t.JMeterThread: Thread finished: Sudden spike - add 120 VU 2-19
2026-08-17 10:02:13,613 INFO o.a.j.t.JMeterThread: Stopping because end time detected by thread: Sudden spike - add 120 VU 2-18
2026-08-17 10:02:13,613 INFO o.a.j.t.JMeterThread: Thread finished: Sudden spike - add 120 VU 2-18
2026-08-17 10:02:13,613 INFO o.a.j.t.JMeterThread: Stopping because end time detected by thread: Sudden spike - add 120 VU 2-10
2026-08-17 10:02:13,613 INFO o.a.j.t.JMeterThread: Thread finished: Sudden spike - add 120 VU 2-10
2026-08-17 10:02:13,616 INFO o.a.j.t.JMeterThread: Stopping because end time detected by thread: Sudden spike - add 120 VU 2-20
2026-08-17 10:02:13,616 INFO o.a.j.t.JMeterThread: Thread finished: Sudden spike - add 120 VU 2-20
2026-08-17 10:02:13,617 INFO o.a.j.t.JMeterThread: Stopping because end time detected by thread: Sudden spike - add 120 VU 2-9
2026-08-17 10:02:13,617 INFO o.a.j.t.JMeterThread: Thread finished: Sudden spike - add 120 VU 2-9
2026-08-17 10:02:13,618 INFO o.a.j.t.JMeterThread: Stopping because end time detected by thread: Baseline and recovery - 15 VU 1-3
2026-08-17 10:02:13,618 INFO o.a.j.t.JMeterThread: Thread finished: Baseline and recovery - 15 VU 1-3
2026-08-17 10:02:13,618 INFO o.a.j.t.JMeterThread: Stopping because end time detected by thread: Sudden spike - add 120 VU 2-11
2026-08-17 10:02:13,618 INFO o.a.j.t.JMeterThread: Thread finished: Sudden spike - add 120 VU 2-11
2026-08-17 10:02:13,618 INFO o.a.j.t.JMeterThread: Stopping because end time detected by thread: Sudden spike - add 120 VU 2-15
2026-08-17 10:02:13,618 INFO o.a.j.t.JMeterThread: Thread finished: Sudden spike - add 120 VU 2-15
2026-08-17 10:02:13,619 INFO o.a.j.t.JMeterThread: Stopping because end time detected by thread: Sudden spike - add 120 VU 2-21
2026-08-17 10:02:13,619 INFO o.a.j.t.JMeterThread: Thread finished: Sudden spike - add 120 VU 2-21
2026-08-17 10:02:13,621 INFO o.a.j.t.JMeterThread: Stopping because end time detected by thread: Sudden spike - add 120 VU 2-8
2026-08-17 10:02:13,621 INFO o.a.j.t.JMeterThread: Stopping because end time detected by thread: Sudden spike - add 120 VU 2-16
2026-08-17 10:02:13,622 INFO o.a.j.t.JMeterThread: Thread finished: Sudden spike - add 120 VU 2-8
2026-08-17 10:02:13,622 INFO o.a.j.t.JMeterThread: Thread finished: Sudden spike - add 120 VU 2-16
2026-08-17 10:02:13,622 INFO o.a.j.t.JMeterThread: Stopping because end time detected by thread: Baseline and recovery - 15 VU 1-8
2026-08-17 10:02:13,622 INFO o.a.j.t.JMeterThread: Thread finished: Baseline and recovery - 15 VU 1-8
2026-08-17 10:02:13,622 INFO o.a.j.t.JMeterThread: Stopping because end time detected by thread: Sudden spike - add 120 VU 2-31
2026-08-17 10:02:13,622 INFO o.a.j.t.JMeterThread: Thread finished: Sudden spike - add 120 VU 2-31
2026-08-17 10:02:13,622 INFO o.a.j.t.JMeterThread: Stopping because end time detected by thread: Sudden spike - add 120 VU 2-26
2026-08-17 10:02:13,623 INFO o.a.j.t.JMeterThread: Thread finished: Sudden spike - add 120 VU 2-26
2026-08-17 10:02:13,622 INFO o.a.j.t.JMeterThread: Thread started: Sudden spike - add 120 VU 2-28
2026-08-17 10:02:13,623 INFO o.a.j.t.JMeterThread: Stopping because end time detected by thread: Sudden spike - add 120 VU 2-32
2026-08-17 10:02:13,623 INFO o.a.j.t.JMeterThread: Thread finished: Sudden spike - add 120 VU 2-32
2026-08-17 10:02:13,623 INFO o.a.j.t.JMeterThread: Stopping because end time detected by thread: Sudden spike - add 120 VU 2-17
2026-08-17 10:02:13,623 INFO o.a.j.t.JMeterThread: Thread finished: Sudden spike - add 120 VU 2-17
2026-08-17 10:02:13,624 INFO o.a.j.t.JMeterThread: Thread started: Sudden spike - add 120 VU 2-27
2026-08-17 10:02:13,626 INFO o.a.j.t.JMeterThread: Thread started: Sudden spike - add 120 VU 2-30
2026-08-17 10:02:13,628 INFO o.a.j.t.JMeterThread: Stopping because end time detected by thread: Sudden spike - add 120 VU 2-22
2026-08-17 10:02:13,628 INFO o.a.j.t.JMeterThread: Thread finished: Sudden spike - add 120 VU 2-22
2026-08-17 10:02:13,628 INFO o.a.j.t.JMeterThread: Stopping because end time detected by thread: Sudden spike - add 120 VU 2-23
2026-08-17 10:02:13,629 INFO o.a.j.t.JMeterThread: Stopping because end time detected by thread: Sudden spike - add 120 VU 2-24
2026-08-17 10:02:13,629 INFO o.a.j.t.JMeterThread: Thread finished: Sudden spike - add 120 VU 2-24
2026-08-17 10:02:13,629 INFO o.a.j.t.JMeterThread: Thread finished: Sudden spike - add 120 VU 2-23
2026-08-17 10:02:13,631 INFO o.a.j.t.JMeterThread: Stopping because end time detected by thread: Sudden spike - add 120 VU 2-33
2026-08-17 10:02:13,631 INFO o.a.j.t.JMeterThread: Thread finished: Sudden spike - add 120 VU 2-33
2026-08-17 10:02:13,634 INFO o.a.j.t.JMeterThread: Thread started: Sudden spike - add 120 VU 2-25
2026-08-17 10:02:13,634 INFO o.a.j.t.JMeterThread: Thread started: Sudden spike - add 120 VU 2-29
2026-08-17 10:02:13,641 INFO o.a.j.t.JMeterThread: Stopping because end time detected by thread: Sudden spike - add 120 VU 2-28
2026-08-17 10:02:13,641 INFO o.a.j.t.JMeterThread: Stopping because end time detected by thread: Sudden spike - add 120 VU 2-30
2026-08-17 10:02:13,641 INFO o.a.j.t.JMeterThread: Thread finished: Sudden spike - add 120 VU 2-28
2026-08-17 10:02:13,641 INFO o.a.j.t.JMeterThread: Thread finished: Sudden spike - add 120 VU 2-30
2026-08-17 10:02:13,643 INFO o.a.j.t.JMeterThread: Thread started: Sudden spike - add 120 VU 2-37
2026-08-17 10:02:13,646 INFO o.a.j.t.JMeterThread: Stopping because end time detected by thread: Sudden spike - add 120 VU 2-27
2026-08-17 10:02:13,646 INFO o.a.j.t.JMeterThread: Stopping because end time detected by thread: Sudden spike - add 120 VU 2-29
2026-08-17 10:02:13,646 INFO o.a.j.t.JMeterThread: Thread finished: Sudden spike - add 120 VU 2-27
2026-08-17 10:02:13,646 INFO o.a.j.t.JMeterThread: Thread finished: Sudden spike - add 120 VU 2-29
2026-08-17 10:02:13,647 INFO o.a.j.t.JMeterThread: Stopping because end time detected by thread: Sudden spike - add 120 VU 2-25
2026-08-17 10:02:13,648 INFO o.a.j.t.JMeterThread: Thread finished: Sudden spike - add 120 VU 2-25
2026-08-17 10:02:13,649 INFO o.a.j.t.JMeterThread: Stopping because end time detected by thread: Sudden spike - add 120 VU 2-37
2026-08-17 10:02:13,650 INFO o.a.j.t.JMeterThread: Thread finished: Sudden spike - add 120 VU 2-37
2026-08-17 10:02:13,651 INFO o.a.j.t.JMeterThread: Thread started: Sudden spike - add 120 VU 2-38
2026-08-17 10:02:13,651 INFO o.a.j.t.JMeterThread: Thread started: Sudden spike - add 120 VU 2-34
2026-08-17 10:02:13,657 INFO o.a.j.t.JMeterThread: Stopping because end time detected by thread: Sudden spike - add 120 VU 2-38
2026-08-17 10:02:13,657 INFO o.a.j.t.JMeterThread: Thread finished: Sudden spike - add 120 VU 2-38
2026-08-17 10:02:13,657 INFO o.a.j.t.JMeterThread: Stopping because end time detected by thread: Sudden spike - add 120 VU 2-34
2026-08-17 10:02:13,657 INFO o.a.j.t.JMeterThread: Thread finished: Sudden spike - add 120 VU 2-34
2026-08-17 10:02:13,658 INFO o.a.j.t.JMeterThread: Thread started: Sudden spike - add 120 VU 2-39
2026-08-17 10:02:13,659 INFO o.a.j.t.JMeterThread: Thread started: Sudden spike - add 120 VU 2-35
2026-08-17 10:02:13,663 INFO o.a.j.t.JMeterThread: Stopping because end time detected by thread: Sudden spike - add 120 VU 2-39
2026-08-17 10:02:13,663 INFO o.a.j.t.JMeterThread: Thread finished: Sudden spike - add 120 VU 2-39
2026-08-17 10:02:13,664 INFO o.a.j.t.JMeterThread: Stopping because end time detected by thread: Sudden spike - add 120 VU 2-35
2026-08-17 10:02:13,664 INFO o.a.j.t.JMeterThread: Thread finished: Sudden spike - add 120 VU 2-35
2026-08-17 10:02:13,668 INFO o.a.j.t.JMeterThread: Thread started: Sudden spike - add 120 VU 2-36
2026-08-17 10:02:13,672 INFO o.a.j.t.JMeterThread: Stopping because end time detected by thread: Sudden spike - add 120 VU 2-36
2026-08-17 10:02:13,672 INFO o.a.j.t.JMeterThread: Thread finished: Sudden spike - add 120 VU 2-36
2026-08-17 10:02:13,704 INFO o.a.j.t.JMeterThread: Thread started: Sudden spike - add 120 VU 2-40
2026-08-17 10:02:13,710 INFO o.a.j.t.JMeterThread: Stopping because end time detected by thread: Sudden spike - add 120 VU 2-40
2026-08-17 10:02:13,711 INFO o.a.j.t.JMeterThread: Thread finished: Sudden spike - add 120 VU 2-40
2026-08-17 10:02:13,716 INFO o.a.j.t.JMeterThread: Thread started: Sudden spike - add 120 VU 2-41
2026-08-17 10:02:13,719 INFO o.a.j.t.JMeterThread: Thread started: Sudden spike - add 120 VU 2-42
2026-08-17 10:02:13,722 INFO o.a.j.t.JMeterThread: Stopping because end time detected by thread: Sudden spike - add 120 VU 2-41
2026-08-17 10:02:13,722 INFO o.a.j.t.JMeterThread: Thread finished: Sudden spike - add 120 VU 2-41
2026-08-17 10:02:13,725 INFO o.a.j.t.JMeterThread: Stopping because end time detected by thread: Sudden spike - add 120 VU 2-42
2026-08-17 10:02:13,725 INFO o.a.j.t.JMeterThread: Thread finished: Sudden spike - add 120 VU 2-42
2026-08-17 10:02:13,743 INFO o.a.j.t.JMeterThread: Thread started: Sudden spike - add 120 VU 2-45
2026-08-17 10:02:13,743 INFO o.a.j.t.JMeterThread: Thread started: Sudden spike - add 120 VU 2-43
2026-08-17 10:02:13,745 INFO o.a.j.t.JMeterThread: Thread started: Sudden spike - add 120 VU 2-44
2026-08-17 10:02:13,748 INFO o.a.j.t.JMeterThread: Thread started: Sudden spike - add 120 VU 2-51
2026-08-17 10:02:13,749 INFO o.a.j.t.JMeterThread: Thread started: Sudden spike - add 120 VU 2-46
2026-08-17 10:02:13,751 INFO o.a.j.t.JMeterThread: Stopping because end time detected by thread: Sudden spike - add 120 VU 2-43
2026-08-17 10:02:13,751 INFO o.a.j.t.JMeterThread: Stopping because end time detected by thread: Sudden spike - add 120 VU 2-45
2026-08-17 10:02:13,751 INFO o.a.j.t.JMeterThread: Thread finished: Sudden spike - add 120 VU 2-43
2026-08-17 10:02:13,751 INFO o.a.j.t.JMeterThread: Thread finished: Sudden spike - add 120 VU 2-45
2026-08-17 10:02:13,752 INFO o.a.j.t.JMeterThread: Stopping because end time detected by thread: Sudden spike - add 120 VU 2-44
2026-08-17 10:02:13,752 INFO o.a.j.t.JMeterThread: Thread finished: Sudden spike - add 120 VU 2-44
2026-08-17 10:02:13,754 INFO o.a.j.t.JMeterThread: Stopping because end time detected by thread: Sudden spike - add 120 VU 2-51
2026-08-17 10:02:13,754 INFO o.a.j.t.JMeterThread: Thread finished: Sudden spike - add 120 VU 2-51
2026-08-17 10:02:13,755 INFO o.a.j.t.JMeterThread: Thread started: Sudden spike - add 120 VU 2-52
2026-08-17 10:02:13,756 INFO o.a.j.t.JMeterThread: Stopping because end time detected by thread: Sudden spike - add 120 VU 2-46
2026-08-17 10:02:13,756 INFO o.a.j.t.JMeterThread: Thread finished: Sudden spike - add 120 VU 2-46
2026-08-17 10:02:13,758 INFO o.a.j.t.JMeterThread: Thread started: Sudden spike - add 120 VU 2-47
2026-08-17 10:02:13,758 INFO o.a.j.t.JMeterThread: Thread started: Sudden spike - add 120 VU 2-48
2026-08-17 10:02:13,761 INFO o.a.j.t.JMeterThread: Stopping because end time detected by thread: Sudden spike - add 120 VU 2-52
2026-08-17 10:02:13,761 INFO o.a.j.t.JMeterThread: Thread finished: Sudden spike - add 120 VU 2-52
2026-08-17 10:02:13,762 INFO o.a.j.t.JMeterThread: Thread started: Sudden spike - add 120 VU 2-53
2026-08-17 10:02:13,764 INFO o.a.j.t.JMeterThread: Thread started: Sudden spike - add 120 VU 2-49
2026-08-17 10:02:13,765 INFO o.a.j.t.JMeterThread: Stopping because end time detected by thread: Sudden spike - add 120 VU 2-47
2026-08-17 10:02:13,765 INFO o.a.j.t.JMeterThread: Stopping because end time detected by thread: Sudden spike - add 120 VU 2-48
2026-08-17 10:02:13,765 INFO o.a.j.t.JMeterThread: Thread finished: Sudden spike - add 120 VU 2-47
2026-08-17 10:02:13,765 INFO o.a.j.t.JMeterThread: Thread finished: Sudden spike - add 120 VU 2-48
2026-08-17 10:02:13,767 INFO o.a.j.t.JMeterThread: Stopping because end time detected by thread: Sudden spike - add 120 VU 2-53
2026-08-17 10:02:13,767 INFO o.a.j.t.JMeterThread: Thread finished: Sudden spike - add 120 VU 2-53
2026-08-17 10:02:13,769 INFO o.a.j.t.JMeterThread: Stopping because end time detected by thread: Sudden spike - add 120 VU 2-49
2026-08-17 10:02:13,769 INFO o.a.j.t.JMeterThread: Thread finished: Sudden spike - add 120 VU 2-49
2026-08-17 10:02:13,771 INFO o.a.j.t.JMeterThread: Thread started: Sudden spike - add 120 VU 2-50
2026-08-17 10:02:13,776 INFO o.a.j.t.JMeterThread: Stopping because end time detected by thread: Sudden spike - add 120 VU 2-50
2026-08-17 10:02:13,777 INFO o.a.j.t.JMeterThread: Thread finished: Sudden spike - add 120 VU 2-50
2026-08-17 10:02:13,793 INFO o.a.j.t.JMeterThread: Thread started: Sudden spike - add 120 VU 2-57
2026-08-17 10:02:13,799 INFO o.a.j.t.JMeterThread: Stopping because end time detected by thread: Sudden spike - add 120 VU 2-57
2026-08-17 10:02:13,800 INFO o.a.j.t.JMeterThread: Thread finished: Sudden spike - add 120 VU 2-57
2026-08-17 10:02:13,801 INFO o.a.j.t.JMeterThread: Thread started: Sudden spike - add 120 VU 2-54
2026-08-17 10:02:13,801 INFO o.a.j.t.JMeterThread: Thread started: Sudden spike - add 120 VU 2-58
2026-08-17 10:02:13,806 INFO o.a.j.t.JMeterThread: Thread started: Sudden spike - add 120 VU 2-59
2026-08-17 10:02:13,807 INFO o.a.j.t.JMeterThread: Stopping because end time detected by thread: Sudden spike - add 120 VU 2-58
2026-08-17 10:02:13,807 INFO o.a.j.t.JMeterThread: Thread finished: Sudden spike - add 120 VU 2-58
2026-08-17 10:02:13,807 INFO o.a.j.t.JMeterThread: Stopping because end time detected by thread: Sudden spike - add 120 VU 2-54
2026-08-17 10:02:13,808 INFO o.a.j.t.JMeterThread: Thread finished: Sudden spike - add 120 VU 2-54
2026-08-17 10:02:13,808 INFO o.a.j.t.JMeterThread: Thread started: Sudden spike - add 120 VU 2-55
2026-08-17 10:02:13,813 INFO o.a.j.t.JMeterThread: Stopping because end time detected by thread: Sudden spike - add 120 VU 2-59
2026-08-17 10:02:13,813 INFO o.a.j.t.JMeterThread: Thread finished: Sudden spike - add 120 VU 2-59
2026-08-17 10:02:13,815 INFO o.a.j.t.JMeterThread: Thread started: Sudden spike - add 120 VU 2-56
2026-08-17 10:02:13,816 INFO o.a.j.t.JMeterThread: Stopping because end time detected by thread: Baseline and recovery - 15 VU 1-14
2026-08-17 10:02:13,816 INFO o.a.j.t.JMeterThread: Thread finished: Baseline and recovery - 15 VU 1-14
2026-08-17 10:02:13,818 INFO o.a.j.t.JMeterThread: Stopping because end time detected by thread: Sudden spike - add 120 VU 2-55
2026-08-17 10:02:13,818 INFO o.a.j.t.JMeterThread: Thread finished: Sudden spike - add 120 VU 2-55
2026-08-17 10:02:13,821 INFO o.a.j.t.JMeterThread: Stopping because end time detected by thread: Sudden spike - add 120 VU 2-56
2026-08-17 10:02:13,821 INFO o.a.j.t.JMeterThread: Thread finished: Sudden spike - add 120 VU 2-56
2026-08-17 10:02:13,845 INFO o.a.j.t.JMeterThread: Thread started: Sudden spike - add 120 VU 2-60
2026-08-17 10:02:13,851 INFO o.a.j.t.JMeterThread: Stopping because end time detected by thread: Sudden spike - add 120 VU 2-60
2026-08-17 10:02:13,851 INFO o.a.j.t.JMeterThread: Thread finished: Sudden spike - add 120 VU 2-60
2026-08-17 10:02:13,868 INFO o.a.j.t.JMeterThread: Thread started: Sudden spike - add 120 VU 2-62
2026-08-17 10:02:13,870 INFO o.a.j.t.JMeterThread: Thread started: Sudden spike - add 120 VU 2-61
2026-08-17 10:02:13,873 INFO o.a.j.t.JMeterThread: Stopping because end time detected by thread: Sudden spike - add 120 VU 2-62
2026-08-17 10:02:13,873 INFO o.a.j.t.JMeterThread: Thread finished: Sudden spike - add 120 VU 2-62
2026-08-17 10:02:13,875 INFO o.a.j.t.JMeterThread: Stopping because end time detected by thread: Sudden spike - add 120 VU 2-61
2026-08-17 10:02:13,875 INFO o.a.j.t.JMeterThread: Thread finished: Sudden spike - add 120 VU 2-61
2026-08-17 10:02:13,892 INFO o.a.j.t.JMeterThread: Thread started: Sudden spike - add 120 VU 2-63
2026-08-17 10:02:13,900 INFO o.a.j.t.JMeterThread: Thread started: Sudden spike - add 120 VU 2-64
2026-08-17 10:02:13,902 INFO o.a.j.t.JMeterThread: Thread started: Sudden spike - add 120 VU 2-65
2026-08-17 10:02:13,905 INFO o.a.j.t.JMeterThread: Stopping because end time detected by thread: Sudden spike - add 120 VU 2-63
2026-08-17 10:02:13,906 INFO o.a.j.t.JMeterThread: Thread finished: Sudden spike - add 120 VU 2-63
2026-08-17 10:02:13,907 INFO o.a.j.t.JMeterThread: Stopping because end time detected by thread: Sudden spike - add 120 VU 2-64
2026-08-17 10:02:13,908 INFO o.a.j.t.JMeterThread: Thread finished: Sudden spike - add 120 VU 2-64
2026-08-17 10:02:13,908 INFO o.a.j.t.JMeterThread: Stopping because end time detected by thread: Sudden spike - add 120 VU 2-65
2026-08-17 10:02:13,908 INFO o.a.j.t.JMeterThread: Thread finished: Sudden spike - add 120 VU 2-65
2026-08-17 10:02:13,910 INFO o.a.j.t.JMeterThread: Thread started: Sudden spike - add 120 VU 2-71
2026-08-17 10:02:13,910 INFO o.a.j.t.JMeterThread: Thread started: Sudden spike - add 120 VU 2-70
2026-08-17 10:02:13,914 INFO o.a.j.t.JMeterThread: Thread started: Sudden spike - add 120 VU 2-66
2026-08-17 10:02:13,917 INFO o.a.j.t.JMeterThread: Stopping because end time detected by thread: Sudden spike - add 120 VU 2-70
2026-08-17 10:02:13,917 INFO o.a.j.t.JMeterThread: Thread finished: Sudden spike - add 120 VU 2-70
2026-08-17 10:02:13,917 INFO o.a.j.t.JMeterThread: Stopping because end time detected by thread: Sudden spike - add 120 VU 2-71
2026-08-17 10:02:13,917 INFO o.a.j.t.JMeterThread: Thread finished: Sudden spike - add 120 VU 2-71
2026-08-17 10:02:13,918 INFO o.a.j.t.JMeterThread: Thread started: Sudden spike - add 120 VU 2-67
2026-08-17 10:02:13,919 INFO o.a.j.t.JMeterThread: Thread started: Sudden spike - add 120 VU 2-72
2026-08-17 10:02:13,920 INFO o.a.j.t.JMeterThread: Stopping because end time detected by thread: Sudden spike - add 120 VU 2-66
2026-08-17 10:02:13,920 INFO o.a.j.t.JMeterThread: Thread finished: Sudden spike - add 120 VU 2-66
2026-08-17 10:02:13,924 INFO o.a.j.t.JMeterThread: Thread started: Sudden spike - add 120 VU 2-68
2026-08-17 10:02:13,925 INFO o.a.j.t.JMeterThread: Stopping because end time detected by thread: Sudden spike - add 120 VU 2-72
2026-08-17 10:02:13,925 INFO o.a.j.t.JMeterThread: Stopping because end time detected by thread: Sudden spike - add 120 VU 2-67
2026-08-17 10:02:13,925 INFO o.a.j.t.JMeterThread: Thread finished: Sudden spike - add 120 VU 2-72
2026-08-17 10:02:13,925 INFO o.a.j.t.JMeterThread: Thread finished: Sudden spike - add 120 VU 2-67
2026-08-17 10:02:13,929 INFO o.a.j.t.JMeterThread: Stopping because end time detected by thread: Sudden spike - add 120 VU 2-68
2026-08-17 10:02:13,930 INFO o.a.j.t.JMeterThread: Thread finished: Sudden spike - add 120 VU 2-68
2026-08-17 10:02:13,931 INFO o.a.j.t.JMeterThread: Thread started: Sudden spike - add 120 VU 2-69
2026-08-17 10:02:13,936 INFO o.a.j.t.JMeterThread: Stopping because end time detected by thread: Sudden spike - add 120 VU 2-69
2026-08-17 10:02:13,936 INFO o.a.j.t.JMeterThread: Thread finished: Sudden spike - add 120 VU 2-69
2026-08-17 10:02:13,947 INFO o.a.j.t.JMeterThread: Thread started: Sudden spike - add 120 VU 2-76
2026-08-17 10:02:13,955 INFO o.a.j.t.JMeterThread: Stopping because end time detected by thread: Sudden spike - add 120 VU 2-76
2026-08-17 10:02:13,955 INFO o.a.j.t.JMeterThread: Thread finished: Sudden spike - add 120 VU 2-76
2026-08-17 10:02:13,955 INFO o.a.j.t.JMeterThread: Thread started: Sudden spike - add 120 VU 2-77
2026-08-17 10:02:13,960 INFO o.a.j.t.JMeterThread: Thread started: Sudden spike - add 120 VU 2-78
2026-08-17 10:02:13,960 INFO o.a.j.t.JMeterThread: Stopping because end time detected by thread: Sudden spike - add 120 VU 2-77
2026-08-17 10:02:13,961 INFO o.a.j.t.JMeterThread: Thread finished: Sudden spike - add 120 VU 2-77
2026-08-17 10:02:13,962 INFO o.a.j.t.JMeterThread: Thread started: Sudden spike - add 120 VU 2-73
2026-08-17 10:02:13,966 INFO o.a.j.t.JMeterThread: Stopping because end time detected by thread: Sudden spike - add 120 VU 2-78
2026-08-17 10:02:13,966 INFO o.a.j.t.JMeterThread: Thread finished: Sudden spike - add 120 VU 2-78
2026-08-17 10:02:13,968 INFO o.a.j.t.JMeterThread: Stopping because end time detected by thread: Sudden spike - add 120 VU 2-73
2026-08-17 10:02:13,968 INFO o.a.j.t.JMeterThread: Thread finished: Sudden spike - add 120 VU 2-73
2026-08-17 10:02:13,968 INFO o.a.j.t.JMeterThread: Thread started: Sudden spike - add 120 VU 2-74
2026-08-17 10:02:13,975 INFO o.a.j.t.JMeterThread: Stopping because end time detected by thread: Sudden spike - add 120 VU 2-74
2026-08-17 10:02:13,975 INFO o.a.j.t.JMeterThread: Thread finished: Sudden spike - add 120 VU 2-74
2026-08-17 10:02:13,976 INFO o.a.j.t.JMeterThread: Thread started: Sudden spike - add 120 VU 2-75
2026-08-17 10:02:13,981 INFO o.a.j.t.JMeterThread: Stopping because end time detected by thread: Sudden spike - add 120 VU 2-75
2026-08-17 10:02:13,981 INFO o.a.j.t.JMeterThread: Thread finished: Sudden spike - add 120 VU 2-75
2026-08-17 10:02:14,013 INFO o.a.j.t.JMeterThread: Thread started: Sudden spike - add 120 VU 2-79
2026-08-17 10:02:14,020 INFO o.a.j.t.JMeterThread: Stopping because end time detected by thread: Sudden spike - add 120 VU 2-79
2026-08-17 10:02:14,021 INFO o.a.j.t.JMeterThread: Thread finished: Sudden spike - add 120 VU 2-79
2026-08-17 10:02:14,027 INFO o.a.j.t.JMeterThread: Thread started: Sudden spike - add 120 VU 2-81
2026-08-17 10:02:14,031 INFO o.a.j.t.JMeterThread: Thread started: Sudden spike - add 120 VU 2-80
2026-08-17 10:02:14,033 INFO o.a.j.t.JMeterThread: Stopping because end time detected by thread: Sudden spike - add 120 VU 2-81
2026-08-17 10:02:14,033 INFO o.a.j.t.JMeterThread: Thread finished: Sudden spike - add 120 VU 2-81
2026-08-17 10:02:14,037 INFO o.a.j.t.JMeterThread: Stopping because end time detected by thread: Sudden spike - add 120 VU 2-80
2026-08-17 10:02:14,037 INFO o.a.j.t.JMeterThread: Thread finished: Sudden spike - add 120 VU 2-80
2026-08-17 10:02:14,043 INFO o.a.j.t.JMeterThread: Thread started: Sudden spike - add 120 VU 2-82
2026-08-17 10:02:14,043 INFO o.a.j.t.JMeterThread: Thread started: Sudden spike - add 120 VU 2-83
2026-08-17 10:02:14,049 INFO o.a.j.t.JMeterThread: Stopping because end time detected by thread: Sudden spike - add 120 VU 2-83
2026-08-17 10:02:14,049 INFO o.a.j.t.JMeterThread: Stopping because end time detected by thread: Sudden spike - add 120 VU 2-82
2026-08-17 10:02:14,049 INFO o.a.j.t.JMeterThread: Thread finished: Sudden spike - add 120 VU 2-83
2026-08-17 10:02:14,050 INFO o.a.j.t.JMeterThread: Thread finished: Sudden spike - add 120 VU 2-82
2026-08-17 10:02:14,051 INFO o.a.j.t.JMeterThread: Thread started: Sudden spike - add 120 VU 2-84
2026-08-17 10:02:14,053 INFO o.a.j.t.JMeterThread: Stopping because end time detected by thread: Baseline and recovery - 15 VU 1-15
2026-08-17 10:02:14,054 INFO o.a.j.t.JMeterThread: Thread finished: Baseline and recovery - 15 VU 1-15
2026-08-17 10:02:14,055 INFO o.a.j.t.JMeterThread: Stopping because end time detected by thread: Sudden spike - add 120 VU 2-84
2026-08-17 10:02:14,055 INFO o.a.j.t.JMeterThread: Thread finished: Sudden spike - add 120 VU 2-84
2026-08-17 10:02:14,058 INFO o.a.j.t.JMeterThread: Thread started: Sudden spike - add 120 VU 2-85
2026-08-17 10:02:14,061 INFO o.a.j.t.JMeterThread: Thread started: Sudden spike - add 120 VU 2-90
2026-08-17 10:02:14,062 INFO o.a.j.t.JMeterThread: Thread started: Sudden spike - add 120 VU 2-91
2026-08-17 10:02:14,063 INFO o.a.j.t.JMeterThread: Stopping because end time detected by thread: Sudden spike - add 120 VU 2-85
2026-08-17 10:02:14,063 INFO o.a.j.t.JMeterThread: Thread finished: Sudden spike - add 120 VU 2-85
2026-08-17 10:02:14,066 INFO o.a.j.t.JMeterThread: Thread started: Sudden spike - add 120 VU 2-86
2026-08-17 10:02:14,066 INFO o.a.j.t.JMeterThread: Stopping because end time detected by thread: Sudden spike - add 120 VU 2-90
2026-08-17 10:02:14,066 INFO o.a.j.t.JMeterThread: Thread finished: Sudden spike - add 120 VU 2-90
2026-08-17 10:02:14,067 INFO o.a.j.t.JMeterThread: Stopping because end time detected by thread: Sudden spike - add 120 VU 2-91
2026-08-17 10:02:14,067 INFO o.a.j.t.JMeterThread: Thread finished: Sudden spike - add 120 VU 2-91
2026-08-17 10:02:14,067 INFO o.a.j.t.JMeterThread: Thread started: Sudden spike - add 120 VU 2-87
2026-08-17 10:02:14,072 INFO o.a.j.t.JMeterThread: Stopping because end time detected by thread: Sudden spike - add 120 VU 2-86
2026-08-17 10:02:14,072 INFO o.a.j.t.JMeterThread: Thread finished: Sudden spike - add 120 VU 2-86
2026-08-17 10:02:14,072 INFO o.a.j.t.JMeterThread: Stopping because end time detected by thread: Sudden spike - add 120 VU 2-87
2026-08-17 10:02:14,072 INFO o.a.j.t.JMeterThread: Thread finished: Sudden spike - add 120 VU 2-87
2026-08-17 10:02:14,076 INFO o.a.j.t.JMeterThread: Thread started: Sudden spike - add 120 VU 2-88
2026-08-17 10:02:14,079 INFO o.a.j.t.JMeterThread: Thread started: Sudden spike - add 120 VU 2-92
2026-08-17 10:02:14,081 INFO o.a.j.t.JMeterThread: Stopping because end time detected by thread: Sudden spike - add 120 VU 2-88
2026-08-17 10:02:14,081 INFO o.a.j.t.JMeterThread: Thread finished: Sudden spike - add 120 VU 2-88
2026-08-17 10:02:14,083 INFO o.a.j.t.JMeterThread: Thread started: Sudden spike - add 120 VU 2-89
2026-08-17 10:02:14,084 INFO o.a.j.t.JMeterThread: Stopping because end time detected by thread: Sudden spike - add 120 VU 2-92
2026-08-17 10:02:14,084 INFO o.a.j.t.JMeterThread: Thread finished: Sudden spike - add 120 VU 2-92
2026-08-17 10:02:14,087 INFO o.a.j.t.JMeterThread: Stopping because end time detected by thread: Sudden spike - add 120 VU 2-89
2026-08-17 10:02:14,087 INFO o.a.j.t.JMeterThread: Thread finished: Sudden spike - add 120 VU 2-89
2026-08-17 10:02:14,106 INFO o.a.j.t.JMeterThread: Thread started: Sudden spike - add 120 VU 2-97
2026-08-17 10:02:14,108 INFO o.a.j.t.JMeterThread: Thread started: Sudden spike - add 120 VU 2-96
2026-08-17 10:02:14,112 INFO o.a.j.t.JMeterThread: Stopping because end time detected by thread: Sudden spike - add 120 VU 2-97
2026-08-17 10:02:14,112 INFO o.a.j.t.JMeterThread: Thread finished: Sudden spike - add 120 VU 2-97
2026-08-17 10:02:14,113 INFO o.a.j.t.JMeterThread: Thread started: Sudden spike - add 120 VU 2-98
2026-08-17 10:02:14,113 INFO o.a.j.t.JMeterThread: Stopping because end time detected by thread: Sudden spike - add 120 VU 2-96
2026-08-17 10:02:14,114 INFO o.a.j.t.JMeterThread: Thread finished: Sudden spike - add 120 VU 2-96
2026-08-17 10:02:14,114 INFO o.a.j.t.JMeterThread: Thread started: Sudden spike - add 120 VU 2-93
2026-08-17 10:02:14,119 INFO o.a.j.t.JMeterThread: Stopping because end time detected by thread: Sudden spike - add 120 VU 2-98
2026-08-17 10:02:14,119 INFO o.a.j.t.JMeterThread: Thread finished: Sudden spike - add 120 VU 2-98
2026-08-17 10:02:14,119 INFO o.a.j.t.JMeterThread: Stopping because end time detected by thread: Sudden spike - add 120 VU 2-93
2026-08-17 10:02:14,119 INFO o.a.j.t.JMeterThread: Thread finished: Sudden spike - add 120 VU 2-93
2026-08-17 10:02:14,121 INFO o.a.j.t.JMeterThread: Thread started: Sudden spike - add 120 VU 2-94
2026-08-17 10:02:14,128 INFO o.a.j.t.JMeterThread: Thread started: Sudden spike - add 120 VU 2-95
2026-08-17 10:02:14,128 INFO o.a.j.t.JMeterThread: Stopping because end time detected by thread: Sudden spike - add 120 VU 2-94
2026-08-17 10:02:14,128 INFO o.a.j.t.JMeterThread: Thread finished: Sudden spike - add 120 VU 2-94
2026-08-17 10:02:14,132 INFO o.a.j.t.JMeterThread: Stopping because end time detected by thread: Sudden spike - add 120 VU 2-95
2026-08-17 10:02:14,133 INFO o.a.j.t.JMeterThread: Thread finished: Sudden spike - add 120 VU 2-95
2026-08-17 10:02:14,164 INFO o.a.j.t.JMeterThread: Thread started: Sudden spike - add 120 VU 2-99
2026-08-17 10:02:14,167 INFO o.a.j.t.JMeterThread: Stopping because end time detected by thread: Sudden spike - add 120 VU 2-99
2026-08-17 10:02:14,167 INFO o.a.j.t.JMeterThread: Thread finished: Sudden spike - add 120 VU 2-99
2026-08-17 10:02:14,198 INFO o.a.j.t.JMeterThread: Thread started: Sudden spike - add 120 VU 2-100
2026-08-17 10:02:14,198 INFO o.a.j.t.JMeterThread: Thread started: Sudden spike - add 120 VU 2-103
2026-08-17 10:02:14,199 INFO o.a.j.t.JMeterThread: Thread started: Sudden spike - add 120 VU 2-102
2026-08-17 10:02:14,202 INFO o.a.j.t.JMeterThread: Stopping because end time detected by thread: Sudden spike - add 120 VU 2-100
2026-08-17 10:02:14,203 INFO o.a.j.t.JMeterThread: Thread finished: Sudden spike - add 120 VU 2-100
2026-08-17 10:02:14,203 INFO o.a.j.t.JMeterThread: Stopping because end time detected by thread: Sudden spike - add 120 VU 2-103
2026-08-17 10:02:14,203 INFO o.a.j.t.JMeterThread: Thread finished: Sudden spike - add 120 VU 2-103
2026-08-17 10:02:14,203 INFO o.a.j.t.JMeterThread: Stopping because end time detected by thread: Sudden spike - add 120 VU 2-102
2026-08-17 10:02:14,203 INFO o.a.j.t.JMeterThread: Thread finished: Sudden spike - add 120 VU 2-102
2026-08-17 10:02:14,204 INFO o.a.j.t.JMeterThread: Thread started: Sudden spike - add 120 VU 2-101
2026-08-17 10:02:14,207 INFO o.a.j.t.JMeterThread: Thread started: Sudden spike - add 120 VU 2-104
2026-08-17 10:02:14,209 INFO o.a.j.t.JMeterThread: Stopping because end time detected by thread: Sudden spike - add 120 VU 2-101
2026-08-17 10:02:14,209 INFO o.a.j.t.JMeterThread: Thread finished: Sudden spike - add 120 VU 2-101
2026-08-17 10:02:14,211 INFO o.a.j.t.JMeterThread: Stopping because end time detected by thread: Sudden spike - add 120 VU 2-104
2026-08-17 10:02:14,211 INFO o.a.j.t.JMeterThread: Thread finished: Sudden spike - add 120 VU 2-104
2026-08-17 10:02:14,223 INFO o.a.j.t.JMeterThread: Thread started: Sudden spike - add 120 VU 2-105
2026-08-17 10:02:14,227 INFO o.a.j.t.JMeterThread: Thread started: Sudden spike - add 120 VU 2-110
2026-08-17 10:02:14,227 INFO o.a.j.t.JMeterThread: Stopping because end time detected by thread: Sudden spike - add 120 VU 2-105
2026-08-17 10:02:14,227 INFO o.a.j.t.JMeterThread: Thread finished: Sudden spike - add 120 VU 2-105
2026-08-17 10:02:14,230 INFO o.a.j.t.JMeterThread: Thread started: Sudden spike - add 120 VU 2-107
2026-08-17 10:02:14,231 INFO o.a.j.t.JMeterThread: Thread started: Sudden spike - add 120 VU 2-106
2026-08-17 10:02:14,231 INFO o.a.j.t.JMeterThread: Stopping because end time detected by thread: Sudden spike - add 120 VU 2-110
2026-08-17 10:02:14,231 INFO o.a.j.t.JMeterThread: Thread finished: Sudden spike - add 120 VU 2-110
2026-08-17 10:02:14,236 INFO o.a.j.t.JMeterThread: Stopping because end time detected by thread: Sudden spike - add 120 VU 2-106
2026-08-17 10:02:14,236 INFO o.a.j.t.JMeterThread: Thread started: Sudden spike - add 120 VU 2-111
2026-08-17 10:02:14,236 INFO o.a.j.t.JMeterThread: Thread finished: Sudden spike - add 120 VU 2-106
2026-08-17 10:02:14,236 INFO o.a.j.t.JMeterThread: Stopping because end time detected by thread: Sudden spike - add 120 VU 2-107
2026-08-17 10:02:14,236 INFO o.a.j.t.JMeterThread: Thread finished: Sudden spike - add 120 VU 2-107
2026-08-17 10:02:14,239 INFO o.a.j.t.JMeterThread: Thread started: Sudden spike - add 120 VU 2-108
2026-08-17 10:02:14,240 INFO o.a.j.t.JMeterThread: Stopping because end time detected by thread: Sudden spike - add 120 VU 2-111
2026-08-17 10:02:14,240 INFO o.a.j.t.JMeterThread: Thread finished: Sudden spike - add 120 VU 2-111
2026-08-17 10:02:14,242 INFO o.a.j.t.JMeterThread: Stopping because end time detected by thread: Sudden spike - add 120 VU 2-108
2026-08-17 10:02:14,242 INFO o.a.j.t.JMeterThread: Thread finished: Sudden spike - add 120 VU 2-108
2026-08-17 10:02:14,243 INFO o.a.j.t.JMeterThread: Thread started: Sudden spike - add 120 VU 2-112
2026-08-17 10:02:14,247 INFO o.a.j.t.JMeterThread: Stopping because end time detected by thread: Sudden spike - add 120 VU 2-112
2026-08-17 10:02:14,247 INFO o.a.j.t.JMeterThread: Thread finished: Sudden spike - add 120 VU 2-112
2026-08-17 10:02:14,247 INFO o.a.j.t.JMeterThread: Thread started: Sudden spike - add 120 VU 2-109
2026-08-17 10:02:14,251 INFO o.a.j.t.JMeterThread: Stopping because end time detected by thread: Sudden spike - add 120 VU 2-109
2026-08-17 10:02:14,251 INFO o.a.j.t.JMeterThread: Thread finished: Sudden spike - add 120 VU 2-109
2026-08-17 10:02:14,270 INFO o.a.j.t.JMeterThread: Thread started: Sudden spike - add 120 VU 2-116
2026-08-17 10:02:14,274 INFO o.a.j.t.JMeterThread: Stopping because end time detected by thread: Sudden spike - add 120 VU 2-116
2026-08-17 10:02:14,274 INFO o.a.j.t.JMeterThread: Thread finished: Sudden spike - add 120 VU 2-116
2026-08-17 10:02:14,274 INFO o.a.j.t.JMeterThread: Thread started: Sudden spike - add 120 VU 2-113
2026-08-17 10:02:14,278 INFO o.a.j.t.JMeterThread: Stopping because end time detected by thread: Sudden spike - add 120 VU 2-113
2026-08-17 10:02:14,278 INFO o.a.j.t.JMeterThread: Thread finished: Sudden spike - add 120 VU 2-113
2026-08-17 10:02:14,280 INFO o.a.j.t.JMeterThread: Thread started: Sudden spike - add 120 VU 2-114
2026-08-17 10:02:14,281 INFO o.a.j.t.JMeterThread: Thread started: Sudden spike - add 120 VU 2-117
2026-08-17 10:02:14,283 INFO o.a.j.t.JMeterThread: Stopping because end time detected by thread: Sudden spike - add 120 VU 2-114
2026-08-17 10:02:14,283 INFO o.a.j.t.JMeterThread: Thread finished: Sudden spike - add 120 VU 2-114
2026-08-17 10:02:14,285 INFO o.a.j.t.JMeterThread: Stopping because end time detected by thread: Sudden spike - add 120 VU 2-117
2026-08-17 10:02:14,285 INFO o.a.j.t.JMeterThread: Thread finished: Sudden spike - add 120 VU 2-117
2026-08-17 10:02:14,287 INFO o.a.j.t.JMeterThread: Thread started: Sudden spike - add 120 VU 2-118
2026-08-17 10:02:14,289 INFO o.a.j.t.JMeterThread: Thread started: Sudden spike - add 120 VU 2-115
2026-08-17 10:02:14,290 INFO o.a.j.t.JMeterThread: Stopping because end time detected by thread: Sudden spike - add 120 VU 2-118
2026-08-17 10:02:14,290 INFO o.a.j.t.JMeterThread: Thread finished: Sudden spike - add 120 VU 2-118
2026-08-17 10:02:14,292 INFO o.a.j.t.JMeterThread: Stopping because end time detected by thread: Sudden spike - add 120 VU 2-115
2026-08-17 10:02:14,292 INFO o.a.j.t.JMeterThread: Thread finished: Sudden spike - add 120 VU 2-115
2026-08-17 10:02:14,326 INFO o.a.j.t.JMeterThread: Thread started: Sudden spike - add 120 VU 2-119
2026-08-17 10:02:14,329 INFO o.a.j.t.JMeterThread: Stopping because end time detected by thread: Sudden spike - add 120 VU 2-119
2026-08-17 10:02:14,329 INFO o.a.j.t.JMeterThread: Thread finished: Sudden spike - add 120 VU 2-119
2026-08-17 10:02:14,346 INFO o.a.j.t.JMeterThread: Thread started: Sudden spike - add 120 VU 2-120
2026-08-17 10:02:14,348 INFO o.a.j.t.JMeterThread: Stopping because end time detected by thread: Sudden spike - add 120 VU 2-120
2026-08-17 10:02:14,348 INFO o.a.j.t.JMeterThread: Thread finished: Sudden spike - add 120 VU 2-120
2026-08-17 10:02:14,348 INFO o.a.j.e.StandardJMeterEngine: Notifying test listeners of end of test
2026-08-17 10:02:14,350 INFO o.a.j.s.FileServer: Close: ../data/admin-orders.csv
2026-08-17 10:02:14,352 INFO o.a.j.r.Summariser: summary +    603 in 00:04:14 =    2.4/s Avg:  4370 Min:     0 Max: 234038 Err:     1 (0.17%) Active: 0 Started: 135 Finished: 135
2026-08-17 10:02:14,354 INFO o.a.j.r.Summariser: summary =   1457 in 00:04:53 =    5.0/s Avg:  1816 Min:     0 Max: 234038 Err:     1 (0.07%)
2026-08-17 10:02:14,354 INFO o.a.j.JMeter: Generating Dashboard
2026-08-17 10:02:14,354 INFO o.a.j.r.d.ReportGenerator: Flushing result collector before report Generation
2026-08-17 10:02:14,396 INFO o.a.j.r.p.NormalizerSampleConsumer: Using format, 'ms', to parse timeStamp field
2026-08-17 10:02:14,654 INFO o.a.j.r.p.AbstractSampleConsumer: class org.apache.jmeter.report.processor.AggregateConsumer#stopProducing(): beginDate produced 0 samples
2026-08-17 10:02:14,654 INFO o.a.j.r.p.AbstractSampleConsumer: class org.apache.jmeter.report.processor.AggregateConsumer#stopProducing(): endDate produced 0 samples
2026-08-17 10:02:14,670 INFO o.a.j.r.p.AbstractSampleConsumer: class org.apache.jmeter.report.processor.ApdexSummaryConsumer#stopProducing(): apdexSummary produced 0 samples
2026-08-17 10:02:14,670 INFO o.a.j.r.p.AbstractSampleConsumer: class org.apache.jmeter.report.processor.RequestsSummaryConsumer#stopProducing(): requestsSummary produced 0 samples
2026-08-17 10:02:14,689 INFO o.a.j.r.p.AbstractSampleConsumer: class org.apache.jmeter.report.processor.StatisticsSummaryConsumer#stopProducing(): statisticsSummary produced 0 samples
2026-08-17 10:02:14,697 INFO o.a.j.r.p.AbstractSampleConsumer: class org.apache.jmeter.report.processor.Top5ErrorsBySamplerConsumer#stopProducing(): top5ErrorsBySampler produced 0 samples
2026-08-17 10:02:14,697 INFO o.a.j.r.p.AbstractSampleConsumer: class org.apache.jmeter.report.processor.ErrorsSummaryConsumer#stopProducing(): errorsSummary produced 0 samples
2026-08-17 10:02:14,697 INFO o.a.j.r.p.AbstractSampleConsumer: class org.apache.jmeter.report.processor.graph.impl.HitsPerSecondGraphConsumer#stopProducing(): hitsPerSecond produced 0 samples
2026-08-17 10:02:14,776 INFO o.a.j.r.p.AbstractSampleConsumer: class org.apache.jmeter.report.processor.graph.impl.LatencyVSRequestGraphConsumer#stopProducing(): latencyVsRequest produced 0 samples
2026-08-17 10:02:14,776 INFO o.a.j.r.p.AbstractSampleConsumer: class org.apache.jmeter.report.processor.graph.impl.SyntheticResponseTimeDistributionGraphConsumer#stopProducing(): syntheticResponseTimeDistribution produced 0 samples
2026-08-17 10:02:14,778 INFO o.a.j.r.p.AbstractSampleConsumer: class org.apache.jmeter.report.processor.graph.impl.BytesThroughputGraphConsumer#stopProducing(): bytesThroughputOverTime produced 0 samples
2026-08-17 10:02:14,778 INFO o.a.j.r.p.AbstractSampleConsumer: class org.apache.jmeter.report.processor.graph.impl.CodesPerSecondGraphConsumer#stopProducing(): codesPerSecond produced 0 samples
2026-08-17 10:02:14,820 INFO o.a.j.r.p.AbstractSampleConsumer: class org.apache.jmeter.report.processor.graph.impl.ResponseTimeVSRequestGraphConsumer#stopProducing(): responseTimeVsRequest produced 0 samples
2026-08-17 10:02:14,820 INFO o.a.j.r.p.AbstractSampleConsumer: class org.apache.jmeter.report.processor.FilterConsumer#stopProducing(): startIntervalControlerFilter produced 10199 samples
2026-08-17 10:02:14,820 INFO o.a.j.r.p.AbstractSampleConsumer: class org.apache.jmeter.report.processor.graph.impl.TotalTPSGraphConsumer#stopProducing(): totalTPS produced 0 samples
2026-08-17 10:02:14,820 INFO o.a.j.r.p.AbstractSampleConsumer: class org.apache.jmeter.report.processor.graph.impl.ActiveThreadsGraphConsumer#stopProducing(): activeThreadsOverTime produced 0 samples
2026-08-17 10:02:14,820 INFO o.a.j.r.p.AbstractSampleConsumer: class org.apache.jmeter.report.processor.graph.impl.TimeVSThreadGraphConsumer#stopProducing(): timeVsThreads produced 0 samples
2026-08-17 10:02:14,820 INFO o.a.j.r.p.AbstractSampleConsumer: class org.apache.jmeter.report.processor.graph.impl.ResponseTimeDistributionGraphConsumer#stopProducing(): responseTimeDistribution produced 0 samples
2026-08-17 10:02:14,825 INFO o.a.j.r.p.AbstractSampleConsumer: class org.apache.jmeter.report.processor.graph.impl.TransactionsPerSecondGraphConsumer#stopProducing(): transactionsPerSecond produced 0 samples
2026-08-17 10:02:14,825 INFO o.a.j.r.p.AbstractSampleConsumer: class org.apache.jmeter.report.processor.graph.impl.ResponseTimePercentilesGraphConsumer#stopProducing(): responseTimePercentiles produced 0 samples
2026-08-17 10:02:14,827 INFO o.a.j.r.p.AbstractSampleConsumer: class org.apache.jmeter.report.processor.graph.impl.ResponseTimePercentilesOverTimeGraphConsumer#stopProducing(): responseTimePercentilesOverTime produced 0 samples
2026-08-17 10:02:14,827 INFO o.a.j.r.p.AbstractSampleConsumer: class org.apache.jmeter.report.processor.graph.impl.ResponseTimeOverTimeGraphConsumer#stopProducing(): responseTimesOverTime produced 0 samples
2026-08-17 10:02:14,827 INFO o.a.j.r.p.AbstractSampleConsumer: class org.apache.jmeter.report.processor.graph.impl.ConnectTimeOverTimeGraphConsumer#stopProducing(): connectTimeOverTime produced 0 samples
2026-08-17 10:02:14,827 INFO o.a.j.r.p.AbstractSampleConsumer: class org.apache.jmeter.report.processor.graph.impl.LatencyOverTimeGraphConsumer#stopProducing(): latenciesOverTime produced 0 samples
2026-08-17 10:02:14,827 INFO o.a.j.r.p.AbstractSampleConsumer: class org.apache.jmeter.report.processor.FilterConsumer#stopProducing(): nameFilter produced 21855 samples
2026-08-17 10:02:14,827 INFO o.a.j.r.p.AbstractSampleConsumer: class org.apache.jmeter.report.processor.FilterConsumer#stopProducing(): dateRangeFilter produced 4371 samples
2026-08-17 10:02:14,827 INFO o.a.j.r.p.AbstractSampleConsumer: class org.apache.jmeter.report.processor.NormalizerSampleConsumer#stopProducing(): normalizer produced 1457 samples
2026-08-17 10:02:14,830 INFO o.a.j.r.p.CsvFileSampleSource: produce(): 1457 samples produced in 418ms on channel 0
2026-08-17 10:02:14,830 INFO o.a.j.r.d.ReportGenerator: Exporting data using exporter:'json' of className:'org.apache.jmeter.report.dashboard.JsonExporter'
2026-08-17 10:02:15,007 INFO o.a.j.r.d.JsonExporter: Found data for consumer statisticsSummary in context
2026-08-17 10:02:15,013 INFO o.a.j.r.d.JsonExporter: Creating statistics for overall
2026-08-17 10:02:15,013 INFO o.a.j.r.d.JsonExporter: Creating statistics for other transactions
2026-08-17 10:02:15,013 INFO o.a.j.r.d.JsonExporter: Checking output folder
2026-08-17 10:02:15,013 INFO o.a.j.r.d.JsonExporter: Writing statistics JSON to D:\CODE\23127272_CS13003_HW\HW05-AI\performance\results\23127272_Spike_20260817\23127272_Spike_20260817-report\statistics.json
2026-08-17 10:02:15,083 INFO o.a.j.r.d.ReportGenerator: Exporting data using exporter:'html' of className:'org.apache.jmeter.report.dashboard.HtmlTemplateExporter'
2026-08-17 10:02:15,092 INFO o.a.j.r.d.HtmlTemplateExporter: Will generate dashboard in folder: D:\CODE\23127272_CS13003_HW\HW05-AI\performance\results\23127272_Spike_20260817\23127272_Spike_20260817-report
2026-08-17 10:02:15,351 INFO o.a.j.r.d.HtmlTemplateExporter: Report will be generated in: D:\CODE\23127272_CS13003_HW\HW05-AI\performance\results\23127272_Spike_20260817\23127272_Spike_20260817-report, creating folder structure
2026-08-17 10:02:15,354 INFO o.a.j.r.d.TemplateVisitor: Copying folder from 'D:\CODE\tools\apache-jmeter-5.6.3\bin\report-template' to 'D:\CODE\23127272_CS13003_HW\HW05-AI\performance\results\23127272_Spike_20260817\23127272_Spike_20260817-report', got message: D:\CODE\23127272_CS13003_HW\HW05-AI\performance\results\23127272_Spike_20260817\23127272_Spike_20260817-report, found non empty folder with following content [D:\CODE\23127272_CS13003_HW\HW05-AI\performance\results\23127272_Spike_20260817\23127272_Spike_20260817-report\statistics.json], will be ignored
2026-08-17 10:02:15,826 INFO o.a.j.JMeter: Dashboard generated
