2026-08-17 09:47:00,091 INFO o.a.j.u.JMeterUtils: Setting Locale to en_EN
2026-08-17 09:47:00,103 INFO o.a.j.JMeter: Loading user properties from: D:\CODE\tools\apache-jmeter-5.6.3\bin\user.properties
2026-08-17 09:47:00,103 INFO o.a.j.JMeter: Loading system properties from: D:\CODE\tools\apache-jmeter-5.6.3\bin\system.properties
2026-08-17 09:47:00,103 INFO o.a.j.JMeter: Setting JMeter property: jmeter=.save.saveservice.output_format=csv
2026-08-17 09:47:00,103 INFO o.a.j.JMeter: Setting JMeter property: jmeter=.save.saveservice.print_field_names=true
2026-08-17 09:47:00,103 INFO o.a.j.JMeter: Setting JMeter property: jmeter=.save.saveservice.assertion_results_failure_message=true
2026-08-17 09:47:00,109 INFO o.a.j.JMeter: Setting JMeter property: jmeter=.save.saveservice.thread_counts=true
2026-08-17 09:47:00,109 INFO o.a.j.JMeter: Setting JMeter property: jmeter=.save.saveservice.url=true
2026-08-17 09:47:00,109 INFO o.a.j.JMeter: Setting JMeter property: jmeter=.save.saveservice.connect_time=true
2026-08-17 09:47:00,116 INFO o.a.j.JMeter: Copyright (c) 1998-2024 The Apache Software Foundation
2026-08-17 09:47:00,116 INFO o.a.j.JMeter: Version 5.6.3
2026-08-17 09:47:00,116 INFO o.a.j.JMeter: java.version=21.0.12
2026-08-17 09:47:00,116 INFO o.a.j.JMeter: java.vm.name=OpenJDK 64-Bit Server VM
2026-08-17 09:47:00,116 INFO o.a.j.JMeter: os.name=Windows 11
2026-08-17 09:47:00,116 INFO o.a.j.JMeter: os.arch=amd64
2026-08-17 09:47:00,116 INFO o.a.j.JMeter: os.version=10.0
2026-08-17 09:47:00,116 INFO o.a.j.JMeter: file.encoding=UTF-8
2026-08-17 09:47:00,116 INFO o.a.j.JMeter: java.awt.headless=true
2026-08-17 09:47:00,116 INFO o.a.j.JMeter: Max memory     =1073741824
2026-08-17 09:47:00,116 INFO o.a.j.JMeter: Available Processors =20
2026-08-17 09:47:00,123 INFO o.a.j.JMeter: Default Locale=English (EN)
2026-08-17 09:47:00,123 INFO o.a.j.JMeter: JMeter  Locale=English (EN)
2026-08-17 09:47:00,123 INFO o.a.j.JMeter: JMeterHome=D:\CODE\tools\apache-jmeter-5.6.3
2026-08-17 09:47:00,123 INFO o.a.j.JMeter: user.dir  =D:\CODE\23127272_CS13003_HW\HW05-AI
2026-08-17 09:47:00,123 INFO o.a.j.JMeter: PWD       =D:\CODE\23127272_CS13003_HW\HW05-AI
2026-08-17 09:47:00,131 INFO o.a.j.JMeter: IP: 10.126.9.141 Name: TRAN FullName: 10.126.9.141
2026-08-17 09:47:00,139 INFO o.a.j.JMeter: Setting property 'jmeter.reportgenerator.outputdir' to:'D:\CODE\23127272_CS13003_HW\HW05-AI\performance\results\23127272_Load_20260817\23127272_Load_20260817-report'
2026-08-17 09:47:00,140 INFO o.a.j.s.FileServer: Default base='D:\CODE\23127272_CS13003_HW\HW05-AI'
2026-08-17 09:47:00,141 INFO o.a.j.s.FileServer: Set new base='D:\CODE\23127272_CS13003_HW\HW05-AI\performance\plans'
2026-08-17 09:47:00,268 INFO o.a.j.s.SaveService: Testplan (JMX) version: 2.2. Testlog (JTL) version: 2.2
2026-08-17 09:47:00,281 INFO o.a.j.s.SaveService: Using SaveService properties version 5.0
2026-08-17 09:47:00,281 INFO o.a.j.s.SaveService: Using SaveService properties file encoding UTF-8
2026-08-17 09:47:00,281 INFO o.a.j.s.SaveService: Loading file: D:\CODE\23127272_CS13003_HW\HW05-AI\performance\plans\23127272_Load_20260817.jmx
2026-08-17 09:47:00,346 INFO o.a.j.p.h.s.HTTPSamplerBase: Parser for text/html is org.apache.jmeter.protocol.http.parser.LagartoBasedHtmlParser
2026-08-17 09:47:00,357 INFO o.a.j.p.h.s.HTTPSamplerBase: Parser for application/xhtml+xml is org.apache.jmeter.protocol.http.parser.LagartoBasedHtmlParser
2026-08-17 09:47:00,357 INFO o.a.j.p.h.s.HTTPSamplerBase: Parser for application/xml is org.apache.jmeter.protocol.http.parser.LagartoBasedHtmlParser
2026-08-17 09:47:00,357 INFO o.a.j.p.h.s.HTTPSamplerBase: Parser for text/xml is org.apache.jmeter.protocol.http.parser.LagartoBasedHtmlParser
2026-08-17 09:47:00,357 INFO o.a.j.p.h.s.HTTPSamplerBase: Parser for text/vnd.wap.wml is org.apache.jmeter.protocol.http.parser.RegexpHTMLParser
2026-08-17 09:47:00,357 INFO o.a.j.p.h.s.HTTPSamplerBase: Parser for text/css is org.apache.jmeter.protocol.http.parser.CssParser
2026-08-17 09:47:00,390 INFO o.a.j.JMeter: Creating summariser <summary>
2026-08-17 09:47:00,392 INFO o.a.j.r.d.ReportGenerator: ReportGenerator will use for Parsing the separator: ','
2026-08-17 09:47:00,392 INFO o.a.j.r.d.ReportGenerator: Will generate report at end of test from  results file: D:\CODE\23127272_CS13003_HW\HW05-AI\performance\results\23127272_Load_20260817\23127272_Load_20260817.jtl
2026-08-17 09:47:00,392 INFO o.a.j.r.d.ReportGenerator: Reading report generator properties from: D:\CODE\tools\apache-jmeter-5.6.3\bin\reportgenerator.properties
2026-08-17 09:47:00,402 INFO o.a.j.r.d.ReportGenerator: Merging with JMeter properties
2026-08-17 09:47:00,402 INFO o.a.j.r.c.ReportGeneratorConfiguration: Property 'jmeter.reportgenerator.temp_dir' not found, using default value 'temp' instead.
2026-08-17 09:47:00,402 INFO o.a.j.r.c.ReportGeneratorConfiguration: Property 'jmeter.reportgenerator.apdex_per_transaction' not found, using default value 'null' instead.
2026-08-17 09:47:00,402 INFO o.a.j.r.c.ReportGeneratorConfiguration: apdex_per_transaction is empty, not APDEX per transaction customization
2026-08-17 09:47:00,402 INFO o.a.j.r.c.ReportGeneratorConfiguration: Property 'jmeter.reportgenerator.sample_filter' not found, using default value 'null' instead.
2026-08-17 09:47:00,402 INFO o.a.j.r.c.ReportGeneratorConfiguration: Property 'jmeter.reportgenerator.report_title' not found, using default value 'null' instead.
2026-08-17 09:47:00,402 INFO o.a.j.r.c.ReportGeneratorConfiguration: Property 'jmeter.reportgenerator.start_date' not found, using default value 'null' instead.
2026-08-17 09:47:00,402 INFO o.a.j.r.c.ReportGeneratorConfiguration: Property 'jmeter.reportgenerator.end_date' not found, using default value 'null' instead.
2026-08-17 09:47:00,402 INFO o.a.j.r.c.ReportGeneratorConfiguration: Property 'jmeter.reportgenerator.date_format' not found, using default value 'null' instead.
2026-08-17 09:47:00,402 INFO o.a.j.r.c.ReportGeneratorConfiguration: Will use date range start date: null, end date: null
2026-08-17 09:47:00,413 INFO o.a.j.r.c.ReportGeneratorConfiguration: Property 'jmeter.reportgenerator.graph.totalTPS.exclude_controllers' not found, using default value 'false' instead.
2026-08-17 09:47:00,413 INFO o.a.j.r.c.ReportGeneratorConfiguration: Property 'jmeter.reportgenerator.graph.activeThreadsOverTime.exclude_controllers' not found, using default value 'false' instead.
2026-08-17 09:47:00,413 INFO o.a.j.r.c.ReportGeneratorConfiguration: Property 'jmeter.reportgenerator.graph.timeVsThreads.exclude_controllers' not found, using default value 'false' instead.
2026-08-17 09:47:00,413 INFO o.a.j.r.c.ReportGeneratorConfiguration: Property 'jmeter.reportgenerator.graph.responseTimeDistribution.exclude_controllers' not found, using default value 'false' instead.
2026-08-17 09:47:00,413 INFO o.a.j.r.c.ReportGeneratorConfiguration: Property 'jmeter.reportgenerator.graph.transactionsPerSecond.exclude_controllers' not found, using default value 'false' instead.
2026-08-17 09:47:00,413 INFO o.a.j.r.c.ReportGeneratorConfiguration: Property 'jmeter.reportgenerator.graph.responseTimePercentiles.exclude_controllers' not found, using default value 'false' instead.
2026-08-17 09:47:00,413 INFO o.a.j.r.c.ReportGeneratorConfiguration: Property 'jmeter.reportgenerator.graph.responseTimePercentilesOverTime.exclude_controllers' not found, using default value 'false' instead.
2026-08-17 09:47:00,413 INFO o.a.j.r.c.ReportGeneratorConfiguration: Property 'jmeter.reportgenerator.graph.responseTimesOverTime.exclude_controllers' not found, using default value 'false' instead.
2026-08-17 09:47:00,413 INFO o.a.j.r.c.ReportGeneratorConfiguration: Property 'jmeter.reportgenerator.graph.connectTimeOverTime.exclude_controllers' not found, using default value 'false' instead.
2026-08-17 09:47:00,413 INFO o.a.j.r.c.ReportGeneratorConfiguration: Property 'jmeter.reportgenerator.graph.latenciesOverTime.exclude_controllers' not found, using default value 'false' instead.
2026-08-17 09:47:00,413 INFO o.a.j.r.c.ReportGeneratorConfiguration: Property 'jmeter.reportgenerator.exporter.json.filters_only_sample_series' not found, using default value 'true' instead.
2026-08-17 09:47:00,413 INFO o.a.j.r.c.ReportGeneratorConfiguration: Property 'jmeter.reportgenerator.exporter.json.series_filter' not found, using default value '' instead.
2026-08-17 09:47:00,413 INFO o.a.j.r.c.ReportGeneratorConfiguration: Property 'jmeter.reportgenerator.exporter.json.show_controllers_only' not found, using default value 'false' instead.
2026-08-17 09:47:00,413 INFO o.a.j.r.c.ReportGeneratorConfiguration: Property 'jmeter.reportgenerator.exporter.html.filters_only_sample_series' not found, using default value 'true' instead.
2026-08-17 09:47:00,413 INFO o.a.j.r.c.ReportGeneratorConfiguration: Property 'jmeter.reportgenerator.exporter.html.series_filter' not found, using default value '' instead.
2026-08-17 09:47:00,413 INFO o.a.j.r.c.ReportGeneratorConfiguration: Property 'jmeter.reportgenerator.exporter.html.show_controllers_only' not found, using default value 'false' instead.
2026-08-17 09:47:00,419 INFO o.a.j.e.StandardJMeterEngine: Running the test!
2026-08-17 09:47:00,419 INFO o.a.j.s.SampleEvent: List of sample_variables: []
2026-08-17 09:47:00,419 INFO o.a.j.s.SampleEvent: List of sample_variables: []
2026-08-17 09:47:00,428 INFO o.a.j.e.u.CompoundVariable: Note: Function class names must contain the string: '.functions.'
2026-08-17 09:47:00,428 INFO o.a.j.e.u.CompoundVariable: Note: Function class names must not contain the string: '.gui.'
2026-08-17 09:47:00,613 INFO o.a.j.JMeter: Running test (1786934820613)
2026-08-17 09:47:00,629 INFO o.a.j.e.StandardJMeterEngine: Starting ThreadGroup: 1 : Expected admin load
2026-08-17 09:47:00,629 INFO o.a.j.e.StandardJMeterEngine: Starting 20 threads for group Expected admin load.
2026-08-17 09:47:00,629 INFO o.a.j.e.StandardJMeterEngine: Thread will continue on error
2026-08-17 09:47:00,629 INFO o.a.j.t.ThreadGroup: Starting thread group... number=1 threads=20 ramp-up=30 delayedStart=false
2026-08-17 09:47:00,649 INFO o.a.j.t.ThreadGroup: Started thread group number 1
2026-08-17 09:47:00,649 INFO o.a.j.e.StandardJMeterEngine: All thread groups have been started
2026-08-17 09:47:00,653 INFO o.a.j.t.JMeterThread: Thread started: Expected admin load 1-1
2026-08-17 09:47:00,653 INFO o.a.j.s.FileServer: Stored: ../data/admin-orders.csv
2026-08-17 09:47:00,705 INFO o.a.j.p.h.s.HTTPHCAbstractImpl: Local host = TRAN
2026-08-17 09:47:00,709 INFO o.a.j.p.h.s.HTTPHC4Impl: HTTP request retry count = 0
2026-08-17 09:47:00,709 INFO o.a.j.s.SampleResult: Note: Sample TimeStamps are START times
2026-08-17 09:47:00,709 INFO o.a.j.s.SampleResult: sampleresult.default.encoding is set to UTF-8
2026-08-17 09:47:00,709 INFO o.a.j.s.SampleResult: sampleresult.useNanoTime=true
2026-08-17 09:47:00,709 INFO o.a.j.s.SampleResult: sampleresult.nanoThreadSleep=5000
2026-08-17 09:47:01,307 INFO o.a.j.r.Summariser: summary +      1 in 00:00:01 =    1.4/s Avg:    29 Min:    29 Max:    29 Err:     0 (0.00%) Active: 1 Started: 1 Finished: 0
2026-08-17 09:47:02,153 INFO o.a.j.t.JMeterThread: Thread started: Expected admin load 1-2
2026-08-17 09:47:03,657 INFO o.a.j.t.JMeterThread: Thread started: Expected admin load 1-3
2026-08-17 09:47:05,156 INFO o.a.j.t.JMeterThread: Thread started: Expected admin load 1-4
2026-08-17 09:47:06,656 INFO o.a.j.t.JMeterThread: Thread started: Expected admin load 1-5
2026-08-17 09:47:08,144 INFO o.a.j.t.JMeterThread: Thread started: Expected admin load 1-6
2026-08-17 09:47:09,649 INFO o.a.j.t.JMeterThread: Thread started: Expected admin load 1-7
2026-08-17 09:47:11,143 INFO o.a.j.t.JMeterThread: Thread started: Expected admin load 1-8
2026-08-17 09:47:12,648 INFO o.a.j.t.JMeterThread: Thread started: Expected admin load 1-9
2026-08-17 09:47:14,146 INFO o.a.j.t.JMeterThread: Thread started: Expected admin load 1-10
2026-08-17 09:47:15,647 INFO o.a.j.t.JMeterThread: Thread started: Expected admin load 1-11
2026-08-17 09:47:17,147 INFO o.a.j.t.JMeterThread: Thread started: Expected admin load 1-12
2026-08-17 09:47:18,644 INFO o.a.j.t.JMeterThread: Thread started: Expected admin load 1-13
2026-08-17 09:47:20,143 INFO o.a.j.t.JMeterThread: Thread started: Expected admin load 1-14
2026-08-17 09:47:21,645 INFO o.a.j.t.JMeterThread: Thread started: Expected admin load 1-15
2026-08-17 09:47:23,151 INFO o.a.j.t.JMeterThread: Thread started: Expected admin load 1-16
2026-08-17 09:47:24,650 INFO o.a.j.t.JMeterThread: Thread started: Expected admin load 1-17
2026-08-17 09:47:26,142 INFO o.a.j.t.JMeterThread: Thread started: Expected admin load 1-18
2026-08-17 09:47:27,642 INFO o.a.j.t.JMeterThread: Thread started: Expected admin load 1-19
2026-08-17 09:47:29,142 INFO o.a.j.t.JMeterThread: Thread started: Expected admin load 1-20
2026-08-17 09:47:30,020 INFO o.a.j.r.Summariser: summary +    520 in 00:00:29 =   18.1/s Avg:    61 Min:     1 Max:   284 Err:     0 (0.00%) Active: 20 Started: 20 Finished: 0
2026-08-17 09:47:30,025 INFO o.a.j.r.Summariser: summary =    521 in 00:00:29 =   17.7/s Avg:    61 Min:     1 Max:   284 Err:     0 (0.00%)
2026-08-17 09:48:00,063 INFO o.a.j.r.Summariser: summary +   1008 in 00:00:30 =   33.6/s Avg:    91 Min:     1 Max:   337 Err:     0 (0.00%) Active: 20 Started: 20 Finished: 0
2026-08-17 09:48:00,064 INFO o.a.j.r.Summariser: summary =   1529 in 00:00:59 =   25.7/s Avg:    81 Min:     1 Max:   337 Err:     0 (0.00%)
2026-08-17 09:48:30,060 INFO o.a.j.r.Summariser: summary +   1007 in 00:00:30 =   33.6/s Avg:    83 Min:     1 Max:   331 Err:     0 (0.00%) Active: 20 Started: 20 Finished: 0
2026-08-17 09:48:30,061 INFO o.a.j.r.Summariser: summary =   2536 in 00:01:29 =   28.4/s Avg:    82 Min:     1 Max:   337 Err:     0 (0.00%)
2026-08-17 09:49:00,057 INFO o.a.j.r.Summariser: summary +   1000 in 00:00:30 =   33.3/s Avg:    94 Min:     1 Max:   485 Err:     0 (0.00%) Active: 20 Started: 20 Finished: 0
2026-08-17 09:49:00,057 INFO o.a.j.r.Summariser: summary =   3536 in 00:01:59 =   29.6/s Avg:    85 Min:     1 Max:   485 Err:     0 (0.00%)
2026-08-17 09:49:30,008 INFO o.a.j.r.Summariser: summary +    991 in 00:00:30 =   33.1/s Avg:    99 Min:     1 Max:   419 Err:     0 (0.00%) Active: 20 Started: 20 Finished: 0
2026-08-17 09:49:30,009 INFO o.a.j.r.Summariser: summary =   4527 in 00:02:29 =   30.3/s Avg:    88 Min:     1 Max:   485 Err:     0 (0.00%)
2026-08-17 09:49:59,638 INFO o.a.j.t.JMeterThread: Thread finished: Expected admin load 1-8
2026-08-17 09:49:59,884 INFO o.a.j.t.JMeterThread: Thread finished: Expected admin load 1-14
2026-08-17 09:50:00,017 INFO o.a.j.r.Summariser: summary +    979 in 00:00:30 =   32.6/s Avg:   107 Min:     1 Max:   664 Err:     0 (0.00%) Active: 18 Started: 20 Finished: 2
2026-08-17 09:50:00,017 INFO o.a.j.r.Summariser: summary =   5506 in 00:02:59 =   30.7/s Avg:    91 Min:     1 Max:   664 Err:     0 (0.00%)
2026-08-17 09:50:00,017 INFO o.a.j.t.JMeterThread: Thread finished: Expected admin load 1-10
2026-08-17 09:50:00,034 INFO o.a.j.t.JMeterThread: Thread finished: Expected admin load 1-6
2026-08-17 09:50:00,046 INFO o.a.j.t.JMeterThread: Thread finished: Expected admin load 1-3
2026-08-17 09:50:00,145 INFO o.a.j.t.JMeterThread: Thread finished: Expected admin load 1-2
2026-08-17 09:50:00,156 INFO o.a.j.t.JMeterThread: Thread finished: Expected admin load 1-18
2026-08-17 09:50:00,254 INFO o.a.j.t.JMeterThread: Thread finished: Expected admin load 1-16
2026-08-17 09:50:00,254 INFO o.a.j.t.JMeterThread: Thread finished: Expected admin load 1-7
2026-08-17 09:50:00,287 INFO o.a.j.t.JMeterThread: Thread finished: Expected admin load 1-11
2026-08-17 09:50:00,287 INFO o.a.j.t.JMeterThread: Thread finished: Expected admin load 1-9
2026-08-17 09:50:00,298 INFO o.a.j.t.JMeterThread: Thread finished: Expected admin load 1-4
2026-08-17 09:50:00,323 INFO o.a.j.t.JMeterThread: Thread finished: Expected admin load 1-19
2026-08-17 09:50:00,421 INFO o.a.j.t.JMeterThread: Thread finished: Expected admin load 1-17
2026-08-17 09:50:00,540 INFO o.a.j.t.JMeterThread: Thread finished: Expected admin load 1-5
2026-08-17 09:50:00,563 INFO o.a.j.t.JMeterThread: Thread finished: Expected admin load 1-15
2026-08-17 09:50:00,654 INFO o.a.j.t.JMeterThread: Stopping because end time detected by thread: Expected admin load 1-13
2026-08-17 09:50:00,654 INFO o.a.j.t.JMeterThread: Thread finished: Expected admin load 1-13
2026-08-17 09:50:00,677 INFO o.a.j.t.JMeterThread: Stopping because end time detected by thread: Expected admin load 1-20
2026-08-17 09:50:00,677 INFO o.a.j.t.JMeterThread: Thread finished: Expected admin load 1-20
2026-08-17 09:50:00,692 INFO o.a.j.t.JMeterThread: Stopping because end time detected by thread: Expected admin load 1-1
2026-08-17 09:50:00,693 INFO o.a.j.t.JMeterThread: Thread finished: Expected admin load 1-1
2026-08-17 09:50:00,754 INFO o.a.j.t.JMeterThread: Stopping because end time detected by thread: Expected admin load 1-12
2026-08-17 09:50:00,754 INFO o.a.j.t.JMeterThread: Thread finished: Expected admin load 1-12
2026-08-17 09:50:00,754 INFO o.a.j.e.StandardJMeterEngine: Notifying test listeners of end of test
2026-08-17 09:50:00,754 INFO o.a.j.s.FileServer: Close: ../data/admin-orders.csv
2026-08-17 09:50:00,765 INFO o.a.j.r.Summariser: summary +     27 in 00:00:01 =   36.0/s Avg:    54 Min:     1 Max:   136 Err:     0 (0.00%) Active: 0 Started: 20 Finished: 20
2026-08-17 09:50:00,765 INFO o.a.j.r.Summariser: summary =   5533 in 00:03:00 =   30.7/s Avg:    91 Min:     1 Max:   664 Err:     0 (0.00%)
2026-08-17 09:50:00,765 INFO o.a.j.JMeter: Generating Dashboard
2026-08-17 09:50:00,765 INFO o.a.j.r.d.ReportGenerator: Flushing result collector before report Generation
2026-08-17 09:50:00,798 INFO o.a.j.r.p.NormalizerSampleConsumer: Using format, 'ms', to parse timeStamp field
2026-08-17 09:50:01,598 INFO o.a.j.r.p.AbstractSampleConsumer: class org.apache.jmeter.report.processor.AggregateConsumer#stopProducing(): beginDate produced 0 samples
2026-08-17 09:50:01,598 INFO o.a.j.r.p.AbstractSampleConsumer: class org.apache.jmeter.report.processor.AggregateConsumer#stopProducing(): endDate produced 0 samples
2026-08-17 09:50:01,610 INFO o.a.j.r.p.AbstractSampleConsumer: class org.apache.jmeter.report.processor.ApdexSummaryConsumer#stopProducing(): apdexSummary produced 0 samples
2026-08-17 09:50:01,610 INFO o.a.j.r.p.AbstractSampleConsumer: class org.apache.jmeter.report.processor.RequestsSummaryConsumer#stopProducing(): requestsSummary produced 0 samples
2026-08-17 09:50:01,632 INFO o.a.j.r.p.AbstractSampleConsumer: class org.apache.jmeter.report.processor.StatisticsSummaryConsumer#stopProducing(): statisticsSummary produced 0 samples
2026-08-17 09:50:01,632 INFO o.a.j.r.p.AbstractSampleConsumer: class org.apache.jmeter.report.processor.Top5ErrorsBySamplerConsumer#stopProducing(): top5ErrorsBySampler produced 0 samples
2026-08-17 09:50:01,632 INFO o.a.j.r.p.AbstractSampleConsumer: class org.apache.jmeter.report.processor.ErrorsSummaryConsumer#stopProducing(): errorsSummary produced 0 samples
2026-08-17 09:50:01,632 INFO o.a.j.r.p.AbstractSampleConsumer: class org.apache.jmeter.report.processor.graph.impl.HitsPerSecondGraphConsumer#stopProducing(): hitsPerSecond produced 0 samples
2026-08-17 09:50:01,827 INFO o.a.j.r.p.AbstractSampleConsumer: class org.apache.jmeter.report.processor.graph.impl.LatencyVSRequestGraphConsumer#stopProducing(): latencyVsRequest produced 0 samples
2026-08-17 09:50:01,830 INFO o.a.j.r.p.AbstractSampleConsumer: class org.apache.jmeter.report.processor.graph.impl.SyntheticResponseTimeDistributionGraphConsumer#stopProducing(): syntheticResponseTimeDistribution produced 0 samples
2026-08-17 09:50:01,832 INFO o.a.j.r.p.AbstractSampleConsumer: class org.apache.jmeter.report.processor.graph.impl.BytesThroughputGraphConsumer#stopProducing(): bytesThroughputOverTime produced 0 samples
2026-08-17 09:50:01,832 INFO o.a.j.r.p.AbstractSampleConsumer: class org.apache.jmeter.report.processor.graph.impl.CodesPerSecondGraphConsumer#stopProducing(): codesPerSecond produced 0 samples
2026-08-17 09:50:02,001 INFO o.a.j.r.p.AbstractSampleConsumer: class org.apache.jmeter.report.processor.graph.impl.ResponseTimeVSRequestGraphConsumer#stopProducing(): responseTimeVsRequest produced 0 samples
2026-08-17 09:50:02,004 INFO o.a.j.r.p.AbstractSampleConsumer: class org.apache.jmeter.report.processor.FilterConsumer#stopProducing(): startIntervalControlerFilter produced 38731 samples
2026-08-17 09:50:02,004 INFO o.a.j.r.p.AbstractSampleConsumer: class org.apache.jmeter.report.processor.graph.impl.TotalTPSGraphConsumer#stopProducing(): totalTPS produced 0 samples
2026-08-17 09:50:02,004 INFO o.a.j.r.p.AbstractSampleConsumer: class org.apache.jmeter.report.processor.graph.impl.ActiveThreadsGraphConsumer#stopProducing(): activeThreadsOverTime produced 0 samples
2026-08-17 09:50:02,004 INFO o.a.j.r.p.AbstractSampleConsumer: class org.apache.jmeter.report.processor.graph.impl.TimeVSThreadGraphConsumer#stopProducing(): timeVsThreads produced 0 samples
2026-08-17 09:50:02,005 INFO o.a.j.r.p.AbstractSampleConsumer: class org.apache.jmeter.report.processor.graph.impl.ResponseTimeDistributionGraphConsumer#stopProducing(): responseTimeDistribution produced 0 samples
2026-08-17 09:50:02,005 INFO o.a.j.r.p.AbstractSampleConsumer: class org.apache.jmeter.report.processor.graph.impl.TransactionsPerSecondGraphConsumer#stopProducing(): transactionsPerSecond produced 0 samples
2026-08-17 09:50:02,005 INFO o.a.j.r.p.AbstractSampleConsumer: class org.apache.jmeter.report.processor.graph.impl.ResponseTimePercentilesGraphConsumer#stopProducing(): responseTimePercentiles produced 0 samples
2026-08-17 09:50:02,015 INFO o.a.j.r.p.AbstractSampleConsumer: class org.apache.jmeter.report.processor.graph.impl.ResponseTimePercentilesOverTimeGraphConsumer#stopProducing(): responseTimePercentilesOverTime produced 0 samples
2026-08-17 09:50:02,016 INFO o.a.j.r.p.AbstractSampleConsumer: class org.apache.jmeter.report.processor.graph.impl.ResponseTimeOverTimeGraphConsumer#stopProducing(): responseTimesOverTime produced 0 samples
2026-08-17 09:50:02,016 INFO o.a.j.r.p.AbstractSampleConsumer: class org.apache.jmeter.report.processor.graph.impl.ConnectTimeOverTimeGraphConsumer#stopProducing(): connectTimeOverTime produced 0 samples
2026-08-17 09:50:02,016 INFO o.a.j.r.p.AbstractSampleConsumer: class org.apache.jmeter.report.processor.graph.impl.LatencyOverTimeGraphConsumer#stopProducing(): latenciesOverTime produced 0 samples
2026-08-17 09:50:02,017 INFO o.a.j.r.p.AbstractSampleConsumer: class org.apache.jmeter.report.processor.FilterConsumer#stopProducing(): nameFilter produced 82995 samples
2026-08-17 09:50:02,017 INFO o.a.j.r.p.AbstractSampleConsumer: class org.apache.jmeter.report.processor.FilterConsumer#stopProducing(): dateRangeFilter produced 16599 samples
2026-08-17 09:50:02,017 INFO o.a.j.r.p.AbstractSampleConsumer: class org.apache.jmeter.report.processor.NormalizerSampleConsumer#stopProducing(): normalizer produced 5533 samples
2026-08-17 09:50:02,018 INFO o.a.j.r.p.CsvFileSampleSource: produce(): 5533 samples produced in 1s 152 ms on channel 0
2026-08-17 09:50:02,019 INFO o.a.j.r.d.ReportGenerator: Exporting data using exporter:'json' of className:'org.apache.jmeter.report.dashboard.JsonExporter'
2026-08-17 09:50:02,279 INFO o.a.j.r.d.JsonExporter: Found data for consumer statisticsSummary in context
2026-08-17 09:50:02,280 INFO o.a.j.r.d.JsonExporter: Creating statistics for overall
2026-08-17 09:50:02,280 INFO o.a.j.r.d.JsonExporter: Creating statistics for other transactions
2026-08-17 09:50:02,282 INFO o.a.j.r.d.JsonExporter: Checking output folder
2026-08-17 09:50:02,283 INFO o.a.j.r.d.JsonExporter: Writing statistics JSON to D:\CODE\23127272_CS13003_HW\HW05-AI\performance\results\23127272_Load_20260817\23127272_Load_20260817-report\statistics.json
2026-08-17 09:50:02,382 INFO o.a.j.r.d.ReportGenerator: Exporting data using exporter:'html' of className:'org.apache.jmeter.report.dashboard.HtmlTemplateExporter'
2026-08-17 09:50:02,389 INFO o.a.j.r.d.HtmlTemplateExporter: Will generate dashboard in folder: D:\CODE\23127272_CS13003_HW\HW05-AI\performance\results\23127272_Load_20260817\23127272_Load_20260817-report
2026-08-17 09:50:02,666 INFO o.a.j.r.d.HtmlTemplateExporter: Report will be generated in: D:\CODE\23127272_CS13003_HW\HW05-AI\performance\results\23127272_Load_20260817\23127272_Load_20260817-report, creating folder structure
2026-08-17 09:50:02,670 INFO o.a.j.r.d.TemplateVisitor: Copying folder from 'D:\CODE\tools\apache-jmeter-5.6.3\bin\report-template' to 'D:\CODE\23127272_CS13003_HW\HW05-AI\performance\results\23127272_Load_20260817\23127272_Load_20260817-report', got message: D:\CODE\23127272_CS13003_HW\HW05-AI\performance\results\23127272_Load_20260817\23127272_Load_20260817-report, found non empty folder with following content [D:\CODE\23127272_CS13003_HW\HW05-AI\performance\results\23127272_Load_20260817\23127272_Load_20260817-report\statistics.json], will be ignored
2026-08-17 09:50:03,656 INFO o.a.j.JMeter: Dashboard generated
